Component: Arm Compiler for Embedded 6.22 Tool: armlink [5ee90200]

==============================================================================

Section Cross References

    startup_lpc17xx.o(STACK) refers (Special) to heapauxi.o(.text) for __use_two_region_memory
    startup_lpc17xx.o(HEAP) refers (Special) to heapauxi.o(.text) for __use_two_region_memory
    startup_lpc17xx.o(RESET) refers (Special) to heapauxi.o(.text) for __use_two_region_memory
    startup_lpc17xx.o(RESET) refers to startup_lpc17xx.o(STACK) for __initial_sp
    startup_lpc17xx.o(RESET) refers to startup_lpc17xx.o(.text) for Reset_Handler
    startup_lpc17xx.o(RESET) refers to irq_timer.o(.text) for TIMER0_IRQHandler
    startup_lpc17xx.o(RESET) refers to irq_button.o(.text) for EINT0_IRQHandler
    startup_lpc17xx.o(RESET) refers to irq_can.o(.text) for CAN_IRQHandler
    startup_lpc17xx.o(RESET) refers to irq_rit.o(.text) for RIT_IRQHandler
    startup_lpc17xx.o(.ARM.__at_0x02FC) refers (Special) to heapauxi.o(.text) for __use_two_region_memory
    startup_lpc17xx.o(.text) refers (Special) to heapauxi.o(.text) for __use_two_region_memory
    startup_lpc17xx.o(.text) refers to __main.o(!!!main) for __main
    startup_lpc17xx.o(.text) refers to startup_lpc17xx.o(HEAP) for Heap_Mem
    startup_lpc17xx.o(.text) refers to startup_lpc17xx.o(STACK) for Stack_Mem
    sample.o(.text) refers (Special) to _printf_percent.o(.ARM.Collect$$_printf_percent$$00000000) for _printf_percent
    sample.o(.text) refers (Special) to _printf_pad.o(.text) for _printf_pre_padding
    sample.o(.text) refers (Special) to _printf_d.o(.ARM.Collect$$_printf_percent$$00000009) for _printf_d
    sample.o(.text) refers (Special) to _printf_dec.o(.text) for _printf_int_dec
    sample.o(.text) refers to sample.o(.bss.score) for score
    sample.o(.text) refers to sample.o(.rodata.str1.1) for .L.str
    sample.o(.text) refers to noretval__2sprintf.o(.text) for __2sprintf
    sample.o(.text) refers to glcd.o(.text) for GUI_Text
    sample.o(.text) refers to sample.o(.data.countdown) for countdown
    sample.o(.text) refers to sample.o(.data.lives) for lives
    sample.o(.text) refers to sys_time.o(.text) for time
    sample.o(.text) refers to rand.o(.text) for srand
    sample.o(.text) refers to sample.o(.bss.mazeGrid) for mazeGrid
    sample.o(.text) refers to sample.o(.rodata.mazeDef) for mazeDef
    sample.o(.text) refers to sample.o(.bss.pillCount) for pillCount
    sample.o(.text) refers to rand.o(.emb_text) for rand
    sample.o(.text) refers to sample.o(.bss.offsetX) for offsetX
    sample.o(.text) refers to sample.o(.bss.offsetY) for offsetY
    sample.o(.text) refers to sample.o(.bss.powerPillsSpawned) for powerPillsSpawned
    sample.o(.text) refers to sample.o(.bss.drawPacMan.frame) for drawPacMan.frame
    sample.o(.text) refers to fflt_clz.o(x$fpl$fflt) for __aeabi_i2f
    sample.o(.text) refers to fmul.o(x$fpl$fmul) for __aeabi_fmul
    sample.o(.text) refers to atan2f.o(i.atan2f) for atan2f
    sample.o(.text) refers to fdiv.o(x$fpl$fdiv) for __aeabi_fdiv
    sample.o(.text) refers to fcmp.o(x$fpl$fcmp) for __aeabi_fcmple
    sample.o(.text) refers to sample.o(.data.pacmanRow) for pacmanRow
    sample.o(.text) refers to sample.o(.bss.pacmanDirRow) for pacmanDirRow
    sample.o(.text) refers to sample.o(.data.pacmanCol) for pacmanCol
    sample.o(.text) refers to sample.o(.bss.pacmanDirCol) for pacmanDirCol
    sample.o(.text) refers to sample.o(.bss.pillsEaten) for pillsEaten
    sample.o(.text) refers to sample.o(.data.pacman_wakka) for pacman_wakka
    sample.o(.text) refers to irq_timer.o(.text) for playSoundEffect
    sample.o(.text) refers to sample.o(.data.gamePaused) for gamePaused
    sample.o(.text) refers to lib_rit.o(.text) for disable_RIT
    sample.o(.text) refers to lib_timer.o(.text) for disable_timer
    sample.o(.text) refers to ghost.o(.text) for ghostFrightenedMode
    sample.o(.text) refers to sample.o(.data.power_pill_sound) for power_pill_sound
    sample.o(.text) refers to sample.o(.bss.lastLifeMilestone) for lastLifeMilestone
    sample.o(.text) refers to system_lpc17xx.o(.text) for SystemInit
    sample.o(.text) refers to touchpanel.o(.text) for TP_Init
    sample.o(.text) refers to lib_button.o(.text) for BUTTON_init
    sample.o(.text) refers to lib_joystick.o(.text) for joystick_init
    sample.o(.text) refers to lib_can.o(.text) for CAN_Init
    sample.o(.ARM.exidx) refers (Special) to _printf_percent.o(.ARM.Collect$$_printf_percent$$00000000) for _printf_percent
    sample.o(.ARM.exidx) refers (Special) to _printf_pad.o(.text) for _printf_pre_padding
    sample.o(.ARM.exidx) refers (Special) to _printf_d.o(.ARM.Collect$$_printf_percent$$00000009) for _printf_d
    sample.o(.ARM.exidx) refers (Special) to _printf_dec.o(.text) for _printf_int_dec
    sample.o(.ARM.exidx) refers to sample.o(.text) for [Anonymous Symbol]
[...]
    ../clib/printf.c                         0x00000000   Number         0  __printf_ss_wp.o ABSOLUTE
    ../clib/printf.c                         0x00000000   Number         0  __printf_flags_ss_wp.o ABSOLUTE
    ../clib/printf.c                         0x00000000   Number         0  _printf_intcommon.o ABSOLUTE
    ../clib/printf.c                         0x00000000   Number         0  _printf_char_common.o ABSOLUTE
    ../clib/printf.c                         0x00000000   Number         0  _sputc.o ABSOLUTE
    ../clib/printf.c                         0x00000000   Number         0  __printf_nopercent.o ABSOLUTE
    ../clib/printf_percent.s                 0x00000000   Number         0  _printf_d.o ABSOLUTE
    ../clib/printf_percent.s                 0x00000000   Number         0  _printf_percent.o ABSOLUTE
    ../clib/printf_percent.s                 0x00000000   Number         0  _printf_percent_end.o ABSOLUTE
    ../clib/signal.c                         0x00000000   Number         0  defsig_rtmem_outer.o ABSOLUTE
    ../clib/signal.c                         0x00000000   Number         0  defsig_rtmem_formal.o ABSOLUTE
    ../clib/signal.c                         0x00000000   Number         0  defsig_exit.o ABSOLUTE
    ../clib/signal.c                         0x00000000   Number         0  defsig_rtmem_inner.o ABSOLUTE
    ../clib/signal.c                         0x00000000   Number         0  __raise.o ABSOLUTE
    ../clib/signal.c                         0x00000000   Number         0  defsig_general.o ABSOLUTE
    ../clib/signal.c                         0x00000000   Number         0  defsig_abrt_inner.o ABSOLUTE
    ../clib/signal.c                         0x00000000   Number         0  defsig_fpe_inner.o ABSOLUTE
    ../clib/signal.c                         0x00000000   Number         0  defsig_rtred_inner.o ABSOLUTE
    ../clib/signal.c                         0x00000000   Number         0  defsig_stak_inner.o ABSOLUTE
    ../clib/signal.c                         0x00000000   Number         0  defsig_pvfn_inner.o ABSOLUTE
    ../clib/signal.c                         0x00000000   Number         0  defsig_cppl_inner.o ABSOLUTE
    ../clib/signal.c                         0x00000000   Number         0  defsig_segv_inner.o ABSOLUTE
    ../clib/signal.c                         0x00000000   Number         0  defsig_other.o ABSOLUTE
    ../clib/signal.s                         0x00000000   Number         0  defsig.o ABSOLUTE
    ../clib/stdlib.c                         0x00000000   Number         0  rand.o ABSOLUTE
    ../clib/stdlib.c                         0x00000000   Number         0  rand.o ABSOLUTE
    ../clib/stdlib.c                         0x00000000   Number         0  exit.o ABSOLUTE
    ../fplib/daddsub.s                       0x00000000   Number         0  daddsub_clz.o ABSOLUTE
    ../fplib/dcmp.s                          0x00000000   Number         0  dcmp.o ABSOLUTE
    ../fplib/dcmpi.s                         0x00000000   Number         0  dcmpi.o ABSOLUTE
    ../fplib/ddiv.s                          0x00000000   Number         0  ddiv.o ABSOLUTE
    ../fplib/deqf.s                          0x00000000   Number         0  deqf.o ABSOLUTE
    ../fplib/dfix.s                          0x00000000   Number         0  dfix.o ABSOLUTE
    ../fplib/dflt.s                          0x00000000   Number         0  dflt_clz.o ABSOLUTE
    ../fplib/dgeqf.s                         0x00000000   Number         0  dgeqf.o ABSOLUTE
    ../fplib/dleqf.s                         0x00000000   Number         0  dleqf.o ABSOLUTE
    ../fplib/dmul.s                          0x00000000   Number         0  dmul.o ABSOLUTE
    ../fplib/dnaninf.s                       0x00000000   Number         0  dnaninf.o ABSOLUTE
    ../fplib/dretinf.s                       0x00000000   Number         0  dretinf.o ABSOLUTE
    ../fplib/faddsub.s                       0x00000000   Number         0  faddsub_clz.o ABSOLUTE
    ../fplib/fcheck1.s                       0x00000000   Number         0  fcheck1.o ABSOLUTE
    ../fplib/fcmp.s                          0x00000000   Number         0  fcmp.o ABSOLUTE
    ../fplib/fcmpi.s                         0x00000000   Number         0  fcmpi.o ABSOLUTE
    ../fplib/fdiv.s                          0x00000000   Number         0  fdiv.o ABSOLUTE
    ../fplib/feqf.s                          0x00000000   Number         0  feqf.o ABSOLUTE
    ../fplib/fflt.s                          0x00000000   Number         0  fflt_clz.o ABSOLUTE
    ../fplib/fgeqf.s                         0x00000000   Number         0  fgeqf.o ABSOLUTE
    ../fplib/fleqf.s                         0x00000000   Number         0  fleqf.o ABSOLUTE
    ../fplib/fmul.s                          0x00000000   Number         0  fmul.o ABSOLUTE
    ../fplib/fnaninf.s                       0x00000000   Number         0  fnaninf.o ABSOLUTE
    ../fplib/fpinit.s                        0x00000000   Number         0  fpinit.o ABSOLUTE
    ../fplib/fpinit_empty.s                  0x00000000   Number         0  fpinit_empty.o ABSOLUTE
    ../fplib/fretinf.s                       0x00000000   Number         0  fretinf.o ABSOLUTE
    ../fplib/retnan.s                        0x00000000   Number         0  retnan.o ABSOLUTE
    ../fplib/scalbnf.s                       0x00000000   Number         0  scalbnf.o ABSOLUTE
    ../fplib/trapv.s                         0x00000000   Number         0  trapv.o ABSOLUTE
    ../fplib/usenofp.s                       0x00000000   Number         0  usenofp.o ABSOLUTE
    ../mathlib/atan2f.c                      0x00000000   Number         0  atan2f.o ABSOLUTE
    ../mathlib/fpclassifyf.c                 0x00000000   Number         0  fpclassifyf.o ABSOLUTE
    ../mathlib/funder.c                      0x00000000   Number         0  funder.o ABSOLUTE
    AsciiLib.c                               0x00000000   Number         0  asciilib.o ABSOLUTE
    GLCD.c                                   0x00000000   Number         0  glcd.o ABSOLUTE
    HzLib.c                                  0x00000000   Number         0  hzlib.o ABSOLUTE
    IRQ_CAN.c                                0x00000000   Number         0  irq_can.o ABSOLUTE
    IRQ_RIT.c                                0x00000000   Number         0  irq_rit.o ABSOLUTE
    IRQ_button.c                             0x00000000   Number         0  irq_button.o ABSOLUTE
    IRQ_timer.c                              0x00000000   Number         0  irq_timer.o ABSOLUTE
    Source\startup_LPC17xx.s                 0x00000000   Number         0  startup_lpc17xx.o ABSOLUTE
    TouchPanel.c                             0x00000000   Number         0  touchpanel.o ABSOLUTE
    dc.s                                     0x00000000   Number         0  dc.o ABSOLUTE
    funct_joystick.c                         0x00000000   Number         0  funct_joystick.o ABSOLUTE
    funct_led.c                              0x00000000   Number         0  funct_led.o ABSOLUTE
    ghost.c                                  0x00000000   Number         0  ghost.o ABSOLUTE
    lib_CAN.c                                0x00000000   Number         0  lib_can.o ABSOLUTE
    lib_RIT.c                                0x00000000   Number         0  lib_rit.o ABSOLUTE
    lib_button.c                             0x00000000   Number         0  lib_button.o ABSOLUTE
    lib_joystick.c                           0x00000000   Number         0  lib_joystick.o ABSOLUTE
    lib_led.c                                0x00000000   Number         0  lib_led.o ABSOLUTE
    lib_timer.c                              0x00000000   Number         0  lib_timer.o ABSOLUTE
    music.c                                  0x00000000   Number         0  music.o ABSOLUTE
    sample.c                                 0x00000000   Number         0  sample.o ABSOLUTE
    system_LPC17xx.c                         0x00000000   Number         0  system_lpc17xx.o ABSOLUTE
    RESET                                    0x00000000   Section      204  startup_lpc17xx.o(RESET)
    !!!main                                  0x000000cc   Section        8  __main.o(!!!main)
    !!!scatter                               0x000000d4   Section       92  __scatter.o(!!!scatter)
    !!dczerorl2                              0x00000130   Section       90  __dczerorl2.o(!!dczerorl2)
    !!handler_copy                           0x0000018c   Section       26  __scatter_copy.o(!!handler_copy)
    !!handler_null                           0x000001a8   Section        2  __scatter.o(!!handler_null)
    !!handler_zi                             0x000001ac   Section       28  __scatter_zi.o(!!handler_zi)
    .ARM.Collect$$_printf_percent$$00000000  0x000001c8   Section        0  _printf_percent.o(.ARM.Collect$$_printf_percent$$00000000)
    .ARM.Collect$$_printf_percent$$00000009  0x000001c8   Section        6  _printf_d.o(.ARM.Collect$$_printf_percent$$00000009)
    .ARM.Collect$$_printf_percent$$00000017  0x000001ce   Section        4  _printf_percent_end.o(.ARM.Collect$$_printf_percent$$00000017)
    .ARM.Collect$$libinit$$00000000          0x000001d2   Section        2  libinit.o(.ARM.Collect$$libinit$$00000000)
    .ARM.Collect$$libinit$$00000002          0x000001d4   Section        0  libinit2.o(.ARM.Collect$$libinit$$00000002)
    .ARM.Collect$$libinit$$00000004          0x000001d4   Section        0  libinit2.o(.ARM.Collect$$libinit$$00000004)
    .ARM.Collect$$libinit$$00000006          0x000001d4   Section        0  libinit2.o(.ARM.Collect$$libinit$$00000006)
    .ARM.Collect$$libinit$$0000000C          0x000001d4   Section        0  libinit2.o(.ARM.Collect$$libinit$$0000000C)
    .ARM.Collect$$libinit$$0000000E          0x000001d4   Section        0  libinit2.o(.ARM.Collect$$libinit$$0000000E)
    .ARM.Collect$$libinit$$0000000F          0x000001d4   Section        4  libinit2.o(.ARM.Collect$$libinit$$0000000F)
    .ARM.Collect$$libinit$$00000010          0x000001d8   Section        0  libinit2.o(.ARM.Collect$$libinit$$00000010)
    .ARM.Collect$$libinit$$00000013          0x000001d8   Section        0  libinit2.o(.ARM.Collect$$libinit$$00000013)
    .ARM.Collect$$libinit$$00000015          0x000001d8   Section        0  libinit2.o(.ARM.Collect$$libinit$$00000015)
    .ARM.Collect$$libinit$$00000017          0x000001d8   Section        0  libinit2.o(.ARM.Collect$$libinit$$00000017)
    .ARM.Collect$$libinit$$00000019          0x000001d8   Section        0  libinit2.o(.ARM.Collect$$libinit$$00000019)
    .ARM.Collect$$libinit$$0000001B          0x000001d8   Section        0  libinit2.o(.ARM.Collect$$libinit$$0000001B)
    .ARM.Collect$$libinit$$0000001D          0x000001d8   Section        0  libinit2.o(.ARM.Collect$$libinit$$0000001D)
    .ARM.Collect$$libinit$$0000001F          0x000001d8   Section        0  libinit2.o(.ARM.Collect$$libinit$$0000001F)
    .ARM.Collect$$libinit$$00000021          0x000001d8   Section        0  libinit2.o(.ARM.Collect$$libinit$$00000021)
    .ARM.Collect$$libinit$$00000023          0x000001d8   Section        0  libinit2.o(.ARM.Collect$$libinit$$00000023)
    .ARM.Collect$$libinit$$00000025          0x000001d8   Section        0  libinit2.o(.ARM.Collect$$libinit$$00000025)
    .ARM.Collect$$libinit$$00000027          0x000001d8   Section        0  libinit2.o(.ARM.Collect$$libinit$$00000027)
    .ARM.Collect$$libinit$$0000002E          0x000001d8   Section        0  libinit2.o(.ARM.Collect$$libinit$$0000002E)
    .ARM.Collect$$libinit$$00000030          0x000001d8   Section        0  libinit2.o(.ARM.Collect$$libinit$$00000030)
    .ARM.Collect$$libinit$$00000032          0x000001d8   Section        0  libinit2.o(.ARM.Collect$$libinit$$00000032)
    .ARM.Collect$$libinit$$00000034          0x000001d8   Section        0  libinit2.o(.ARM.Collect$$libinit$$00000034)
    .ARM.Collect$$libinit$$00000035          0x000001d8   Section        2  libinit2.o(.ARM.Collect$$libinit$$00000035)
    .ARM.Collect$$libshutdown$$00000000      0x000001da   Section        2  libshutdown.o(.ARM.Collect$$libshutdown$$00000000)
    .ARM.Collect$$libshutdown$$00000002      0x000001dc   Section        0  libshutdown2.o(.ARM.Collect$$libshutdown$$00000002)
    .ARM.Collect$$libshutdown$$00000004      0x000001dc   Section        0  libshutdown2.o(.ARM.Collect$$libshutdown$$00000004)
    .ARM.Collect$$libshutdown$$00000007      0x000001dc   Section        0  libshutdown2.o(.ARM.Collect$$libshutdown$$00000007)
    .ARM.Collect$$libshutdown$$0000000A      0x000001dc   Section        0  libshutdown2.o(.ARM.Collect$$libshutdown$$0000000A)
    .ARM.Collect$$libshutdown$$0000000C      0x000001dc   Section        0  libshutdown2.o(.ARM.Collect$$libshutdown$$0000000C)
    .ARM.Collect$$libshutdown$$0000000F      0x000001dc   Section        0  libshutdown2.o(.ARM.Collect$$libshutdown$$0000000F)
    .ARM.Collect$$libshutdown$$00000010      0x000001dc   Section        2  libshutdown2.o(.ARM.Collect$$libshutdown$$00000010)
    .ARM.Collect$$rtentry$$00000000          0x000001de   Section        0  __rtentry.o(.ARM.Collect$$rtentry$$00000000)
    .ARM.Collect$$rtentry$$00000002          0x000001de   Section        0  __rtentry2.o(.ARM.Collect$$rtentry$$00000002)
    .ARM.Collect$$rtentry$$00000004          0x000001de   Section        6  __rtentry4.o(.ARM.Collect$$rtentry$$00000004)
    .ARM.Collect$$rtentry$$00000009          0x000001e4   Section        0  __rtentry2.o(.ARM.Collect$$rtentry$$00000009)
    .ARM.Collect$$rtentry$$0000000A          0x000001e4   Section        4  __rtentry2.o(.ARM.Collect$$rtentry$$0000000A)
    .ARM.Collect$$rtentry$$0000000C          0x000001e8   Section        0  __rtentry2.o(.ARM.Collect$$rtentry$$0000000C)
    .ARM.Collect$$rtentry$$0000000D          0x000001e8   Section        8  __rtentry2.o(.ARM.Collect$$rtentry$$0000000D)
    .ARM.Collect$$rtexit$$00000000           0x000001f0   Section        2  rtexit.o(.ARM.Collect$$rtexit$$00000000)
    .ARM.Collect$$rtexit$$00000002           0x000001f2   Section        0  rtexit2.o(.ARM.Collect$$rtexit$$00000002)
    .ARM.Collect$$rtexit$$00000003           0x000001f2   Section        4  rtexit2.o(.ARM.Collect$$rtexit$$00000003)
    .ARM.Collect$$rtexit$$00000004           0x000001f6   Section        6  rtexit2.o(.ARM.Collect$$rtexit$$00000004)
    .emb_text                                0x000001fc   Section       52  rand.o(.emb_text)
    .text                                    0x00000230   Section       52  startup_lpc17xx.o(.text)
    [Anonymous Symbol]                       0x00000264   Section        0  asciilib.o(.text)
    [Anonymous Symbol]                       0x00000290   Section        0  lib_joystick.o(.text)
    .text                                    0x000002e2   Section        0  sys_time.o(.text)
    .text                                    0x000002f4   Section        0  heapauxi.o(.text)
    .text                                    0x000002fa   Section        2  use_no_semi.o(.text)
    .ARM.__at_0x02FC                         0x000002fc   Section        4  startup_lpc17xx.o(.ARM.__at_0x02FC)
    [Anonymous Symbol]                       0x00000300   Section        0  sample.o(.text)
    [Anonymous Symbol]                       0x000013ac   Section        0  system_lpc17xx.o(.text)
    [Anonymous Symbol]                       0x0000153c   Section        0  irq_timer.o(.text)
    [Anonymous Symbol]                       0x00001750   Section        0  lib_timer.o(.text)
    [Anonymous Symbol]                       0x00001898   Section        0  glcd.o(.text)
    LCD_Configuration                        0x000047a5   Thumb Code    32  glcd.o(.text)
    delay_ms                                 0x000047c5   Thumb Code    82  glcd.o(.text)
    LCD_SetCursor                            0x00005005   Thumb Code  1932  glcd.o(.text)
    LCD_BGR2RGB                              0x00005cbd   Thumb Code    72  glcd.o(.text)
    wait_delay                               0x000061d5   Thumb Code    22  glcd.o(.text)
    [Anonymous Symbol]                       0x000061ec   Section        0  touchpanel.o(.text)
    ADS7843_SPI_Init                         0x00006251   Thumb Code   148  touchpanel.o(.text)
    DelayUS                                  0x00006325   Thumb Code    58  touchpanel.o(.text)
    WR_CMD                                   0x00006361   Thumb Code    98  touchpanel.o(.text)
    RD_AD                                    0x000063c5   Thumb Code    86  touchpanel.o(.text)
    [Anonymous Symbol]                       0x00006fc8   Section        0  irq_rit.o(.text)
    [Anonymous Symbol]                       0x00007254   Section        0  lib_rit.o(.text)
    [Anonymous Symbol]                       0x000072d4   Section        0  irq_button.o(.text)
    [Anonymous Symbol]                       0x00007364   Section        0  lib_button.o(.text)
    [Anonymous Symbol]                       0x000073e0   Section        0  ghost.o(.text)
    [Anonymous Symbol]                       0x00007b4c   Section        0  music.o(.text)
    [Anonymous Symbol]                       0x00007ba4   Section        0  irq_can.o(.text)
    [Anonymous Symbol]                       0x00007c58   Section        0  lib_can.o(.text)
    .text                                    0x0000833c   Section        0  noretval__2sprintf.o(.text)
    .text                                    0x00008364   Section        0  _printf_pad.o(.text)
    .text                                    0x000083b4   Section        0  _printf_dec.o(.text)
    .text                                    0x0000842c   Section        0  __printf_wp.o(.text)
    .text                                    0x0000853c   Section        0  rand.o(.text)
    .text                                    0x00008578   Section       78  rt_memclr_w.o(.text)
    .text                                    0x000085c6   Section        0  indicate_semi.o(.text)
    .text                                    0x000085c6   Section        0  _rserrno.o(.text)
    .text                                    0x000085dc   Section        0  _printf_intcommon.o(.text)
    _printf_input_char                       0x00008691   Thumb Code    10  _printf_char_common.o(.text)
    .text                                    0x00008690   Section        0  _printf_char_common.o(.text)
    .text                                    0x000086c0   Section        0  _sputc.o(.text)
    .text                                    0x000086cc   Section        8  rt_errno_addr_intlibspace.o(.text)
    .text                                    0x000086d4   Section        8  libspace.o(.text)
    .text                                    0x000086dc   Section       74  sys_stackheap_outer.o(.text)
    .text                                    0x00008726   Section        0  exit.o(.text)
    .text                                    0x00008738   Section        0  sys_exit.o(.text)
    i.__ARM_fpclassifyf                      0x00008744   Section        0  fpclassifyf.o(i.__ARM_fpclassifyf)
    i.__mathlib_flt_infnan2                  0x0000876a   Section        0  funder.o(i.__mathlib_flt_infnan2)
    i.__mathlib_flt_underflow                0x0000876e   Section        0  funder.o(i.__mathlib_flt_underflow)
    i._is_digit                              0x00008778   Section        0  __printf_wp.o(i._is_digit)
    i.atan2f                                 0x00008788   Section        0  atan2f.o(i.atan2f)
    x$fpl$dadd                               0x00008a2c   Section      336  daddsub_clz.o(x$fpl$dadd)
    _dadd1                                   0x00008a3d   Thumb Code     0  daddsub_clz.o(x$fpl$dadd)
    x$fpl$dcmpinf                            0x00008b7c   Section       24  dcmpi.o(x$fpl$dcmpinf)
    x$fpl$ddiv                               0x00008b94   Section      696  ddiv.o(x$fpl$ddiv)
    ddiv_entry                               0x00008b9b   Thumb Code     0  ddiv.o(x$fpl$ddiv)
    x$fpl$deqf                               0x00008e4c   Section      120  deqf.o(x$fpl$deqf)
    x$fpl$dfix                               0x00008ec4   Section       94  dfix.o(x$fpl$dfix)
    x$fpl$dflt                               0x00008f22   Section       46  dflt_clz.o(x$fpl$dflt)
    x$fpl$dgeqf                              0x00008f50   Section      120  dgeqf.o(x$fpl$dgeqf)
    x$fpl$dleqf                              0x00008fc8   Section      120  dleqf.o(x$fpl$dleqf)
    x$fpl$dmul                               0x00009040   Section      340  dmul.o(x$fpl$dmul)
    x$fpl$dnaninf                            0x00009194   Section      156  dnaninf.o(x$fpl$dnaninf)
    x$fpl$dretinf                            0x00009230   Section       12  dretinf.o(x$fpl$dretinf)
    x$fpl$dsub                               0x0000923c   Section      476  daddsub_clz.o(x$fpl$dsub)
    _dsub1                                   0x0000924d   Thumb Code     0  daddsub_clz.o(x$fpl$dsub)
    x$fpl$fadd                               0x00009418   Section      196  faddsub_clz.o(x$fpl$fadd)
    _fadd1                                   0x00009427   Thumb Code     0  faddsub_clz.o(x$fpl$fadd)
    x$fpl$fcheck1                            0x000094dc   Section       12  fcheck1.o(x$fpl$fcheck1)
    x$fpl$fcmp                               0x000094e8   Section       84  dcmp.o(x$fpl$fcmp)
    x$fpl$fcmp                               0x0000953c   Section       84  fcmp.o(x$fpl$fcmp)
    x$fpl$fcmpinf                            0x00009590   Section       24  fcmpi.o(x$fpl$fcmpinf)
    _fdiv1                                   0x000095a9   Thumb Code     0  fdiv.o(x$fpl$fdiv)
    x$fpl$fdiv                               0x000095a8   Section      388  fdiv.o(x$fpl$fdiv)
    x$fpl$feqf                               0x0000972c   Section      104  feqf.o(x$fpl$feqf)
    x$fpl$fflt                               0x00009794   Section       48  fflt_clz.o(x$fpl$fflt)
    x$fpl$fgeqf                              0x000097c4   Section      104  fgeqf.o(x$fpl$fgeqf)
    x$fpl$fleqf                              0x0000982c   Section      104  fleqf.o(x$fpl$fleqf)
    x$fpl$fmul                               0x00009894   Section      258  fmul.o(x$fpl$fmul)
    x$fpl$fnaninf                            0x00009996   Section      140  fnaninf.o(x$fpl$fnaninf)
    x$fpl$fretinf                            0x00009a22   Section       10  fretinf.o(x$fpl$fretinf)
    x$fpl$frsb                               0x00009a2c   Section       20  faddsub_clz.o(x$fpl$frsb)
    x$fpl$fsub                               0x00009a40   Section      234  faddsub_clz.o(x$fpl$fsub)
    _fsub1                                   0x00009a4f   Thumb Code     0  faddsub_clz.o(x$fpl$fsub)
    x$fpl$retnan                             0x00009b2a   Section      100  retnan.o(x$fpl$retnan)
    x$fpl$scalbnf                            0x00009b8e   Section       76  scalbnf.o(x$fpl$scalbnf)
    x$fpl$trapveneer                         0x00009bda   Section       48  trapv.o(x$fpl$trapveneer)
    x$fpl$usenofp                            0x00009c0a   Section        0  usenofp.o(x$fpl$usenofp)
    .L__const.TP_DrawPoint_Magnifier.mosse   0x00009c0c   Data          48  touchpanel.o(.rodata..L__const.TP_DrawPoint_Magnifier.mosse)
    AsciiLib                                 0x00009c3c   Data        1520  asciilib.o(.rodata.AsciiLib)
    [Anonymous Symbol]                       0x00009c3c   Section        0  asciilib.o(.rodata.AsciiLib)
    mazeDef                                  0x0000a22c   Data         841  sample.o(.rodata.mazeDef)
    [Anonymous Symbol]                       0x0000a22c   Section        0  sample.o(.rodata.mazeDef)
    .L.str.2                                 0x0000a575   Data          10  sample.o(.rodata.str1.1)
    [Anonymous Symbol]                       0x0000a575   Section        0  sample.o(.rodata.str1.1)
    .L.str.1                                 0x0000a57f   Data          10  sample.o(.rodata.str1.1)
    .L.str                                   0x0000a589   Data          11  sample.o(.rodata.str1.1)
    .L.str                                   0x0000a594   Data          29  touchpanel.o(.rodata.str1.1)
    [Anonymous Symbol]                       0x0000a594   Section        0  touchpanel.o(.rodata.str1.1)
    CAN_wrFilter.CAN_ext_cnt                 0x10000058   Data           4  lib_can.o(.bss.CAN_wrFilter.CAN_ext_cnt)
    [Anonymous Symbol]                       0x10000058   Section        0  lib_can.o(.bss.CAN_wrFilter.CAN_ext_cnt)
    Read_Ads7846.screen                      0x1000005c   Data           4  touchpanel.o(.bss.Read_Ads7846.screen)
    [Anonymous Symbol]                       0x1000005c   Section        0  touchpanel.o(.bss.Read_Ads7846.screen)
    TIMER0_IRQHandler.sineticks              0x1000006c   Data           4  irq_timer.o(.bss.TIMER0_IRQHandler.sineticks)
    [Anonymous Symbol]                       0x1000006c   Section        0  irq_timer.o(.bss.TIMER0_IRQHandler.sineticks)
    bgSongLength                             0x10000070   Data           4  irq_timer.o(.bss.bgSongLength)
    [Anonymous Symbol]                       0x10000070   Section        0  irq_timer.o(.bss.bgSongLength)
    currentEffect                            0x10000074   Data           4  irq_timer.o(.bss.currentEffect)
    [Anonymous Symbol]                       0x10000074   Section        0  irq_timer.o(.bss.currentEffect)
    drawPacMan.frame                         0x1000007c   Data           4  sample.o(.bss.drawPacMan.frame)
    [Anonymous Symbol]                       0x1000007c   Section        0  sample.o(.bss.drawPacMan.frame)
    effectNoteIndex                          0x10000080   Data           4  irq_timer.o(.bss.effectNoteIndex)
    [Anonymous Symbol]                       0x10000080   Section        0  irq_timer.o(.bss.effectNoteIndex)
    effectPlaying                            0x10000084   Data           1  irq_timer.o(.bss.effectPlaying)
    [Anonymous Symbol]                       0x10000084   Section        0  irq_timer.o(.bss.effectPlaying)
    Stack_Mem                                0x10000098   Data        4096  startup_lpc17xx.o(STACK)
    STACK                                    0x10000098   Section     4096  startup_lpc17xx.o(STACK)
    __initial_sp                             0x10001098   Data           0  startup_lpc17xx.o(STACK)
    .bss                                     0x2007c210   Section      228  rand.o(.bss)
    .bss                                     0x2007c2f4   Section       96  libspace.o(.bss)
    CAN_wrFilter.CAN_std_cnt                 0x2007c364   Data           4  lib_can.o(.bss.CAN_wrFilter.CAN_std_cnt)
    [Anonymous Symbol]                       0x2007c364   Section        0  lib_can.o(.bss.CAN_wrFilter.CAN_std_cnt)
    LCD_Code                                 0x2007c368   Data           1  glcd.o(.bss.LCD_Code)
    [Anonymous Symbol]                       0x2007c368   Section        0  glcd.o(.bss.LCD_Code)
    RIT_IRQHandler.buttonPressed             0x2007c369   Data           1  irq_rit.o(.bss.RIT_IRQHandler.buttonPressed)
    [Anonymous Symbol]                       0x2007c369   Section        0  irq_rit.o(.bss.RIT_IRQHandler.buttonPressed)
    RIT_IRQHandler.debounceCounter           0x2007c36c   Data           4  irq_rit.o(.bss.RIT_IRQHandler.debounceCounter)
    [Anonymous Symbol]                       0x2007c36c   Section        0  irq_rit.o(.bss.RIT_IRQHandler.debounceCounter)
    bgNoteIndex                              0x2007c370   Data           4  irq_timer.o(.bss.bgNoteIndex)
    [Anonymous Symbol]                       0x2007c370   Section        0  irq_timer.o(.bss.bgNoteIndex)
    currentBackgroundSong                    0x2007c38c   Data           4  irq_timer.o(.bss.currentBackgroundSong)
    [Anonymous Symbol]                       0x2007c38c   Section        0  irq_timer.o(.bss.currentBackgroundSong)
    effectLength                             0x2007c390   Data           4  irq_timer.o(.bss.effectLength)
    [Anonymous Symbol]                       0x2007c390   Section        0  irq_timer.o(.bss.effectLength)
    ticks                                    0x2007d09c   Data           4  irq_timer.o(.bss.ticks)
    [Anonymous Symbol]                       0x2007d09c   Section        0  irq_timer.o(.bss.ticks)
    Heap_Mem                                 0x2007d0a0   Data           0  startup_lpc17xx.o(HEAP)
    HEAP                                     0x2007d0a0   Section        0  startup_lpc17xx.o(HEAP)

    Global Symbols

    Symbol Name                              Value     Ov Type        Size  Object(Section)

    BuildAttributes$$THM_ISAv4$P$D$K$B$S$PE$A:L22UL41UL21$X:L11$S22US41US21$IEEE1$IW$~IW$USESV6$~STKCKD$USESV7$~SHL$OTIME$ROPI$IEEEX$EBA8$UX$STANDARDLIB$REQ8$PRES8$EABIv2 0x00000000   Number         0  anon$$obj.o ABSOLUTE
    __Vectors                                0x00000000   Data           4  startup_lpc17xx.o(RESET)
    __fp_init_empty                          0x00000000   Number         0  fpinit_empty.o ABSOLUTE
    _printf_flags                            0x00000000   Number         0  printf_stubs.o ABSOLUTE
    _printf_return_value                     0x00000000   Number         0  printf_stubs.o ABSOLUTE
    _printf_sizespec                         0x00000000   Number         0  printf_stubs.o ABSOLUTE
    _printf_widthprec                        0x00000000   Number         0  printf_stubs.o ABSOLUTE
    __ARM_exceptions_init                     - Undefined Weak Reference
    __alloca_initialize                       - Undefined Weak Reference
    __arm_preinit_                            - Undefined Weak Reference
    __arm_relocate_pie_                       - Undefined Weak Reference
    __cpp_initialize__aeabi_                  - Undefined Weak Reference
    __cxa_finalize                            - Undefined Weak Reference
    __rt_locale                               - Undefined Weak Reference
    __sigvec_lookup                           - Undefined Weak Reference
    _atexit_init                              - Undefined Weak Reference
    _call_atexit_fns                          - Undefined Weak Reference
    _clock_init                               - Undefined Weak Reference
    _fp_trap_init                             - Undefined Weak Reference
    _fp_trap_shutdown                         - Undefined Weak Reference
    _get_lc_collate                           - Undefined Weak Reference
    _get_lc_ctype                             - Undefined Weak Reference
    _get_lc_monetary                          - Undefined Weak Reference
    _get_lc_numeric                           - Undefined Weak Reference
    _get_lc_time                              - Undefined Weak Reference
    _getenv_init                              - Undefined Weak Reference
    _handle_redirection                       - Undefined Weak Reference
    _init_alloc                               - Undefined Weak Reference
    _init_user_alloc                          - Undefined Weak Reference
    _initio                                   - Undefined Weak Reference
    _printf_truncate_signed                   - Undefined Weak Reference
    _printf_truncate_unsigned                 - Undefined Weak Reference
    _signal_finish                            - Undefined Weak Reference
    _signal_init                              - Undefined Weak Reference
    _terminate_alloc                          - Undefined Weak Reference
    _terminate_user_alloc                     - Undefined Weak Reference
    _terminateio                              - Undefined Weak Reference
    __main                                   0x000000cd   Thumb Code     8  __main.o(!!!main)
    __scatterload                            0x000000d5   Thumb Code     0  __scatter.o(!!!scatter)
    __scatterload_rt2                        0x000000d5   Thumb Code    84  __scatter.o(!!!scatter)
    __scatterload_rt2_thumb_only             0x000000d5   Thumb Code     0  __scatter.o(!!!scatter)
    __scatterload_loop                       0x000000df   Thumb Code     0  __scatter.o(!!!scatter)
    __decompress                             0x00000131   Thumb Code    90  __dczerorl2.o(!!dczerorl2)
    __decompress1                            0x00000131   Thumb Code     0  __dczerorl2.o(!!dczerorl2)
    __scatterload_copy                       0x0000018d   Thumb Code    26  __scatter_copy.o(!!handler_copy)
    __scatterload_null                       0x000001a9   Thumb Code     2  __scatter.o(!!handler_null)
    __scatterload_zeroinit                   0x000001ad   Thumb Code    28  __scatter_zi.o(!!handler_zi)
    _printf_d                                0x000001c9   Thumb Code     0  _printf_d.o(.ARM.Collect$$_printf_percent$$00000009)
    _printf_percent                          0x000001c9   Thumb Code     0  _printf_percent.o(.ARM.Collect$$_printf_percent$$00000000)
    _printf_percent_end                      0x000001cf   Thumb Code     0  _printf_percent_end.o(.ARM.Collect$$_printf_percent$$00000017)
    __rt_lib_init                            0x000001d3   Thumb Code     0  libinit.o(.ARM.Collect$$libinit$$00000000)
    __rt_lib_init_fp_1                       0x000001d5   Thumb Code     0  libinit2.o(.ARM.Collect$$libinit$$00000002)
    __rt_lib_init_heap_1                     0x000001d5   Thumb Code     0  libinit2.o(.ARM.Collect$$libinit$$0000000C)
    __rt_lib_init_preinit_1                  0x000001d5   Thumb Code     0  libinit2.o(.ARM.Collect$$libinit$$00000006)
    __rt_lib_init_rand_2                     0x000001d5   Thumb Code     0  libinit2.o(.ARM.Collect$$libinit$$0000000F)
    __rt_lib_init_relocate_pie_1             0x000001d5   Thumb Code     0  libinit2.o(.ARM.Collect$$libinit$$00000004)
    __rt_lib_init_user_alloc_1               0x000001d5   Thumb Code     0  libinit2.o(.ARM.Collect$$libinit$$0000000E)
    __rt_lib_init_alloca_1                   0x000001d9   Thumb Code     0  libinit2.o(.ARM.Collect$$libinit$$00000030)
    __rt_lib_init_argv_1                     0x000001d9   Thumb Code     0  libinit2.o(.ARM.Collect$$libinit$$0000002E)
    __rt_lib_init_atexit_1                   0x000001d9   Thumb Code     0  libinit2.o(.ARM.Collect$$libinit$$0000001D)
    __rt_lib_init_clock_1                    0x000001d9   Thumb Code     0  libinit2.o(.ARM.Collect$$libinit$$00000023)
    __rt_lib_init_cpp_1                      0x000001d9   Thumb Code     0  libinit2.o(.ARM.Collect$$libinit$$00000034)
    __rt_lib_init_exceptions_1               0x000001d9   Thumb Code     0  libinit2.o(.ARM.Collect$$libinit$$00000032)
    __rt_lib_init_fp_trap_1                  0x000001d9   Thumb Code     0  libinit2.o(.ARM.Collect$$libinit$$00000021)
    __rt_lib_init_getenv_1                   0x000001d9   Thumb Code     0  libinit2.o(.ARM.Collect$$libinit$$00000025)
    __rt_lib_init_lc_collate_1               0x000001d9   Thumb Code     0  libinit2.o(.ARM.Collect$$libinit$$00000013)
    __rt_lib_init_lc_ctype_1                 0x000001d9   Thumb Code     0  libinit2.o(.ARM.Collect$$libinit$$00000015)
    __rt_lib_init_lc_monetary_1              0x000001d9   Thumb Code     0  libinit2.o(.ARM.Collect$$libinit$$00000017)
    __rt_lib_init_lc_numeric_1               0x000001d9   Thumb Code     0  libinit2.o(.ARM.Collect$$libinit$$00000019)
    __rt_lib_init_lc_time_1                  0x000001d9   Thumb Code     0  libinit2.o(.ARM.Collect$$libinit$$0000001B)
    __rt_lib_init_rand_1                     0x000001d9   Thumb Code     0  libinit2.o(.ARM.Collect$$libinit$$00000010)
    __rt_lib_init_return                     0x000001d9   Thumb Code     0  libinit2.o(.ARM.Collect$$libinit$$00000035)
    __rt_lib_init_signal_1                   0x000001d9   Thumb Code     0  libinit2.o(.ARM.Collect$$libinit$$0000001F)
    __rt_lib_init_stdio_1                    0x000001d9   Thumb Code     0  libinit2.o(.ARM.Collect$$libinit$$00000027)
    __rt_lib_shutdown                        0x000001db   Thumb Code     0  libshutdown.o(.ARM.Collect$$libshutdown$$00000000)
    __rt_lib_shutdown_cpp_1                  0x000001dd   Thumb Code     0  libshutdown2.o(.ARM.Collect$$libshutdown$$00000002)
    __rt_lib_shutdown_fp_trap_1              0x000001dd   Thumb Code     0  libshutdown2.o(.ARM.Collect$$libshutdown$$00000007)
    __rt_lib_shutdown_heap_1                 0x000001dd   Thumb Code     0  libshutdown2.o(.ARM.Collect$$libshutdown$$0000000F)
    __rt_lib_shutdown_return                 0x000001dd   Thumb Code     0  libshutdown2.o(.ARM.Collect$$libshutdown$$00000010)
    __rt_lib_shutdown_signal_1               0x000001dd   Thumb Code     0  libshutdown2.o(.ARM.Collect$$libshutdown$$0000000A)
    __rt_lib_shutdown_stdio_1                0x000001dd   Thumb Code     0  libshutdown2.o(.ARM.Collect$$libshutdown$$00000004)
    __rt_lib_shutdown_user_alloc_1           0x000001dd   Thumb Code     0  libshutdown2.o(.ARM.Collect$$libshutdown$$0000000C)
    __rt_entry                               0x000001df   Thumb Code     0  __rtentry.o(.ARM.Collect$$rtentry$$00000000)
    __rt_entry_presh_1                       0x000001df   Thumb Code     0  __rtentry2.o(.ARM.Collect$$rtentry$$00000002)
    __rt_entry_sh                            0x000001df   Thumb Code     0  __rtentry4.o(.ARM.Collect$$rtentry$$00000004)
    __rt_entry_li                            0x000001e5   Thumb Code     0  __rtentry2.o(.ARM.Collect$$rtentry$$0000000A)
    __rt_entry_postsh_1                      0x000001e5   Thumb Code     0  __rtentry2.o(.ARM.Collect$$rtentry$$00000009)
    __rt_entry_main                          0x000001e9   Thumb Code     0  __rtentry2.o(.ARM.Collect$$rtentry$$0000000D)
    __rt_entry_postli_1                      0x000001e9   Thumb Code     0  __rtentry2.o(.ARM.Collect$$rtentry$$0000000C)
    __rt_exit                                0x000001f1   Thumb Code     0  rtexit.o(.ARM.Collect$$rtexit$$00000000)
    __rt_exit_ls                             0x000001f3   Thumb Code     0  rtexit2.o(.ARM.Collect$$rtexit$$00000003)
    __rt_exit_prels_1                        0x000001f3   Thumb Code     0  rtexit2.o(.ARM.Collect$$rtexit$$00000002)
    __rt_exit_exit                           0x000001f7   Thumb Code     0  rtexit2.o(.ARM.Collect$$rtexit$$00000004)
    rand                                     0x000001fd   Thumb Code    48  rand.o(.emb_text)
    Reset_Handler                            0x00000231   Thumb Code     4  startup_lpc17xx.o(.text)
    NMI_Handler                              0x00000235   Thumb Code     2  startup_lpc17xx.o(.text)
    HardFault_Handler                        0x00000237   Thumb Code     2  startup_lpc17xx.o(.text)
    MemManage_Handler                        0x00000239   Thumb Code     2  startup_lpc17xx.o(.text)
    BusFault_Handler                         0x0000023b   Thumb Code     2  startup_lpc17xx.o(.text)
    UsageFault_Handler                       0x0000023d   Thumb Code     2  startup_lpc17xx.o(.text)
    SVC_Handler                              0x0000023f   Thumb Code     2  startup_lpc17xx.o(.text)
    DebugMon_Handler                         0x00000241   Thumb Code     2  startup_lpc17xx.o(.text)
    PendSV_Handler                           0x00000243   Thumb Code     2  startup_lpc17xx.o(.text)
    SysTick_Handler                          0x00000245   Thumb Code     2  startup_lpc17xx.o(.text)
    ADC_IRQHandler                           0x00000247   Thumb Code     0  startup_lpc17xx.o(.text)
    BOD_IRQHandler                           0x00000247   Thumb Code     0  startup_lpc17xx.o(.text)
    CANActivity_IRQHandler                   0x00000247   Thumb Code     0  startup_lpc17xx.o(.text)
    DMA_IRQHandler                           0x00000247   Thumb Code     0  startup_lpc17xx.o(.text)
    EINT3_IRQHandler                         0x00000247   Thumb Code     0  startup_lpc17xx.o(.text)
    ENET_IRQHandler                          0x00000247   Thumb Code     0  startup_lpc17xx.o(.text)
    I2C0_IRQHandler                          0x00000247   Thumb Code     0  startup_lpc17xx.o(.text)
    I2C1_IRQHandler                          0x00000247   Thumb Code     0  startup_lpc17xx.o(.text)
    I2C2_IRQHandler                          0x00000247   Thumb Code     0  startup_lpc17xx.o(.text)
    I2S_IRQHandler                           0x00000247   Thumb Code     0  startup_lpc17xx.o(.text)
    MCPWM_IRQHandler                         0x00000247   Thumb Code     0  startup_lpc17xx.o(.text)
    PLL0_IRQHandler                          0x00000247   Thumb Code     0  startup_lpc17xx.o(.text)
    PLL1_IRQHandler                          0x00000247   Thumb Code     0  startup_lpc17xx.o(.text)
    PWM1_IRQHandler                          0x00000247   Thumb Code     0  startup_lpc17xx.o(.text)
    QEI_IRQHandler                           0x00000247   Thumb Code     0  startup_lpc17xx.o(.text)
    RTC_IRQHandler                           0x00000247   Thumb Code     0  startup_lpc17xx.o(.text)
    SPI_IRQHandler                           0x00000247   Thumb Code     0  startup_lpc17xx.o(.text)
    SSP0_IRQHandler                          0x00000247   Thumb Code     0  startup_lpc17xx.o(.text)
    SSP1_IRQHandler                          0x00000247   Thumb Code     0  startup_lpc17xx.o(.text)
    UART0_IRQHandler                         0x00000247   Thumb Code     0  startup_lpc17xx.o(.text)
    UART1_IRQHandler                         0x00000247   Thumb Code     0  startup_lpc17xx.o(.text)
    UART2_IRQHandler                         0x00000247   Thumb Code     0  startup_lpc17xx.o(.text)
    UART3_IRQHandler                         0x00000247   Thumb Code     0  startup_lpc17xx.o(.text)
    USBActivity_IRQHandler                   0x00000247   Thumb Code     0  startup_lpc17xx.o(.text)
    USB_IRQHandler                           0x00000247   Thumb Code     0  startup_lpc17xx.o(.text)
    WDT_IRQHandler                           0x00000247   Thumb Code     0  startup_lpc17xx.o(.text)
    __user_initial_stackheap                 0x00000249   Thumb Code     0  startup_lpc17xx.o(.text)
    GetASCIICode                             0x00000265   Thumb Code    42  asciilib.o(.text)
    joystick_init                            0x00000291   Thumb Code    82  lib_joystick.o(.text)
    time                                     0x000002e3   Thumb Code    18  sys_time.o(.text)
    __use_two_region_memory                  0x000002f5   Thumb Code     2  heapauxi.o(.text)
    __rt_heap_escrow$2region                 0x000002f7   Thumb Code     2  heapauxi.o(.text)
    __rt_heap_expand$2region                 0x000002f9   Thumb Code     2  heapauxi.o(.text)
    __I$use$semihosting                      0x000002fb   Thumb Code     0  use_no_semi.o(.text)
    __use_no_semihosting_swi                 0x000002fb   Thumb Code     2  use_no_semi.o(.text)
    drawUI                                   0x00000301   Thumb Code   134  sample.o(.text)
    fillCell                                 0x00000389   Thumb Code   286  sample.o(.text)
    drawPill                                 0x000004a9   Thumb Code   118  sample.o(.text)
    initMazeGrid                             0x00000521   Thumb Code   492  sample.o(.text)
    drawPowerPills                           0x0000070d   Thumb Code   490  sample.o(.text)
    drawMazeFromGrid                         0x000008f9   Thumb Code   726  sample.o(.text)
    drawPacMan                               0x00000bd1   Thumb Code   260  sample.o(.text)
    movePacMan                               0x00000cd5   Thumb Code   860  sample.o(.text)
    main                                     0x0000103d   Thumb Code   872  sample.o(.text)
    SystemInit                               0x000013ad   Thumb Code   398  system_lpc17xx.o(.text)
    TIMER0_IRQHandler                        0x0000153d   Thumb Code    58  irq_timer.o(.text)
    TIMER1_IRQHandler                        0x00001579   Thumb Code    22  irq_timer.o(.text)
    TIMER2_IRQHandler                        0x00001591   Thumb Code   144  irq_timer.o(.text)
    playBackgroundMusic                      0x0000162d   Thumb Code    48  irq_timer.o(.text)
    playSoundEffect                          0x0000165d   Thumb Code    54  irq_timer.o(.text)
    TIMER3_IRQHandler                        0x00001695   Thumb Code   188  irq_timer.o(.text)
    enable_timer                             0x00001751   Thumb Code    44  lib_timer.o(.text)
    disable_timer                            0x0000177d   Thumb Code    44  lib_timer.o(.text)
    reset_timer                              0x000017a9   Thumb Code    48  lib_timer.o(.text)
    init_timer                               0x000017d9   Thumb Code   190  lib_timer.o(.text)
    LCD_Initialization                       0x00001899   Thumb Code 12042  glcd.o(.text)
    LCD_Clear                                0x00004819   Thumb Code  2028  glcd.o(.text)
    LCD_GetPoint                             0x00005791   Thumb Code  1324  glcd.o(.text)
    LCD_SetPoint                             0x00005d05   Thumb Code   320  glcd.o(.text)
    LCD_DrawLine                             0x00005e45   Thumb Code   546  glcd.o(.text)
    PutChar                                  0x00006069   Thumb Code   210  glcd.o(.text)
    GUI_Text                                 0x0000613d   Thumb Code   152  glcd.o(.text)
    LPC17xx_SPI_SetSpeed                     0x000061ed   Thumb Code    52  touchpanel.o(.text)
    TP_Init                                  0x00006221   Thumb Code    48  touchpanel.o(.text)
    Read_X                                   0x000062e5   Thumb Code    64  touchpanel.o(.text)
    Read_Y                                   0x0000641d   Thumb Code    64  touchpanel.o(.text)
    TP_DrawPoint_Magnifier                   0x0000645d   Thumb Code   174  touchpanel.o(.text)
    TP_DrawPoint                             0x0000650d   Thumb Code    32  touchpanel.o(.text)
    TP_GetAdXY                               0x0000652d   Thumb Code    42  touchpanel.o(.text)
    DrawCross                                0x00006559   Thumb Code   434  touchpanel.o(.text)
    DeleteCross                              0x0000670d   Thumb Code   428  touchpanel.o(.text)
    Read_Ads7846                             0x000068b9   Thumb Code   808  touchpanel.o(.text)
    setCalibrationMatrix                     0x00006be1   Thumb Code   464  touchpanel.o(.text)
    getDisplayPoint                          0x00006db1   Thumb Code   314  touchpanel.o(.text)
    TouchPanel_Calibrate                     0x00006eed   Thumb Code   218  touchpanel.o(.text)
    RIT_IRQHandler                           0x00006fc9   Thumb Code   644  irq_rit.o(.text)
    enable_RIT                               0x00007255   Thumb Code    16  lib_rit.o(.text)
    disable_RIT                              0x00007265   Thumb Code    16  lib_rit.o(.text)
    reset_RIT                                0x00007275   Thumb Code    12  lib_rit.o(.text)
    init_RIT                                 0x00007281   Thumb Code    82  lib_rit.o(.text)
    EINT0_IRQHandler                         0x000072d5   Thumb Code    68  irq_button.o(.text)
    EINT1_IRQHandler                         0x00007319   Thumb Code    56  irq_button.o(.text)
    EINT2_IRQHandler                         0x00007351   Thumb Code    18  irq_button.o(.text)
    BUTTON_init                              0x00007365   Thumb Code   124  lib_button.o(.text)
    findNextMoveBFS                          0x000073e1   Thumb Code   150  ghost.o(.text)
    initGhost                                0x00007479   Thumb Code    32  ghost.o(.text)
    ghostFrightenedMode                      0x00007499   Thumb Code    18  ghost.o(.text)
    updateGhost                              0x000074ad   Thumb Code   548  ghost.o(.text)
    drawGhost                                0x000076dd   Thumb Code  1078  ghost.o(.text)
    handleGhostTimer                         0x00007b15   Thumb Code    54  ghost.o(.text)
    playNote                                 0x00007b4d   Thumb Code    52  music.o(.text)
    isNotePlaying                            0x00007b81   Thumb Code    36  music.o(.text)
    CAN_IRQHandler                           0x00007ba5   Thumb Code   108  irq_can.o(.text)
    send_values_CAN                          0x00007c11   Thumb Code    72  irq_can.o(.text)
    CAN_setup                                0x00007c59   Thumb Code   162  lib_can.o(.text)
    CAN_start                                0x00007cfd   Thumb Code    32  lib_can.o(.text)
    CAN_waitReady                            0x00007d1d   Thumb Code    58  lib_can.o(.text)
    CAN_wrMsg                                0x00007d59   Thumb Code   146  lib_can.o(.text)
    CAN_rdMsg                                0x00007ded   Thumb Code   106  lib_can.o(.text)
    CAN_wrFilter                             0x00007e59   Thumb Code   968  lib_can.o(.text)
    CAN_Init                                 0x00008221   Thumb Code   282  lib_can.o(.text)
    __2sprintf                               0x0000833d   Thumb Code    34  noretval__2sprintf.o(.text)
    _printf_pre_padding                      0x00008365   Thumb Code    44  _printf_pad.o(.text)
    _printf_post_padding                     0x00008391   Thumb Code    34  _printf_pad.o(.text)
    _printf_int_dec                          0x000083b5   Thumb Code   104  _printf_dec.o(.text)
    __printf                                 0x0000842d   Thumb Code   270  __printf_wp.o(.text)
    srand                                    0x0000853d   Thumb Code    42  rand.o(.text)
    _rand_init                               0x00008567   Thumb Code     4  rand.o(.text)
    __aeabi_memclr4                          0x00008579   Thumb Code     0  rt_memclr_w.o(.text)
    __aeabi_memclr8                          0x00008579   Thumb Code     0  rt_memclr_w.o(.text)
    __rt_memclr_w                            0x00008579   Thumb Code     0  rt_memclr_w.o(.text)
    _memset_w                                0x0000857d   Thumb Code    74  rt_memclr_w.o(.text)
    __read_errno                             0x000085c7   Thumb Code    10  _rserrno.o(.text)
    __semihosting_library_function           0x000085c7   Thumb Code     0  indicate_semi.o(.text)
    __set_errno                              0x000085d1   Thumb Code    12  _rserrno.o(.text)
    _printf_int_common                       0x000085dd   Thumb Code   178  _printf_intcommon.o(.text)
    _printf_char_common                      0x0000869b   Thumb Code    32  _printf_char_common.o(.text)
    _sputc                                   0x000086c1   Thumb Code    10  _sputc.o(.text)
    __aeabi_errno_addr                       0x000086cd   Thumb Code     8  rt_errno_addr_intlibspace.o(.text)
    __errno$intlibspace                      0x000086cd   Thumb Code     0  rt_errno_addr_intlibspace.o(.text)
    __rt_errno_addr$intlibspace              0x000086cd   Thumb Code     0  rt_errno_addr_intlibspace.o(.text)
    __user_libspace                          0x000086d5   Thumb Code     8  libspace.o(.text)
    __user_perproc_libspace                  0x000086d5   Thumb Code     0  libspace.o(.text)
    __user_perthread_libspace                0x000086d5   Thumb Code     0  libspace.o(.text)
    __user_setup_stackheap                   0x000086dd   Thumb Code    74  sys_stackheap_outer.o(.text)
    exit                                     0x00008727   Thumb Code    18  exit.o(.text)
    _sys_exit                                0x00008739   Thumb Code     8  sys_exit.o(.text)
    __ARM_fpclassifyf                        0x00008745   Thumb Code    38  fpclassifyf.o(i.__ARM_fpclassifyf)
    __mathlib_flt_infnan2                    0x0000876b   Thumb Code     4  funder.o(i.__mathlib_flt_infnan2)
    __mathlib_flt_underflow                  0x0000876f   Thumb Code    10  funder.o(i.__mathlib_flt_underflow)
    _is_digit                                0x00008779   Thumb Code    14  __printf_wp.o(i._is_digit)
    atan2f                                   0x00008789   Thumb Code   598  atan2f.o(i.atan2f)
    __aeabi_dadd                             0x00008a2d   Thumb Code     0  daddsub_clz.o(x$fpl$dadd)
    _dadd                                    0x00008a2d   Thumb Code   332  daddsub_clz.o(x$fpl$dadd)
    __fpl_dcmp_Inf                           0x00008b7d   Thumb Code    24  dcmpi.o(x$fpl$dcmpinf)
    __aeabi_ddiv                             0x00008b95   Thumb Code     0  ddiv.o(x$fpl$ddiv)
    _ddiv                                    0x00008b95   Thumb Code   560  ddiv.o(x$fpl$ddiv)
    __aeabi_cdcmpeq                          0x00008e4d   Thumb Code     0  deqf.o(x$fpl$deqf)
    _dcmpeq                                  0x00008e4d   Thumb Code   120  deqf.o(x$fpl$deqf)
    __aeabi_d2iz                             0x00008ec5   Thumb Code     0  dfix.o(x$fpl$dfix)
    _dfix                                    0x00008ec5   Thumb Code    94  dfix.o(x$fpl$dfix)
    __aeabi_i2d                              0x00008f23   Thumb Code     0  dflt_clz.o(x$fpl$dflt)
    _dflt                                    0x00008f23   Thumb Code    46  dflt_clz.o(x$fpl$dflt)
    __aeabi_cdcmpge                          0x00008f51   Thumb Code     0  dgeqf.o(x$fpl$dgeqf)
    _dcmpge                                  0x00008f51   Thumb Code   120  dgeqf.o(x$fpl$dgeqf)
    __aeabi_cdcmple                          0x00008fc9   Thumb Code     0  dleqf.o(x$fpl$dleqf)
    _dcmple                                  0x00008fc9   Thumb Code   120  dleqf.o(x$fpl$dleqf)
    __fpl_dcmple_InfNaN                      0x0000902b   Thumb Code     0  dleqf.o(x$fpl$dleqf)
    __aeabi_dmul                             0x00009041   Thumb Code     0  dmul.o(x$fpl$dmul)
    _dmul                                    0x00009041   Thumb Code   332  dmul.o(x$fpl$dmul)
    __fpl_dnaninf                            0x00009195   Thumb Code   156  dnaninf.o(x$fpl$dnaninf)
    __fpl_dretinf                            0x00009231   Thumb Code    12  dretinf.o(x$fpl$dretinf)
    __aeabi_dsub                             0x0000923d   Thumb Code     0  daddsub_clz.o(x$fpl$dsub)
    _dsub                                    0x0000923d   Thumb Code   472  daddsub_clz.o(x$fpl$dsub)
    __aeabi_fadd                             0x00009419   Thumb Code     0  faddsub_clz.o(x$fpl$fadd)
    _fadd                                    0x00009419   Thumb Code   196  faddsub_clz.o(x$fpl$fadd)
    __fpl_fcheck_NaN1                        0x000094dd   Thumb Code     6  fcheck1.o(x$fpl$fcheck1)
    __aeabi_dcmpeq                           0x000094e9   Thumb Code     0  dcmp.o(x$fpl$fcmp)
    _deq                                     0x000094e9   Thumb Code    14  dcmp.o(x$fpl$fcmp)
    _dneq                                    0x000094f7   Thumb Code    14  dcmp.o(x$fpl$fcmp)
    __aeabi_dcmpgt                           0x00009505   Thumb Code     0  dcmp.o(x$fpl$fcmp)
    _dgr                                     0x00009505   Thumb Code    14  dcmp.o(x$fpl$fcmp)
    __aeabi_dcmpge                           0x00009513   Thumb Code     0  dcmp.o(x$fpl$fcmp)
    _dgeq                                    0x00009513   Thumb Code    14  dcmp.o(x$fpl$fcmp)
    __aeabi_dcmple                           0x00009521   Thumb Code     0  dcmp.o(x$fpl$fcmp)
    _dleq                                    0x00009521   Thumb Code    14  dcmp.o(x$fpl$fcmp)
    __aeabi_dcmplt                           0x0000952f   Thumb Code     0  dcmp.o(x$fpl$fcmp)
    _dls                                     0x0000952f   Thumb Code    14  dcmp.o(x$fpl$fcmp)
    __aeabi_fcmpeq                           0x0000953d   Thumb Code     0  fcmp.o(x$fpl$fcmp)
    _feq                                     0x0000953d   Thumb Code    14  fcmp.o(x$fpl$fcmp)
    _fneq                                    0x0000954b   Thumb Code    14  fcmp.o(x$fpl$fcmp)
    __aeabi_fcmpgt                           0x00009559   Thumb Code     0  fcmp.o(x$fpl$fcmp)
    _fgr                                     0x00009559   Thumb Code    14  fcmp.o(x$fpl$fcmp)
    __aeabi_fcmpge                           0x00009567   Thumb Code     0  fcmp.o(x$fpl$fcmp)
    _fgeq                                    0x00009567   Thumb Code    14  fcmp.o(x$fpl$fcmp)
    __aeabi_fcmple                           0x00009575   Thumb Code     0  fcmp.o(x$fpl$fcmp)
    _fleq                                    0x00009575   Thumb Code    14  fcmp.o(x$fpl$fcmp)
    __aeabi_fcmplt                           0x00009583   Thumb Code     0  fcmp.o(x$fpl$fcmp)
    _fls                                     0x00009583   Thumb Code    14  fcmp.o(x$fpl$fcmp)
    __fpl_fcmp_Inf                           0x00009591   Thumb Code    24  fcmpi.o(x$fpl$fcmpinf)
    __aeabi_fdiv                             0x000095a9   Thumb Code     0  fdiv.o(x$fpl$fdiv)
    _fdiv                                    0x000095a9   Thumb Code   384  fdiv.o(x$fpl$fdiv)
    __aeabi_cfcmpeq                          0x0000972d   Thumb Code     0  feqf.o(x$fpl$feqf)
    _fcmpeq                                  0x0000972d   Thumb Code   104  feqf.o(x$fpl$feqf)
    __aeabi_i2f                              0x00009795   Thumb Code     0  fflt_clz.o(x$fpl$fflt)
    _fflt                                    0x00009795   Thumb Code    48  fflt_clz.o(x$fpl$fflt)
    _fcmpge                                  0x000097c5   Thumb Code   104  fgeqf.o(x$fpl$fgeqf)
    __aeabi_cfcmple                          0x0000982d   Thumb Code     0  fleqf.o(x$fpl$fleqf)
    _fcmple                                  0x0000982d   Thumb Code   104  fleqf.o(x$fpl$fleqf)
    __fpl_fcmple_InfNaN                      0x0000987f   Thumb Code     0  fleqf.o(x$fpl$fleqf)
    __aeabi_fmul                             0x00009895   Thumb Code     0  fmul.o(x$fpl$fmul)
    _fmul                                    0x00009895   Thumb Code   258  fmul.o(x$fpl$fmul)
    __fpl_fnaninf                            0x00009997   Thumb Code   140  fnaninf.o(x$fpl$fnaninf)
    __fpl_fretinf                            0x00009a23   Thumb Code    10  fretinf.o(x$fpl$fretinf)
    __aeabi_frsub                            0x00009a2d   Thumb Code     0  faddsub_clz.o(x$fpl$frsb)
    _frsb                                    0x00009a2d   Thumb Code    20  faddsub_clz.o(x$fpl$frsb)
    __aeabi_fsub                             0x00009a41   Thumb Code     0  faddsub_clz.o(x$fpl$fsub)
    _fsub                                    0x00009a41   Thumb Code   234  faddsub_clz.o(x$fpl$fsub)
    __fpl_return_NaN                         0x00009b2b   Thumb Code   100  retnan.o(x$fpl$retnan)
    __ARM_scalbnf                            0x00009b8f   Thumb Code    76  scalbnf.o(x$fpl$scalbnf)
    __fpl_cmpreturn                          0x00009bdb   Thumb Code    48  trapv.o(x$fpl$trapveneer)
    __I$use$fp                               0x00009c0a   Number         0  usenofp.o(x$fpl$usenofp)
    Region$$Table$$Base                      0x0000a5b4   Number         0  anon$$obj.o(Region$$Table)
    Region$$Table$$Limit                     0x0000a5f4   Number         0  anon$$obj.o(Region$$Table)
    countdown                                0x10000000   Data           4  sample.o(.data.countdown)
    death_sound                              0x10000004   Data          48  ghost.o(.data.death_sound)
    pacmanCol                                0x10000034   Data           4  sample.o(.data.pacmanCol)
    pacman_wakka                             0x10000038   Data          16  sample.o(.data.pacman_wakka)
    CAN_RxMsg                                0x10000048   Data          16  lib_can.o(.bss.CAN_RxMsg)
    ScreenSample                             0x10000060   Data          12  touchpanel.o(.bss.ScreenSample)
    debouncing                               0x10000078   Data           1  irq_rit.o(.bss.debouncing)
    icr                                      0x10000085   Data           1  lib_can.o(.bss.icr)
    offsetX                                  0x10000088   Data           4  sample.o(.bss.offsetX)
    pacmanDirCol                             0x1000008c   Data           4  sample.o(.bss.pacmanDirCol)
    pillsEaten                               0x10000090   Data           4  sample.o(.bss.pillsEaten)
    result                                   0x10000094   Data           4  lib_can.o(.bss.result)
    DisplaySample                            0x2007c000   Data          12  touchpanel.o(.data.DisplaySample)
    SinTable                                 0x2007c00c   Data          90  irq_timer.o(.data.SinTable)
    SystemFrequency                          0x2007c068   Data           4  system_lpc17xx.o(.data.SystemFrequency)
    gamePaused                               0x2007c06c   Data           1  sample.o(.data.gamePaused)
    lives                                    0x2007c070   Data           4  sample.o(.data.lives)
    pacmanRow                                0x2007c074   Data           4  sample.o(.data.pacmanRow)
    power_pill_sound                         0x2007c078   Data          24  sample.o(.data.power_pill_sound)
    song                                     0x2007c090   Data         384  irq_rit.o(.data.song)
    _random_number_data                      0x2007c210   Data         228  rand.o(.bss)
    __libspace_start                         0x2007c2f4   Data          96  libspace.o(.bss)
    CAN_TxMsg                                0x2007c354   Data          16  lib_can.o(.bss.CAN_TxMsg)
    __temporary_stack_top$libspace           0x2007c354   Data           0  libspace.o(.bss)
    blinky                                   0x2007c374   Data          24  ghost.o(.bss.blinky)
    gameOver                                 0x2007c394   Data           1  sample.o(.bss.gameOver)
    lastLifeMilestone                        0x2007c398   Data           4  sample.o(.bss.lastLifeMilestone)
    matrix                                   0x2007c3a0   Data          56  touchpanel.o(.bss.matrix)
    mazeGrid                                 0x2007c3d8   Data        3248  sample.o(.bss.mazeGrid)
    offsetY                                  0x2007d088   Data           4  sample.o(.bss.offsetY)
    pacmanDirRow                             0x2007d08c   Data           4  sample.o(.bss.pacmanDirRow)
    pillCount                                0x2007d090   Data           4  sample.o(.bss.pillCount)
    powerPillsSpawned                        0x2007d094   Data           4  sample.o(.bss.powerPillsSpawned)
    score                                    0x2007d098   Data           4  sample.o(.bss.score)



==============================================================================

Memory Map of the image

  Image Entry point : 0x000000cd

  Load Region LR_IROM1 (Base: 0x00000000, Size: 0x0000a850, Max: 0x00080000, ABSOLUTE, COMPRESSED[0x0000a6f8])

    Execution Region ER_IROM1 (Exec base: 0x00000000, Load base: 0x00000000, Size: 0x0000a5f4, Max: 0x00080000, ABSOLUTE)

    Exec Addr    Load Addr    Size         Type   Attr      Idx    E Section Name        Object

    0x00000000   0x00000000   0x000000cc   Data   RO            3    RESET               startup_lpc17xx.o
    0x000000cc   0x000000cc   0x00000008   Code   RO          283  * !!!main             c_w.l(__main.o)
    0x000000d4   0x000000d4   0x0000005c   Code   RO          565    !!!scatter          c_w.l(__scatter.o)
    0x00000130   0x00000130   0x0000005a   Code   RO          563    !!dczerorl2         c_w.l(__dczerorl2.o)
    0x0000018a   0x0000018a   0x00000002   PAD
    0x0000018c   0x0000018c   0x0000001a   Code   RO          569    !!handler_copy      c_w.l(__scatter_copy.o)
    0x000001a6   0x000001a6   0x00000002   PAD
    0x000001a8   0x000001a8   0x00000002   Code   RO          566    !!handler_null      c_w.l(__scatter.o)
    0x000001aa   0x000001aa   0x00000002   PAD
    0x000001ac   0x000001ac   0x0000001c   Code   RO          571    !!handler_zi        c_w.l(__scatter_zi.o)
    0x000001c8   0x000001c8   0x00000000   Code   RO          271    .ARM.Collect$$_printf_percent$$00000000  c_w.l(_printf_percent.o)
    0x000001c8   0x000001c8   0x00000006   Code   RO          270    .ARM.Collect$$_printf_percent$$00000009  c_w.l(_printf_d.o)
    0x000001ce   0x000001ce   0x00000004   Code   RO          345    .ARM.Collect$$_printf_percent$$00000017  c_w.l(_printf_percent_end.o)
    0x000001d2   0x000001d2   0x00000002   Code   RO          480    .ARM.Collect$$libinit$$00000000  c_w.l(libinit.o)
    0x000001d4   0x000001d4   0x00000000   Code   RO          349    .ARM.Collect$$libinit$$00000002  c_w.l(libinit2.o)
    0x000001d4   0x000001d4   0x00000000   Code   RO          351    .ARM.Collect$$libinit$$00000004  c_w.l(libinit2.o)
    0x000001d4   0x000001d4   0x00000000   Code   RO          353    .ARM.Collect$$libinit$$00000006  c_w.l(libinit2.o)
    0x000001d4   0x000001d4   0x00000000   Code   RO          356    .ARM.Collect$$libinit$$0000000C  c_w.l(libinit2.o)
    0x000001d4   0x000001d4   0x00000000   Code   RO          358    .ARM.Collect$$libinit$$0000000E  c_w.l(libinit2.o)
    0x000001d4   0x000001d4   0x00000004   Code   RO          359    .ARM.Collect$$libinit$$0000000F  c_w.l(libinit2.o)
    0x000001d8   0x000001d8   0x00000000   Code   RO          360    .ARM.Collect$$libinit$$00000010  c_w.l(libinit2.o)
    0x000001d8   0x000001d8   0x00000000   Code   RO          363    .ARM.Collect$$libinit$$00000013  c_w.l(libinit2.o)
    0x000001d8   0x000001d8   0x00000000   Code   RO          365    .ARM.Collect$$libinit$$00000015  c_w.l(libinit2.o)
    0x000001d8   0x000001d8   0x00000000   Code   RO          367    .ARM.Collect$$libinit$$00000017  c_w.l(libinit2.o)
    0x000001d8   0x000001d8   0x00000000   Code   RO          369    .ARM.Collect$$libinit$$00000019  c_w.l(libinit2.o)
    0x000001d8   0x000001d8   0x00000000   Code   RO          371    .ARM.Collect$$libinit$$0000001B  c_w.l(libinit2.o)
    0x000001d8   0x000001d8   0x00000000   Code   RO          373    .ARM.Collect$$libinit$$0000001D  c_w.l(libinit2.o)
    0x000001d8   0x000001d8   0x00000000   Code   RO          375    .ARM.Collect$$libinit$$0000001F  c_w.l(libinit2.o)
    0x000001d8   0x000001d8   0x00000000   Code   RO          377    .ARM.Collect$$libinit$$00000021  c_w.l(libinit2.o)
    0x000001d8   0x000001d8   0x00000000   Code   RO          379    .ARM.Collect$$libinit$$00000023  c_w.l(libinit2.o)
    0x000001d8   0x000001d8   0x00000000   Code   RO          381    .ARM.Collect$$libinit$$00000025  c_w.l(libinit2.o)
    0x000001d8   0x000001d8   0x00000000   Code   RO          383    .ARM.Collect$$libinit$$00000027  c_w.l(libinit2.o)
    0x000001d8   0x000001d8   0x00000000   Code   RO          387    .ARM.Collect$$libinit$$0000002E  c_w.l(libinit2.o)
    0x000001d8   0x000001d8   0x00000000   Code   RO          389    .ARM.Collect$$libinit$$00000030  c_w.l(libinit2.o)
    0x000001d8   0x000001d8   0x00000000   Code   RO          391    .ARM.Collect$$libinit$$00000032  c_w.l(libinit2.o)
    0x000001d8   0x000001d8   0x00000000   Code   RO          393    .ARM.Collect$$libinit$$00000034  c_w.l(libinit2.o)
    0x000001d8   0x000001d8   0x00000002   Code   RO          394    .ARM.Collect$$libinit$$00000035  c_w.l(libinit2.o)
    0x000001da   0x000001da   0x00000002   Code   RO          522    .ARM.Collect$$libshutdown$$00000000  c_w.l(libshutdown.o)
    0x000001dc   0x000001dc   0x00000000   Code   RO          530    .ARM.Collect$$libshutdown$$00000002  c_w.l(libshutdown2.o)
    0x000001dc   0x000001dc   0x00000000   Code   RO          532    .ARM.Collect$$libshutdown$$00000004  c_w.l(libshutdown2.o)
    0x000001dc   0x000001dc   0x00000000   Code   RO          535    .ARM.Collect$$libshutdown$$00000007  c_w.l(libshutdown2.o)
    0x000001dc   0x000001dc   0x00000000   Code   RO          538    .ARM.Collect$$libshutdown$$0000000A  c_w.l(libshutdown2.o)
    0x000001dc   0x000001dc   0x00000000   Code   RO          540    .ARM.Collect$$libshutdown$$0000000C  c_w.l(libshutdown2.o)
    0x000001dc   0x000001dc   0x00000000   Code   RO          543    .ARM.Collect$$libshutdown$$0000000F  c_w.l(libshutdown2.o)
    0x000001dc   0x000001dc   0x00000002   Code   RO          544    .ARM.Collect$$libshutdown$$00000010  c_w.l(libshutdown2.o)
    0x000001de   0x000001de   0x00000000   Code   RO          336    .ARM.Collect$$rtentry$$00000000  c_w.l(__rtentry.o)
    0x000001de   0x000001de   0x00000000   Code   RO          433    .ARM.Collect$$rtentry$$00000002  c_w.l(__rtentry2.o)
    0x000001de   0x000001de   0x00000006   Code   RO          445    .ARM.Collect$$rtentry$$00000004  c_w.l(__rtentry4.o)
    0x000001e4   0x000001e4   0x00000000   Code   RO          435    .ARM.Collect$$rtentry$$00000009  c_w.l(__rtentry2.o)
    0x000001e4   0x000001e4   0x00000004   Code   RO          436    .ARM.Collect$$rtentry$$0000000A  c_w.l(__rtentry2.o)
    0x000001e8   0x000001e8   0x00000000   Code   RO          438    .ARM.Collect$$rtentry$$0000000C  c_w.l(__rtentry2.o)
    0x000001e8   0x000001e8   0x00000008   Code   RO          439    .ARM.Collect$$rtentry$$0000000D  c_w.l(__rtentry2.o)
    0x000001f0   0x000001f0   0x00000002   Code   RO          487    .ARM.Collect$$rtexit$$00000000  c_w.l(rtexit.o)
    0x000001f2   0x000001f2   0x00000000   Code   RO          498    .ARM.Collect$$rtexit$$00000002  c_w.l(rtexit2.o)
    0x000001f2   0x000001f2   0x00000004   Code   RO          499    .ARM.Collect$$rtexit$$00000003  c_w.l(rtexit2.o)
    0x000001f6   0x000001f6   0x00000006   Code   RO          500    .ARM.Collect$$rtexit$$00000004  c_w.l(rtexit2.o)
    0x000001fc   0x000001fc   0x00000034   Code   RO          272    .emb_text           c_w.l(rand.o)
    0x00000230   0x00000230   0x00000034   Code   RO            5    .text               startup_lpc17xx.o
    0x00000264   0x00000264   0x0000002a   Code   RO           82    .text               asciilib.o
    0x0000028e   0x0000028e   0x00000002   PAD
    0x00000290   0x00000290   0x00000052   Code   RO          149    .text               lib_joystick.o
    0x000002e2   0x000002e2   0x00000012   Code   RO          236    .text               c_w.l(sys_time.o)
    0x000002f4   0x000002f4   0x00000006   Code   RO          281    .text               c_w.l(heapauxi.o)
    0x000002fa   0x000002fa   0x00000002   Code   RO          333    .text               c_w.l(use_no_semi.o)
    0x000002fc   0x000002fc   0x00000004   Code   RO            4    .ARM.__at_0x02FC    startup_lpc17xx.o
    0x00000300   0x00000300   0x000010ac   Code   RO           13    .text               sample.o
    0x000013ac   0x000013ac   0x0000018e   Code   RO           48    .text               system_lpc17xx.o
    0x0000153a   0x0000153a   0x00000002   PAD
    0x0000153c   0x0000153c   0x00000214   Code   RO           56    .text               irq_timer.o
    0x00001750   0x00001750   0x00000146   Code   RO           74    .text               lib_timer.o
    0x00001896   0x00001896   0x00000002   PAD
    0x00001898   0x00001898   0x00004952   Code   RO           91    .text               glcd.o
    0x000061ea   0x000061ea   0x00000002   PAD
    0x000061ec   0x000061ec   0x00000dda   Code   RO          108    .text               touchpanel.o
    0x00006fc6   0x00006fc6   0x00000002   PAD
    0x00006fc8   0x00006fc8   0x0000028c   Code   RO          122    .text               irq_rit.o
    0x00007254   0x00007254   0x0000007e   Code   RO          134    .text               lib_rit.o
    0x000072d2   0x000072d2   0x00000002   PAD
    0x000072d4   0x000072d4   0x0000008e   Code   RO          173    .text               irq_button.o
    0x00007362   0x00007362   0x00000002   PAD
    0x00007364   0x00007364   0x0000007c   Code   RO          181    .text               lib_button.o
    0x000073e0   0x000073e0   0x0000076a   Code   RO          188    .text               ghost.o
    0x00007b4a   0x00007b4a   0x00000002   PAD
    0x00007b4c   0x00007b4c   0x00000058   Code   RO          199    .text               music.o
    0x00007ba4   0x00007ba4   0x000000b4   Code   RO          207    .text               irq_can.o
    0x00007c58   0x00007c58   0x000006e2   Code   RO          218    .text               lib_can.o
    0x0000833a   0x0000833a   0x00000002   PAD
    0x0000833c   0x0000833c   0x00000028   Code   RO          242    .text               c_w.l(noretval__2sprintf.o)
    0x00008364   0x00008364   0x0000004e   Code   RO          246    .text               c_w.l(_printf_pad.o)
    0x000083b2   0x000083b2   0x00000002   PAD
    0x000083b4   0x000083b4   0x00000078   Code   RO          248    .text               c_w.l(_printf_dec.o)
    0x0000842c   0x0000842c   0x0000010e   Code   RO          258    .text               c_w.l(__printf_wp.o)
    0x0000853a   0x0000853a   0x00000002   PAD
    0x0000853c   0x0000853c   0x0000003c   Code   RO          273    .text               c_w.l(rand.o)
    0x00008578   0x00008578   0x0000004e   Code   RO          279    .text               c_w.l(rt_memclr_w.o)
    0x000085c6   0x000085c6   0x00000000   Code   RO          335    .text               c_w.l(indicate_semi.o)
    0x000085c6   0x000085c6   0x00000016   Code   RO          337    .text               c_w.l(_rserrno.o)
    0x000085dc   0x000085dc   0x000000b2   Code   RO          339    .text               c_w.l(_printf_intcommon.o)
    0x0000868e   0x0000868e   0x00000002   PAD
    0x00008690   0x00008690   0x00000030   Code   RO          341    .text               c_w.l(_printf_char_common.o)
    0x000086c0   0x000086c0   0x0000000a   Code   RO          343    .text               c_w.l(_sputc.o)
    0x000086ca   0x000086ca   0x00000002   PAD
    0x000086cc   0x000086cc   0x00000008   Code   RO          450    .text               c_w.l(rt_errno_addr_intlibspace.o)
    0x000086d4   0x000086d4   0x00000008   Code   RO          464    .text               c_w.l(libspace.o)
    0x000086dc   0x000086dc   0x0000004a   Code   RO          467    .text               c_w.l(sys_stackheap_outer.o)
    0x00008726   0x00008726   0x00000012   Code   RO          469    .text               c_w.l(exit.o)
    0x00008738   0x00008738   0x0000000c   Code   RO          512    .text               c_w.l(sys_exit.o)
    0x00008744   0x00008744   0x00000026   Code   RO          416    i.__ARM_fpclassifyf  m_ws.l(fpclassifyf.o)
    0x0000876a   0x0000876a   0x00000004   Code   RO          420    i.__mathlib_flt_infnan2  m_ws.l(funder.o)
    0x0000876e   0x0000876e   0x0000000a   Code   RO          424    i.__mathlib_flt_underflow  m_ws.l(funder.o)
    0x00008778   0x00008778   0x0000000e   Code   RO          260    i._is_digit         c_w.l(__printf_wp.o)
    0x00008786   0x00008786   0x00000002   PAD
    0x00008788   0x00008788   0x000002a4   Code   RO          330    i.atan2f            m_ws.l(atan2f.o)
    0x00008a2c   0x00008a2c   0x00000150   Code   RO          285    x$fpl$dadd          fz_ws.l(daddsub_clz.o)
    0x00008b7c   0x00008b7c   0x00000018   Code   RO          456    x$fpl$dcmpinf       fz_ws.l(dcmpi.o)
    0x00008b94   0x00008b94   0x000002b8   Code   RO          294    x$fpl$ddiv          fz_ws.l(ddiv.o)
    0x00008e4c   0x00008e4c   0x00000078   Code   RO          395    x$fpl$deqf          fz_ws.l(deqf.o)
    0x00008ec4   0x00008ec4   0x0000005e   Code   RO          297    x$fpl$dfix          fz_ws.l(dfix.o)
    0x00008f22   0x00008f22   0x0000002e   Code   RO          302    x$fpl$dflt          fz_ws.l(dflt_clz.o)
    0x00008f50   0x00008f50   0x00000078   Code   RO          397    x$fpl$dgeqf         fz_ws.l(dgeqf.o)
    0x00008fc8   0x00008fc8   0x00000078   Code   RO          399    x$fpl$dleqf         fz_ws.l(dleqf.o)
    0x00009040   0x00009040   0x00000154   Code   RO          307    x$fpl$dmul          fz_ws.l(dmul.o)
    0x00009194   0x00009194   0x0000009c   Code   RO          401    x$fpl$dnaninf       fz_ws.l(dnaninf.o)
    0x00009230   0x00009230   0x0000000c   Code   RO          403    x$fpl$dretinf       fz_ws.l(dretinf.o)
    0x0000923c   0x0000923c   0x000001dc   Code   RO          287    x$fpl$dsub          fz_ws.l(daddsub_clz.o)
    0x00009418   0x00009418   0x000000c4   Code   RO          309    x$fpl$fadd          fz_ws.l(faddsub_clz.o)
    0x000094dc   0x000094dc   0x0000000c   Code   RO          481    x$fpl$fcheck1       fz_ws.l(fcheck1.o)
    0x000094e8   0x000094e8   0x00000054   Code   RO          291    x$fpl$fcmp          fz_ws.l(dcmp.o)
    0x0000953c   0x0000953c   0x00000054   Code   RO          315    x$fpl$fcmp          fz_ws.l(fcmp.o)
    0x00009590   0x00009590   0x00000018   Code   RO          458    x$fpl$fcmpinf       fz_ws.l(fcmpi.o)
    0x000095a8   0x000095a8   0x00000184   Code   RO          318    x$fpl$fdiv          fz_ws.l(fdiv.o)
    0x0000972c   0x0000972c   0x00000068   Code   RO          405    x$fpl$feqf          fz_ws.l(feqf.o)
    0x00009794   0x00009794   0x00000030   Code   RO          322    x$fpl$fflt          fz_ws.l(fflt_clz.o)
    0x000097c4   0x000097c4   0x00000068   Code   RO          407    x$fpl$fgeqf         fz_ws.l(fgeqf.o)
    0x0000982c   0x0000982c   0x00000068   Code   RO          409    x$fpl$fleqf         fz_ws.l(fleqf.o)
    0x00009894   0x00009894   0x00000102   Code   RO          327    x$fpl$fmul          fz_ws.l(fmul.o)
    0x00009996   0x00009996   0x0000008c   Code   RO          411    x$fpl$fnaninf       fz_ws.l(fnaninf.o)
    0x00009a22   0x00009a22   0x0000000a   Code   RO          413    x$fpl$fretinf       fz_ws.l(fretinf.o)
    0x00009a2c   0x00009a2c   0x00000014   Code   RO          310    x$fpl$frsb          fz_ws.l(faddsub_clz.o)
    0x00009a40   0x00009a40   0x000000ea   Code   RO          311    x$fpl$fsub          fz_ws.l(faddsub_clz.o)
    0x00009b2a   0x00009b2a   0x00000064   Code   RO          495    x$fpl$retnan        fz_ws.l(retnan.o)
    0x00009b8e   0x00009b8e   0x0000004c   Code   RO          462    x$fpl$scalbnf       fz_ws.l(scalbnf.o)
    0x00009bda   0x00009bda   0x00000030   Code   RO          510    x$fpl$trapveneer    fz_ws.l(trapv.o)
    0x00009c0a   0x00009c0a   0x00000000   Code   RO          415    x$fpl$usenofp       fz_ws.l(usenofp.o)
    0x00009c0a   0x00009c0a   0x00000002   PAD
    0x00009c0c   0x00009c0c   0x00000030   Data   RO          111    .rodata..L__const.TP_DrawPoint_Magnifier.mosse  touchpanel.o
    0x00009c3c   0x00009c3c   0x000005f0   Data   RO           84    .rodata.AsciiLib    asciilib.o
    0x0000a22c   0x0000a22c   0x00000349   Data   RO           35    .rodata.mazeDef     sample.o
    0x0000a575   0x0000a575   0x0000001f   Data   RO           34    .rodata.str1.1      sample.o
    0x0000a594   0x0000a594   0x0000001d   Data   RO          113    .rodata.str1.1      touchpanel.o
    0x0000a5b1   0x0000a5b1   0x00000003   PAD
    0x0000a5b4   0x0000a5b4   0x00000040   Data   RO          562    Region$$Table       anon$$obj.o


    Execution Region RW_IRAM1 (Exec base: 0x10000000, Load base: 0x0000a5f8, Size: 0x00001098, Max: 0x00008000, ABSOLUTE)

    Exec Addr    Load Addr    Size         Type   Attr      Idx    E Section Name        Object

    0x10000000   0x0000a5f8   0x00000004   Data   RW           18    .data.countdown     sample.o
    0x10000004   0x0000a5fc   0x00000030   Data   RW          190    .data.death_sound   ghost.o
    0x10000034   0x0000a62c   0x00000004   Data   RW           30    .data.pacmanCol     sample.o
    0x10000038   0x0000a630   0x00000010   Data   RW           25    .data.pacman_wakka  sample.o
    0x10000048        -       0x00000010   Zero   RW          226    .bss.CAN_RxMsg      lib_can.o
    0x10000058        -       0x00000004   Zero   RW          224    .bss.CAN_wrFilter.CAN_ext_cnt  lib_can.o
    0x1000005c        -       0x00000004   Zero   RW          112    .bss.Read_Ads7846.screen  touchpanel.o
    0x10000060        -       0x0000000c   Zero   RW          114    .bss.ScreenSample   touchpanel.o
    0x1000006c        -       0x00000004   Zero   RW           59    .bss.TIMER0_IRQHandler.sineticks  irq_timer.o
    0x10000070        -       0x00000004   Zero   RW           61    .bss.bgSongLength   irq_timer.o
    0x10000074        -       0x00000004   Zero   RW           64    .bss.currentEffect  irq_timer.o
    0x10000078        -       0x00000001   Zero   RW          124    .bss.debouncing     irq_rit.o
    0x10000079   0x0000a640   0x00000003   PAD
    0x1000007c        -       0x00000004   Zero   RW           39    .bss.drawPacMan.frame  sample.o
    0x10000080        -       0x00000004   Zero   RW           66    .bss.effectNoteIndex  irq_timer.o
    0x10000084        -       0x00000001   Zero   RW           63    .bss.effectPlaying  irq_timer.o
    0x10000085        -       0x00000001   Zero   RW          220    .bss.icr            lib_can.o
    0x10000086   0x0000a640   0x00000002   PAD
    0x10000088        -       0x00000004   Zero   RW           37    .bss.offsetX        sample.o
    0x1000008c        -       0x00000004   Zero   RW           32    .bss.pacmanDirCol   sample.o
    0x10000090        -       0x00000004   Zero   RW           24    .bss.pillsEaten     sample.o
    0x10000094        -       0x00000004   Zero   RW          221    .bss.result         lib_can.o
    0x10000098        -       0x00001000   Zero   RW            1    STACK               startup_lpc17xx.o


    Execution Region RW_IRAM2 (Exec base: 0x2007c000, Load base: 0x0000a640, Size: 0x000010a0, Max: 0x00008000, ABSOLUTE, COMPRESSED[0x000000b8])

    Exec Addr    Load Addr    Size         Type   Attr      Idx    E Section Name        Object

    0x2007c000   COMPRESSED   0x0000000c   Data   RW          110    .data.DisplaySample  touchpanel.o
    0x2007c00c   COMPRESSED   0x0000005a   Data   RW           58    .data.SinTable      irq_timer.o
    0x2007c066   COMPRESSED   0x00000002   PAD
    0x2007c068   COMPRESSED   0x00000004   Data   RW           50    .data.SystemFrequency  system_lpc17xx.o
    0x2007c06c   COMPRESSED   0x00000001   Data   RW           21    .data.gamePaused    sample.o
    0x2007c06d   COMPRESSED   0x00000003   PAD
    0x2007c070   COMPRESSED   0x00000004   Data   RW           17    .data.lives         sample.o
    0x2007c074   COMPRESSED   0x00000004   Data   RW           29    .data.pacmanRow     sample.o
    0x2007c078   COMPRESSED   0x00000018   Data   RW           26    .data.power_pill_sound  sample.o
    0x2007c090   COMPRESSED   0x00000180   Data   RW          125    .data.song          irq_rit.o
    0x2007c210        -       0x000000e4   Zero   RW          274    .bss                c_w.l(rand.o)
    0x2007c2f4        -       0x00000060   Zero   RW          465    .bss                c_w.l(libspace.o)
    0x2007c354        -       0x00000010   Zero   RW          225    .bss.CAN_TxMsg      lib_can.o
    0x2007c364        -       0x00000004   Zero   RW          223    .bss.CAN_wrFilter.CAN_std_cnt  lib_can.o
    0x2007c368        -       0x00000001   Zero   RW           93    .bss.LCD_Code       glcd.o
    0x2007c369        -       0x00000001   Zero   RW          126    .bss.RIT_IRQHandler.buttonPressed  irq_rit.o
    0x2007c36a   COMPRESSED   0x00000002   PAD
    0x2007c36c        -       0x00000004   Zero   RW          127    .bss.RIT_IRQHandler.debounceCounter  irq_rit.o
    0x2007c370        -       0x00000004   Zero   RW           62    .bss.bgNoteIndex    irq_timer.o
    0x2007c374        -       0x00000018   Zero   RW          191    .bss.blinky         ghost.o
    0x2007c38c        -       0x00000004   Zero   RW           60    .bss.currentBackgroundSong  irq_timer.o
    0x2007c390        -       0x00000004   Zero   RW           65    .bss.effectLength   irq_timer.o
    0x2007c394        -       0x00000001   Zero   RW           22    .bss.gameOver       sample.o
    0x2007c395   COMPRESSED   0x00000003   PAD
    0x2007c398        -       0x00000004   Zero   RW           33    .bss.lastLifeMilestone  sample.o
    0x2007c39c   COMPRESSED   0x00000004   PAD
    0x2007c3a0        -       0x00000038   Zero   RW          115    .bss.matrix         touchpanel.o
    0x2007c3d8        -       0x00000cb0   Zero   RW           36    .bss.mazeGrid       sample.o
    0x2007d088        -       0x00000004   Zero   RW           38    .bss.offsetY        sample.o
    0x2007d08c        -       0x00000004   Zero   RW           31    .bss.pacmanDirRow   sample.o
    0x2007d090        -       0x00000004   Zero   RW           15    .bss.pillCount      sample.o
    0x2007d094        -       0x00000004   Zero   RW           19    .bss.powerPillsSpawned  sample.o
    0x2007d098        -       0x00000004   Zero   RW           16    .bss.score          sample.o
    0x2007d09c        -       0x00000004   Zero   RW           67    .bss.ticks          irq_timer.o
    0x2007d0a0        -       0x00000000   Zero   RW            2    HEAP                startup_lpc17xx.o


==============================================================================

Image component sizes


      Code (inc. data)   RO Data    RW Data    ZI Data      Debug   Object Name

        42          0       1520          0          0        657   asciilib.o
      1898         12          0         48         24       7297   ghost.o
     18770          0          0          0          1      24978   glcd.o
       142          0          0          0          0       3972   irq_button.o
       180          0          0          0          0       1941   irq_can.o
       652          8          0        384          6       5805   irq_rit.o
       532         12          0         90         33       3253   irq_timer.o
       124          0          0          0          0       5495   lib_button.o
      1762          0          0          0         45      10029   lib_can.o
        82          0          0          0          0       2453   lib_joystick.o
       126          0          0          0          0       4065   lib_rit.o
       326         16          0          0          0       4965   lib_timer.o
        88          0          0          0          0       1976   music.o
      4268         20        872         57       3289      14643   sample.o
        56         22        204          0       4096        988   startup_lpc17xx.o
       398          8          0          4          0       1911   system_lpc17xx.o
      3546          0         77         12         72       8732   touchpanel.o

    ----------------------------------------------------------------------
     33010         98       2740        600       7580     103160   Object Totals
         0          0         64          0          0          0   (incl. Generated)
        18          0          3          5         14          0   (incl. Padding)

    ----------------------------------------------------------------------

      Code (inc. data)   RO Data    RW Data    ZI Data      Debug   Library Member Name

        90          0          0          0          0          0   __dczerorl2.o
         8          0          0          0          0         68   __main.o
       284          0          0          0          0        156   __printf_wp.o
         0          0          0          0          0          0   __rtentry.o
        12          0          0          0          0          0   __rtentry2.o
         6          0          0          0          0          0   __rtentry4.o
        94          8          0          0          0          0   __scatter.o
        26          0          0          0          0          0   __scatter_copy.o
        28          0          0          0          0          0   __scatter_zi.o
        48          6          0          0          0         96   _printf_char_common.o
         6          0          0          0          0          0   _printf_d.o
       120         16          0          0          0         92   _printf_dec.o
       178          0          0          0          0         88   _printf_intcommon.o
        78          0          0          0          0        108   _printf_pad.o
         0          0          0          0          0          0   _printf_percent.o
         4          0          0          0          0          0   _printf_percent_end.o
        22          0          0          0          0        100   _rserrno.o
        10          0          0          0          0         68   _sputc.o
        18          0          0          0          0         80   exit.o
         6          0          0          0          0        152   heapauxi.o
         0          0          0          0          0          0   indicate_semi.o
         2          0          0          0          0          0   libinit.o
         6          0          0          0          0          0   libinit2.o
         2          0          0          0          0          0   libshutdown.o
         2          0          0          0          0          0   libshutdown2.o
         8          4          0          0         96         68   libspace.o
        40          6          0          0          0         84   noretval__2sprintf.o
       112         18          0          0        228        160   rand.o
         8          4          0          0          0         68   rt_errno_addr_intlibspace.o
        78          0          0          0          0         80   rt_memclr_w.o
         2          0          0          0          0          0   rtexit.o
        10          0          0          0          0          0   rtexit2.o
        12          4          0          0          0         68   sys_exit.o
        74          0          0          0          0         80   sys_stackheap_outer.o
        18          0          0          0          0         76   sys_time.o
         2          0          0          0          0         68   use_no_semi.o
       812         16          0          0          0        296   daddsub_clz.o
        84          0          0          0          0        196   dcmp.o
        24          0          0          0          0         68   dcmpi.o
       696        140          0          0          0        216   ddiv.o
       120          4          0          0          0         92   deqf.o
        94          4          0          0          0         92   dfix.o
        46          0          0          0          0         68   dflt_clz.o
       120          4          0          0          0         92   dgeqf.o
       120          4          0          0          0         92   dleqf.o
       340         12          0          0          0        104   dmul.o
       156          4          0          0          0         92   dnaninf.o
        12          0          0          0          0         68   dretinf.o
       450          8          0          0          0        236   faddsub_clz.o
        12          4          0          0          0         68   fcheck1.o
        84          0          0          0          0        196   fcmp.o
        24          0          0          0          0         68   fcmpi.o
       388         76          0          0          0         96   fdiv.o
       104          4          0          0          0         84   feqf.o
        48          0          0          0          0         68   fflt_clz.o
       104          4          0          0          0         84   fgeqf.o
       104          4          0          0          0         84   fleqf.o
       258          4          0          0          0         84   fmul.o
       140          4          0          0          0         84   fnaninf.o
        10          0          0          0          0         68   fretinf.o
       100          0          0          0          0         68   retnan.o
        76          0          0          0          0         68   scalbnf.o
        48          0          0          0          0         68   trapv.o
         0          0          0          0          0          0   usenofp.o
       676         78          0          0          0        116   atan2f.o
        38          0          0          0          0         68   fpclassifyf.o
        14          0          0          0          0        136   funder.o

    ----------------------------------------------------------------------
      6734        440          0          0        324       4980   Library Totals
        18          0          0          0          0          0   (incl. Padding)

    ----------------------------------------------------------------------

      Code (inc. data)   RO Data    RW Data    ZI Data      Debug   Library Name

      1414         66          0          0        324       1760   c_w.l
      4574        296          0          0          0       2900   fz_ws.l
       728         78          0          0          0        320   m_ws.l

    ----------------------------------------------------------------------
      6734        440          0          0        324       4980   Library Totals

    ----------------------------------------------------------------------

==============================================================================


      Code (inc. data)   RO Data    RW Data    ZI Data      Debug   

     39744        538       2740        600       7904     105372   Grand Totals
     39744        538       2740        256       7904     105372   ELF Image Totals (compressed)
     39744        538       2740        256          0          0   ROM Totals

==============================================================================

    Total RO  Size (Code + RO Data)                42484 (  41.49kB)
    Total RW  Size (RW Data + ZI Data)              8504 (   8.30kB)
    Total ROM Size (Code + RO Data + RW Data)      42740 (  41.74kB)

==============================================================================

