Component: Arm Compiler for Embedded 6.22 Tool: armlink [5ee90200]

==============================================================================

Section Cross References

    startup_lpc17xx.o(STACK) refers (Special) to heapauxi.o(.text) for __use_two_region_memory
    startup_lpc17xx.o(HEAP) refers (Special) to heapauxi.o(.text) for __use_two_region_memory
    startup_lpc17xx.o(RESET) refers (Special) to heapauxi.o(.text) for __use_two_region_memory
    startup_lpc17xx.o(RESET) refers to startup_lpc17xx.o(STACK) for __initial_sp
    startup_lpc17xx.o(RESET) refers to startup_lpc17xx.o(.text) for Reset_Handler
    startup_lpc17xx.o(RESET) refers to irq_timer.o(.text) for TIMER0_IRQHandler
    startup_lpc17xx.o(RESET) refers to irq_button.o(.text) for EINT0_IRQHandler
    startup_lpc17xx.o(RESET) refers to irq_adc.o(.text) for ADC_IRQHandler
    startup_lpc17xx.o(RESET) refers to irq_can.o(.text) for CAN_IRQHandler
    startup_lpc17xx.o(RESET) refers to irq_rit.o(.text) for RIT_IRQHandler
    startup_lpc17xx.o(.ARM.__at_0x02FC) refers (Special) to heapauxi.o(.text) for __use_two_region_memory
    startup_lpc17xx.o(.text) refers (Special) to heapauxi.o(.text) for __use_two_region_memory
    startup_lpc17xx.o(.text) refers to __main.o(!!!main) for __main
    startup_lpc17xx.o(.text) refers to startup_lpc17xx.o(HEAP) for Heap_Mem
    startup_lpc17xx.o(.text) refers to startup_lpc17xx.o(STACK) for Stack_Mem
    sample.o(.text) refers (Special) to _printf_percent.o(.ARM.Collect$$_printf_percent$$00000000) for _printf_percent
    sample.o(.text) refers (Special) to _printf_pad.o(.text) for _printf_pre_padding
    sample.o(.text) refers (Special) to _printf_d.o(.ARM.Collect$$_printf_percent$$00000009) for _printf_d
    sample.o(.text) refers (Special) to _printf_dec.o(.text) for _printf_int_dec
    sample.o(.text) refers to sample.o(.bss.score) for score
    sample.o(.text) refers to noretval__2sprintf.o(.text) for __2sprintf
    sample.o(.text) refers to glcd.o(.text) for GUI_Text
    sample.o(.text) refers to sample.o(.data.countdown) for countdown
    sample.o(.text) refers to sample.o(.data.lives) for lives
    sample.o(.text) refers to sys_time.o(.text) for time
    sample.o(.text) refers to rand.o(.text) for srand
    sample.o(.text) refers to sample.o(.rodata.mazeDef) for mazeDef
    sample.o(.text) refers to sample.o(.bss.mazeGrid) for mazeGrid
    sample.o(.text) refers to sample.o(.bss.pillCount) for pillCount
    sample.o(.text) refers to rand.o(.emb_text) for rand
    sample.o(.text) refers to sample.o(.bss.offsetX) for offsetX
    sample.o(.text) refers to sample.o(.bss.powerPillsSpawned) for powerPillsSpawned
    sample.o(.text) refers to sample.o(.bss.offsetY) for offsetY
    sample.o(.text) refers to sample.o(.bss.drawPacMan.frame) for drawPacMan.frame
    sample.o(.text) refers to fflt_clz.o(x$fpl$fflt) for __aeabi_i2f
    sample.o(.text) refers to fmul.o(x$fpl$fmul) for __aeabi_fmul
    sample.o(.text) refers to atan2f.o(i.atan2f) for atan2f
    sample.o(.text) refers to fdiv.o(x$fpl$fdiv) for __aeabi_fdiv
    sample.o(.text) refers to fcmp.o(x$fpl$fcmp) for __aeabi_fcmple
    sample.o(.text) refers to sample.o(.data.pacmanRow) for pacmanRow
    sample.o(.text) refers to sample.o(.bss.pacmanDirRow) for pacmanDirRow
    sample.o(.text) refers to sample.o(.data.pacmanCol) for pacmanCol
    sample.o(.text) refers to sample.o(.bss.pacmanDirCol) for pacmanDirCol
    sample.o(.text) refers to sample.o(.bss.pillsEaten) for pillsEaten
    sample.o(.text) refers to sample.o(.data.gamePaused) for gamePaused
    sample.o(.text) refers to lib_rit.o(.text) for disable_RIT
    sample.o(.text) refers to lib_timer.o(.text) for disable_timer
    sample.o(.text) refers to ghost.o(.text) for ghostFrightenedMode
    sample.o(.text) refers to system_lpc17xx.o(.text) for SystemInit
    sample.o(.text) refers to touchpanel.o(.text) for TP_Init
    sample.o(.text) refers to lib_button.o(.text) for BUTTON_init
    sample.o(.text) refers to lib_adc.o(.text) for ADC_init
    sample.o(.text) refers to lib_joystick.o(.text) for joystick_init
    sample.o(.ARM.exidx) refers (Special) to _printf_percent.o(.ARM.Collect$$_printf_percent$$00000000) for _printf_percent
    sample.o(.ARM.exidx) refers (Special) to _printf_pad.o(.text) for _printf_pre_padding
    sample.o(.ARM.exidx) refers (Special) to _printf_d.o(.ARM.Collect$$_printf_percent$$00000009) for _printf_d
    sample.o(.ARM.exidx) refers (Special) to _printf_dec.o(.text) for _printf_int_dec
    sample.o(.ARM.exidx) refers to sample.o(.text) for [Anonymous Symbol]
    sample.o(.bss.pillCount) refers (Special) to _printf_percent.o(.ARM.Collect$$_printf_percent$$00000000) for _printf_percent
    sample.o(.bss.pillCount) refers (Special) to _printf_pad.o(.text) for _printf_pre_padding
    sample.o(.bss.pillCount) refers (Special) to _printf_d.o(.ARM.Collect$$_printf_percent$$00000009) for _printf_d
[...]
    ../clib/printf.c                         0x00000000   Number         0  __printf_ss_wp.o ABSOLUTE
    ../clib/printf.c                         0x00000000   Number         0  __printf_flags_ss_wp.o ABSOLUTE
    ../clib/printf.c                         0x00000000   Number         0  _printf_intcommon.o ABSOLUTE
    ../clib/printf.c                         0x00000000   Number         0  _printf_char_common.o ABSOLUTE
    ../clib/printf.c                         0x00000000   Number         0  _sputc.o ABSOLUTE
    ../clib/printf.c                         0x00000000   Number         0  __printf_nopercent.o ABSOLUTE
    ../clib/printf_percent.s                 0x00000000   Number         0  _printf_d.o ABSOLUTE
    ../clib/printf_percent.s                 0x00000000   Number         0  _printf_percent.o ABSOLUTE
    ../clib/printf_percent.s                 0x00000000   Number         0  _printf_percent_end.o ABSOLUTE
    ../clib/signal.c                         0x00000000   Number         0  defsig_rtmem_outer.o ABSOLUTE
    ../clib/signal.c                         0x00000000   Number         0  defsig_rtmem_formal.o ABSOLUTE
    ../clib/signal.c                         0x00000000   Number         0  defsig_exit.o ABSOLUTE
    ../clib/signal.c                         0x00000000   Number         0  defsig_rtmem_inner.o ABSOLUTE
    ../clib/signal.c                         0x00000000   Number         0  __raise.o ABSOLUTE
    ../clib/signal.c                         0x00000000   Number         0  defsig_general.o ABSOLUTE
    ../clib/signal.c                         0x00000000   Number         0  defsig_abrt_inner.o ABSOLUTE
    ../clib/signal.c                         0x00000000   Number         0  defsig_fpe_inner.o ABSOLUTE
    ../clib/signal.c                         0x00000000   Number         0  defsig_rtred_inner.o ABSOLUTE
    ../clib/signal.c                         0x00000000   Number         0  defsig_stak_inner.o ABSOLUTE
    ../clib/signal.c                         0x00000000   Number         0  defsig_pvfn_inner.o ABSOLUTE
    ../clib/signal.c                         0x00000000   Number         0  defsig_cppl_inner.o ABSOLUTE
    ../clib/signal.c                         0x00000000   Number         0  defsig_segv_inner.o ABSOLUTE
    ../clib/signal.c                         0x00000000   Number         0  defsig_other.o ABSOLUTE
    ../clib/signal.s                         0x00000000   Number         0  defsig.o ABSOLUTE
    ../clib/stdlib.c                         0x00000000   Number         0  rand.o ABSOLUTE
    ../clib/stdlib.c                         0x00000000   Number         0  rand.o ABSOLUTE
    ../clib/stdlib.c                         0x00000000   Number         0  exit.o ABSOLUTE
    ../fplib/daddsub.s                       0x00000000   Number         0  daddsub_clz.o ABSOLUTE
    ../fplib/dcmp.s                          0x00000000   Number         0  dcmp.o ABSOLUTE
    ../fplib/dcmpi.s                         0x00000000   Number         0  dcmpi.o ABSOLUTE
    ../fplib/ddiv.s                          0x00000000   Number         0  ddiv.o ABSOLUTE
    ../fplib/deqf.s                          0x00000000   Number         0  deqf.o ABSOLUTE
    ../fplib/dfix.s                          0x00000000   Number         0  dfix.o ABSOLUTE
    ../fplib/dflt.s                          0x00000000   Number         0  dflt_clz.o ABSOLUTE
    ../fplib/dgeqf.s                         0x00000000   Number         0  dgeqf.o ABSOLUTE
    ../fplib/dleqf.s                         0x00000000   Number         0  dleqf.o ABSOLUTE
    ../fplib/dmul.s                          0x00000000   Number         0  dmul.o ABSOLUTE
    ../fplib/dnaninf.s                       0x00000000   Number         0  dnaninf.o ABSOLUTE
    ../fplib/dretinf.s                       0x00000000   Number         0  dretinf.o ABSOLUTE
    ../fplib/faddsub.s                       0x00000000   Number         0  faddsub_clz.o ABSOLUTE
    ../fplib/fcheck1.s                       0x00000000   Number         0  fcheck1.o ABSOLUTE
    ../fplib/fcmp.s                          0x00000000   Number         0  fcmp.o ABSOLUTE
    ../fplib/fcmpi.s                         0x00000000   Number         0  fcmpi.o ABSOLUTE
    ../fplib/fdiv.s                          0x00000000   Number         0  fdiv.o ABSOLUTE
    ../fplib/feqf.s                          0x00000000   Number         0  feqf.o ABSOLUTE
    ../fplib/fflt.s                          0x00000000   Number         0  fflt_clz.o ABSOLUTE
    ../fplib/fgeqf.s                         0x00000000   Number         0  fgeqf.o ABSOLUTE
    ../fplib/fleqf.s                         0x00000000   Number         0  fleqf.o ABSOLUTE
    ../fplib/fmul.s                          0x00000000   Number         0  fmul.o ABSOLUTE
    ../fplib/fnaninf.s                       0x00000000   Number         0  fnaninf.o ABSOLUTE
    ../fplib/fpinit.s                        0x00000000   Number         0  fpinit.o ABSOLUTE
    ../fplib/fpinit_empty.s                  0x00000000   Number         0  fpinit_empty.o ABSOLUTE
    ../fplib/fretinf.s                       0x00000000   Number         0  fretinf.o ABSOLUTE
    ../fplib/retnan.s                        0x00000000   Number         0  retnan.o ABSOLUTE
    ../fplib/scalbnf.s                       0x00000000   Number         0  scalbnf.o ABSOLUTE
    ../fplib/trapv.s                         0x00000000   Number         0  trapv.o ABSOLUTE
    ../fplib/usenofp.s                       0x00000000   Number         0  usenofp.o ABSOLUTE
    ../mathlib/atan2f.c                      0x00000000   Number         0  atan2f.o ABSOLUTE
    ../mathlib/fpclassifyf.c                 0x00000000   Number         0  fpclassifyf.o ABSOLUTE
    ../mathlib/funder.c                      0x00000000   Number         0  funder.o ABSOLUTE
    AsciiLib.c                               0x00000000   Number         0  asciilib.o ABSOLUTE
    GLCD.c                                   0x00000000   Number         0  glcd.o ABSOLUTE
    HzLib.c                                  0x00000000   Number         0  hzlib.o ABSOLUTE
    IRQ_CAN.c                                0x00000000   Number         0  irq_can.o ABSOLUTE
    IRQ_RIT.c                                0x00000000   Number         0  irq_rit.o ABSOLUTE
    IRQ_adc.c                                0x00000000   Number         0  irq_adc.o ABSOLUTE
    IRQ_button.c                             0x00000000   Number         0  irq_button.o ABSOLUTE
    IRQ_timer.c                              0x00000000   Number         0  irq_timer.o ABSOLUTE
    Source\startup_LPC17xx.s                 0x00000000   Number         0  startup_lpc17xx.o ABSOLUTE
    TouchPanel.c                             0x00000000   Number         0  touchpanel.o ABSOLUTE
    dc.s                                     0x00000000   Number         0  dc.o ABSOLUTE
    funct_joystick.c                         0x00000000   Number         0  funct_joystick.o ABSOLUTE
    funct_led.c                              0x00000000   Number         0  funct_led.o ABSOLUTE
    ghost.c                                  0x00000000   Number         0  ghost.o ABSOLUTE
    lib_CAN.c                                0x00000000   Number         0  lib_can.o ABSOLUTE
    lib_RIT.c                                0x00000000   Number         0  lib_rit.o ABSOLUTE
    lib_adc.c                                0x00000000   Number         0  lib_adc.o ABSOLUTE
    lib_button.c                             0x00000000   Number         0  lib_button.o ABSOLUTE
    lib_joystick.c                           0x00000000   Number         0  lib_joystick.o ABSOLUTE
    lib_led.c                                0x00000000   Number         0  lib_led.o ABSOLUTE
    lib_timer.c                              0x00000000   Number         0  lib_timer.o ABSOLUTE
    music.c                                  0x00000000   Number         0  music.o ABSOLUTE
    sample.c                                 0x00000000   Number         0  sample.o ABSOLUTE
    system_LPC17xx.c                         0x00000000   Number         0  system_lpc17xx.o ABSOLUTE
    RESET                                    0x00000000   Section      204  startup_lpc17xx.o(RESET)
    !!!main                                  0x000000cc   Section        8  __main.o(!!!main)
    !!!scatter                               0x000000d4   Section       92  __scatter.o(!!!scatter)
    !!dczerorl2                              0x00000130   Section       90  __dczerorl2.o(!!dczerorl2)
    !!handler_null                           0x0000018c   Section        2  __scatter.o(!!handler_null)
    !!handler_zi                             0x00000190   Section       28  __scatter_zi.o(!!handler_zi)
    .ARM.Collect$$_printf_percent$$00000000  0x000001ac   Section        0  _printf_percent.o(.ARM.Collect$$_printf_percent$$00000000)
    .ARM.Collect$$_printf_percent$$00000009  0x000001ac   Section        6  _printf_d.o(.ARM.Collect$$_printf_percent$$00000009)
    .ARM.Collect$$_printf_percent$$00000017  0x000001b2   Section        4  _printf_percent_end.o(.ARM.Collect$$_printf_percent$$00000017)
    .ARM.Collect$$libinit$$00000000          0x000001b6   Section        2  libinit.o(.ARM.Collect$$libinit$$00000000)
    .ARM.Collect$$libinit$$00000002          0x000001b8   Section        0  libinit2.o(.ARM.Collect$$libinit$$00000002)
    .ARM.Collect$$libinit$$00000004          0x000001b8   Section        0  libinit2.o(.ARM.Collect$$libinit$$00000004)
    .ARM.Collect$$libinit$$00000006          0x000001b8   Section        0  libinit2.o(.ARM.Collect$$libinit$$00000006)
    .ARM.Collect$$libinit$$0000000C          0x000001b8   Section        0  libinit2.o(.ARM.Collect$$libinit$$0000000C)
    .ARM.Collect$$libinit$$0000000E          0x000001b8   Section        0  libinit2.o(.ARM.Collect$$libinit$$0000000E)
    .ARM.Collect$$libinit$$0000000F          0x000001b8   Section        4  libinit2.o(.ARM.Collect$$libinit$$0000000F)
    .ARM.Collect$$libinit$$00000010          0x000001bc   Section        0  libinit2.o(.ARM.Collect$$libinit$$00000010)
    .ARM.Collect$$libinit$$00000013          0x000001bc   Section        0  libinit2.o(.ARM.Collect$$libinit$$00000013)
    .ARM.Collect$$libinit$$00000015          0x000001bc   Section        0  libinit2.o(.ARM.Collect$$libinit$$00000015)
    .ARM.Collect$$libinit$$00000017          0x000001bc   Section        0  libinit2.o(.ARM.Collect$$libinit$$00000017)
    .ARM.Collect$$libinit$$00000019          0x000001bc   Section        0  libinit2.o(.ARM.Collect$$libinit$$00000019)
    .ARM.Collect$$libinit$$0000001B          0x000001bc   Section        0  libinit2.o(.ARM.Collect$$libinit$$0000001B)
    .ARM.Collect$$libinit$$0000001D          0x000001bc   Section        0  libinit2.o(.ARM.Collect$$libinit$$0000001D)
    .ARM.Collect$$libinit$$0000001F          0x000001bc   Section        0  libinit2.o(.ARM.Collect$$libinit$$0000001F)
    .ARM.Collect$$libinit$$00000021          0x000001bc   Section        0  libinit2.o(.ARM.Collect$$libinit$$00000021)
    .ARM.Collect$$libinit$$00000023          0x000001bc   Section        0  libinit2.o(.ARM.Collect$$libinit$$00000023)
    .ARM.Collect$$libinit$$00000025          0x000001bc   Section        0  libinit2.o(.ARM.Collect$$libinit$$00000025)
    .ARM.Collect$$libinit$$00000027          0x000001bc   Section        0  libinit2.o(.ARM.Collect$$libinit$$00000027)
    .ARM.Collect$$libinit$$0000002E          0x000001bc   Section        0  libinit2.o(.ARM.Collect$$libinit$$0000002E)
    .ARM.Collect$$libinit$$00000030          0x000001bc   Section        0  libinit2.o(.ARM.Collect$$libinit$$00000030)
    .ARM.Collect$$libinit$$00000032          0x000001bc   Section        0  libinit2.o(.ARM.Collect$$libinit$$00000032)
    .ARM.Collect$$libinit$$00000034          0x000001bc   Section        0  libinit2.o(.ARM.Collect$$libinit$$00000034)
    .ARM.Collect$$libinit$$00000035          0x000001bc   Section        2  libinit2.o(.ARM.Collect$$libinit$$00000035)
    .ARM.Collect$$libshutdown$$00000000      0x000001be   Section        2  libshutdown.o(.ARM.Collect$$libshutdown$$00000000)
    .ARM.Collect$$libshutdown$$00000002      0x000001c0   Section        0  libshutdown2.o(.ARM.Collect$$libshutdown$$00000002)
    .ARM.Collect$$libshutdown$$00000004      0x000001c0   Section        0  libshutdown2.o(.ARM.Collect$$libshutdown$$00000004)
    .ARM.Collect$$libshutdown$$00000007      0x000001c0   Section        0  libshutdown2.o(.ARM.Collect$$libshutdown$$00000007)
    .ARM.Collect$$libshutdown$$0000000A      0x000001c0   Section        0  libshutdown2.o(.ARM.Collect$$libshutdown$$0000000A)
    .ARM.Collect$$libshutdown$$0000000C      0x000001c0   Section        0  libshutdown2.o(.ARM.Collect$$libshutdown$$0000000C)
    .ARM.Collect$$libshutdown$$0000000F      0x000001c0   Section        0  libshutdown2.o(.ARM.Collect$$libshutdown$$0000000F)
    .ARM.Collect$$libshutdown$$00000010      0x000001c0   Section        2  libshutdown2.o(.ARM.Collect$$libshutdown$$00000010)
    .ARM.Collect$$rtentry$$00000000          0x000001c2   Section        0  __rtentry.o(.ARM.Collect$$rtentry$$00000000)
    .ARM.Collect$$rtentry$$00000002          0x000001c2   Section        0  __rtentry2.o(.ARM.Collect$$rtentry$$00000002)
    .ARM.Collect$$rtentry$$00000004          0x000001c2   Section        6  __rtentry4.o(.ARM.Collect$$rtentry$$00000004)
    .ARM.Collect$$rtentry$$00000009          0x000001c8   Section        0  __rtentry2.o(.ARM.Collect$$rtentry$$00000009)
    .ARM.Collect$$rtentry$$0000000A          0x000001c8   Section        4  __rtentry2.o(.ARM.Collect$$rtentry$$0000000A)
    .ARM.Collect$$rtentry$$0000000C          0x000001cc   Section        0  __rtentry2.o(.ARM.Collect$$rtentry$$0000000C)
    .ARM.Collect$$rtentry$$0000000D          0x000001cc   Section        8  __rtentry2.o(.ARM.Collect$$rtentry$$0000000D)
    .ARM.Collect$$rtexit$$00000000           0x000001d4   Section        2  rtexit.o(.ARM.Collect$$rtexit$$00000000)
    .ARM.Collect$$rtexit$$00000002           0x000001d6   Section        0  rtexit2.o(.ARM.Collect$$rtexit$$00000002)
    .ARM.Collect$$rtexit$$00000003           0x000001d6   Section        4  rtexit2.o(.ARM.Collect$$rtexit$$00000003)
    .ARM.Collect$$rtexit$$00000004           0x000001da   Section        6  rtexit2.o(.ARM.Collect$$rtexit$$00000004)
    .emb_text                                0x000001e0   Section       52  rand.o(.emb_text)
    .text                                    0x00000214   Section       52  startup_lpc17xx.o(.text)
    [Anonymous Symbol]                       0x00000248   Section        0  asciilib.o(.text)
    [Anonymous Symbol]                       0x00000274   Section        0  lib_rit.o(.text)
    .text                                    0x000002f2   Section        0  heapauxi.o(.text)
    .text                                    0x000002f8   Section        2  use_no_semi.o(.text)
    .text                                    0x000002fa   Section        0  indicate_semi.o(.text)
    x$fpl$usenofp                            0x000002fa   Section        0  usenofp.o(x$fpl$usenofp)
    .ARM.__at_0x02FC                         0x000002fc   Section        4  startup_lpc17xx.o(.ARM.__at_0x02FC)
    [Anonymous Symbol]                       0x00000300   Section        0  sample.o(.text)
    [Anonymous Symbol]                       0x00000e10   Section        0  system_lpc17xx.o(.text)
    [Anonymous Symbol]                       0x00000f60   Section        0  irq_timer.o(.text)
    [Anonymous Symbol]                       0x0000105c   Section        0  lib_timer.o(.text)
    [Anonymous Symbol]                       0x0000116c   Section        0  glcd.o(.text)
    [Anonymous Symbol]                       0x00002894   Section        0  touchpanel.o(.text)
    ADS7843_SPI_Init                         0x000028f9   Thumb Code   148  touchpanel.o(.text)
    DelayUS                                  0x000029cd   Thumb Code    58  touchpanel.o(.text)
    WR_CMD                                   0x00002a09   Thumb Code    98  touchpanel.o(.text)
    RD_AD                                    0x00002a6d   Thumb Code    86  touchpanel.o(.text)
    [Anonymous Symbol]                       0x0000366c   Section        0  irq_rit.o(.text)
    [Anonymous Symbol]                       0x000037f8   Section        0  lib_joystick.o(.text)
    [Anonymous Symbol]                       0x0000384c   Section        0  funct_led.o(.text)
    [Anonymous Symbol]                       0x000038e4   Section        0  irq_button.o(.text)
    [Anonymous Symbol]                       0x00003974   Section        0  lib_button.o(.text)
    [Anonymous Symbol]                       0x000039f0   Section        0  ghost.o(.text)
    [Anonymous Symbol]                       0x00003e54   Section        0  irq_adc.o(.text)
    [Anonymous Symbol]                       0x00003eec   Section        0  lib_adc.o(.text)
    [Anonymous Symbol]                       0x00003f54   Section        0  music.o(.text)
    [Anonymous Symbol]                       0x00003fac   Section        0  irq_can.o(.text)
    [Anonymous Symbol]                       0x000040b0   Section        0  lib_can.o(.text)
    .text                                    0x000045a6   Section        0  sys_time.o(.text)
    .text                                    0x000045b8   Section        0  noretval__2sprintf.o(.text)
    .text                                    0x000045e0   Section        0  _printf_pad.o(.text)
    .text                                    0x00004630   Section        0  _printf_dec.o(.text)
    .text                                    0x000046a8   Section        0  __printf_wp.o(.text)
    .text                                    0x000047b8   Section        0  rand.o(.text)
    .text                                    0x000047f4   Section       78  rt_memclr_w.o(.text)
    .text                                    0x00004842   Section        0  _rserrno.o(.text)
    .text                                    0x00004858   Section        0  _printf_intcommon.o(.text)
    _printf_input_char                       0x0000490d   Thumb Code    10  _printf_char_common.o(.text)
    .text                                    0x0000490c   Section        0  _printf_char_common.o(.text)
    .text                                    0x0000493c   Section        0  _sputc.o(.text)
    .text                                    0x00004948   Section        8  rt_errno_addr_intlibspace.o(.text)
    .text                                    0x00004950   Section        8  libspace.o(.text)
    .text                                    0x00004958   Section       74  sys_stackheap_outer.o(.text)
    .text                                    0x000049a2   Section        0  exit.o(.text)
    .text                                    0x000049b4   Section        0  sys_exit.o(.text)
    i.__ARM_fpclassifyf                      0x000049c0   Section        0  fpclassifyf.o(i.__ARM_fpclassifyf)
    i.__mathlib_flt_infnan2                  0x000049e6   Section        0  funder.o(i.__mathlib_flt_infnan2)
    i.__mathlib_flt_underflow                0x000049ea   Section        0  funder.o(i.__mathlib_flt_underflow)
    i._is_digit                              0x000049f4   Section        0  __printf_wp.o(i._is_digit)
    i.atan2f                                 0x00004a04   Section        0  atan2f.o(i.atan2f)
    x$fpl$dadd                               0x00004ca8   Section      336  daddsub_clz.o(x$fpl$dadd)
    _dadd1                                   0x00004cb9   Thumb Code     0  daddsub_clz.o(x$fpl$dadd)
    x$fpl$dcmpinf                            0x00004df8   Section       24  dcmpi.o(x$fpl$dcmpinf)
    x$fpl$ddiv                               0x00004e10   Section      696  ddiv.o(x$fpl$ddiv)
    ddiv_entry                               0x00004e17   Thumb Code     0  ddiv.o(x$fpl$ddiv)
    x$fpl$deqf                               0x000050c8   Section      120  deqf.o(x$fpl$deqf)
    x$fpl$dfix                               0x00005140   Section       94  dfix.o(x$fpl$dfix)
    x$fpl$dflt                               0x0000519e   Section       46  dflt_clz.o(x$fpl$dflt)
    x$fpl$dgeqf                              0x000051cc   Section      120  dgeqf.o(x$fpl$dgeqf)
    x$fpl$dleqf                              0x00005244   Section      120  dleqf.o(x$fpl$dleqf)
    x$fpl$dmul                               0x000052bc   Section      340  dmul.o(x$fpl$dmul)
    x$fpl$dnaninf                            0x00005410   Section      156  dnaninf.o(x$fpl$dnaninf)
    x$fpl$dretinf                            0x000054ac   Section       12  dretinf.o(x$fpl$dretinf)
    x$fpl$dsub                               0x000054b8   Section      476  daddsub_clz.o(x$fpl$dsub)
    _dsub1                                   0x000054c9   Thumb Code     0  daddsub_clz.o(x$fpl$dsub)
    x$fpl$fadd                               0x00005694   Section      196  faddsub_clz.o(x$fpl$fadd)
    _fadd1                                   0x000056a3   Thumb Code     0  faddsub_clz.o(x$fpl$fadd)
    x$fpl$fcheck1                            0x00005758   Section       12  fcheck1.o(x$fpl$fcheck1)
    x$fpl$fcmp                               0x00005764   Section       84  dcmp.o(x$fpl$fcmp)
    x$fpl$fcmp                               0x000057b8   Section       84  fcmp.o(x$fpl$fcmp)
    x$fpl$fcmpinf                            0x0000580c   Section       24  fcmpi.o(x$fpl$fcmpinf)
    _fdiv1                                   0x00005825   Thumb Code     0  fdiv.o(x$fpl$fdiv)
    x$fpl$fdiv                               0x00005824   Section      388  fdiv.o(x$fpl$fdiv)
    x$fpl$feqf                               0x000059a8   Section      104  feqf.o(x$fpl$feqf)
    x$fpl$fflt                               0x00005a10   Section       48  fflt_clz.o(x$fpl$fflt)
    x$fpl$fgeqf                              0x00005a40   Section      104  fgeqf.o(x$fpl$fgeqf)
    x$fpl$fleqf                              0x00005aa8   Section      104  fleqf.o(x$fpl$fleqf)
    x$fpl$fmul                               0x00005b10   Section      258  fmul.o(x$fpl$fmul)
    x$fpl$fnaninf                            0x00005c12   Section      140  fnaninf.o(x$fpl$fnaninf)
    x$fpl$fretinf                            0x00005c9e   Section       10  fretinf.o(x$fpl$fretinf)
    x$fpl$frsb                               0x00005ca8   Section       20  faddsub_clz.o(x$fpl$frsb)
    x$fpl$fsub                               0x00005cbc   Section      234  faddsub_clz.o(x$fpl$fsub)
    _fsub1                                   0x00005ccb   Thumb Code     0  faddsub_clz.o(x$fpl$fsub)
    x$fpl$retnan                             0x00005da6   Section      100  retnan.o(x$fpl$retnan)
    x$fpl$scalbnf                            0x00005e0a   Section       76  scalbnf.o(x$fpl$scalbnf)
    x$fpl$trapveneer                         0x00005e56   Section       48  trapv.o(x$fpl$trapveneer)
    .L__const.TP_DrawPoint_Magnifier.mosse   0x00005e88   Data          48  touchpanel.o(.rodata..L__const.TP_DrawPoint_Magnifier.mosse)
    AsciiLib                                 0x00005eb8   Data        1520  asciilib.o(.rodata.AsciiLib)
    [Anonymous Symbol]                       0x00005eb8   Section        0  asciilib.o(.rodata.AsciiLib)
    mazeDef                                  0x000064e8   Data         841  sample.o(.rodata.mazeDef)
    [Anonymous Symbol]                       0x000064e8   Section        0  sample.o(.rodata.mazeDef)
    .L.str                                   0x00006831   Data          29  touchpanel.o(.rodata.str1.1)
    [Anonymous Symbol]                       0x00006831   Section        0  touchpanel.o(.rodata.str1.1)
    .bss                                     0x2007c200   Section      228  rand.o(.bss)
    .bss                                     0x2007c2e4   Section       96  libspace.o(.bss)
    CAN_wrFilter.CAN_ext_cnt                 0x2007c358   Data           4  lib_can.o(.bss.CAN_wrFilter.CAN_ext_cnt)
    [Anonymous Symbol]                       0x2007c358   Section        0  lib_can.o(.bss.CAN_wrFilter.CAN_ext_cnt)
    CAN_wrFilter.CAN_std_cnt                 0x2007c35c   Data           4  lib_can.o(.bss.CAN_wrFilter.CAN_std_cnt)
    [Anonymous Symbol]                       0x2007c35c   Section        0  lib_can.o(.bss.CAN_wrFilter.CAN_std_cnt)
    RIT_IRQHandler.buttonPressed             0x2007c360   Data           1  irq_rit.o(.bss.RIT_IRQHandler.buttonPressed)
    [Anonymous Symbol]                       0x2007c360   Section        0  irq_rit.o(.bss.RIT_IRQHandler.buttonPressed)
    RIT_IRQHandler.currentNote               0x2007c364   Data           4  irq_rit.o(.bss.RIT_IRQHandler.currentNote)
    [Anonymous Symbol]                       0x2007c364   Section        0  irq_rit.o(.bss.RIT_IRQHandler.currentNote)
    RIT_IRQHandler.debounceCounter           0x2007c368   Data           4  irq_rit.o(.bss.RIT_IRQHandler.debounceCounter)
    [Anonymous Symbol]                       0x2007c368   Section        0  irq_rit.o(.bss.RIT_IRQHandler.debounceCounter)
    RIT_IRQHandler.ticks                     0x2007c36c   Data           4  irq_rit.o(.bss.RIT_IRQHandler.ticks)
    [Anonymous Symbol]                       0x2007c36c   Section        0  irq_rit.o(.bss.RIT_IRQHandler.ticks)
    Read_Ads7846.screen                      0x2007c370   Data           4  touchpanel.o(.bss.Read_Ads7846.screen)
    [Anonymous Symbol]                       0x2007c370   Section        0  touchpanel.o(.bss.Read_Ads7846.screen)
    TIMER0_IRQHandler.sineticks              0x2007c384   Data           4  irq_timer.o(.bss.TIMER0_IRQHandler.sineticks)
    [Anonymous Symbol]                       0x2007c384   Section        0  irq_timer.o(.bss.TIMER0_IRQHandler.sineticks)
    drawPacMan.frame                         0x2007c3a8   Data           4  sample.o(.bss.drawPacMan.frame)
    [Anonymous Symbol]                       0x2007c3a8   Section        0  sample.o(.bss.drawPacMan.frame)
    puntiInviati1                            0x2007c404   Data           4  irq_can.o(.bss.puntiInviati1)
    [Anonymous Symbol]                       0x2007c404   Section        0  irq_can.o(.bss.puntiInviati1)
    puntiInviati2                            0x2007c408   Data           4  irq_can.o(.bss.puntiInviati2)
    [Anonymous Symbol]                       0x2007c408   Section        0  irq_can.o(.bss.puntiInviati2)
    puntiRicevuti1                           0x2007c40c   Data           4  irq_can.o(.bss.puntiRicevuti1)
    [Anonymous Symbol]                       0x2007c40c   Section        0  irq_can.o(.bss.puntiRicevuti1)
    puntiRicevuti2                           0x2007c410   Data           4  irq_can.o(.bss.puntiRicevuti2)
    [Anonymous Symbol]                       0x2007c410   Section        0  irq_can.o(.bss.puntiRicevuti2)
    Heap_Mem                                 0x2007c420   Data           0  startup_lpc17xx.o(HEAP)
    Stack_Mem                                0x2007c420   Data        1024  startup_lpc17xx.o(STACK)
    HEAP                                     0x2007c420   Section        0  startup_lpc17xx.o(HEAP)
    STACK                                    0x2007c420   Section     1024  startup_lpc17xx.o(STACK)
    __initial_sp                             0x2007c820   Data           0  startup_lpc17xx.o(STACK)

    Global Symbols

    Symbol Name                              Value     Ov Type        Size  Object(Section)

    BuildAttributes$$THM_ISAv4$P$D$K$B$S$PE$A:L22UL41UL21$X:L11$S22US41US21$IEEE1$IW$~IW$USESV6$~STKCKD$USESV7$~SHL$OTIME$ROPI$IEEEX$EBA8$UX$STANDARDLIB$REQ8$PRES8$EABIv2 0x00000000   Number         0  anon$$obj.o ABSOLUTE
    __Vectors                                0x00000000   Data           4  startup_lpc17xx.o(RESET)
    __fp_init_empty                          0x00000000   Number         0  fpinit_empty.o ABSOLUTE
    _printf_flags                            0x00000000   Number         0  printf_stubs.o ABSOLUTE
    _printf_return_value                     0x00000000   Number         0  printf_stubs.o ABSOLUTE
    _printf_sizespec                         0x00000000   Number         0  printf_stubs.o ABSOLUTE
    _printf_widthprec                        0x00000000   Number         0  printf_stubs.o ABSOLUTE
    __ARM_exceptions_init                     - Undefined Weak Reference
    __alloca_initialize                       - Undefined Weak Reference
    __arm_preinit_                            - Undefined Weak Reference
    __arm_relocate_pie_                       - Undefined Weak Reference
    __cpp_initialize__aeabi_                  - Undefined Weak Reference
    __cxa_finalize                            - Undefined Weak Reference
    __rt_locale                               - Undefined Weak Reference
    __sigvec_lookup                           - Undefined Weak Reference
    _atexit_init                              - Undefined Weak Reference
    _call_atexit_fns                          - Undefined Weak Reference
    _clock_init                               - Undefined Weak Reference
    _fp_trap_init                             - Undefined Weak Reference
    _fp_trap_shutdown                         - Undefined Weak Reference
    _get_lc_collate                           - Undefined Weak Reference
    _get_lc_ctype                             - Undefined Weak Reference
    _get_lc_monetary                          - Undefined Weak Reference
    _get_lc_numeric                           - Undefined Weak Reference
    _get_lc_time                              - Undefined Weak Reference
    _getenv_init                              - Undefined Weak Reference
    _handle_redirection                       - Undefined Weak Reference
    _init_alloc                               - Undefined Weak Reference
    _init_user_alloc                          - Undefined Weak Reference
    _initio                                   - Undefined Weak Reference
    _printf_truncate_signed                   - Undefined Weak Reference
    _printf_truncate_unsigned                 - Undefined Weak Reference
    _signal_finish                            - Undefined Weak Reference
    _signal_init                              - Undefined Weak Reference
    _terminate_alloc                          - Undefined Weak Reference
    _terminate_user_alloc                     - Undefined Weak Reference
    _terminateio                              - Undefined Weak Reference
    __main                                   0x000000cd   Thumb Code     8  __main.o(!!!main)
    __scatterload                            0x000000d5   Thumb Code     0  __scatter.o(!!!scatter)
    __scatterload_rt2                        0x000000d5   Thumb Code    84  __scatter.o(!!!scatter)
    __scatterload_rt2_thumb_only             0x000000d5   Thumb Code     0  __scatter.o(!!!scatter)
    __scatterload_loop                       0x000000df   Thumb Code     0  __scatter.o(!!!scatter)
    __decompress                             0x00000131   Thumb Code    90  __dczerorl2.o(!!dczerorl2)
    __decompress1                            0x00000131   Thumb Code     0  __dczerorl2.o(!!dczerorl2)
    __scatterload_null                       0x0000018d   Thumb Code     2  __scatter.o(!!handler_null)
    __scatterload_zeroinit                   0x00000191   Thumb Code    28  __scatter_zi.o(!!handler_zi)
    _printf_d                                0x000001ad   Thumb Code     0  _printf_d.o(.ARM.Collect$$_printf_percent$$00000009)
    _printf_percent                          0x000001ad   Thumb Code     0  _printf_percent.o(.ARM.Collect$$_printf_percent$$00000000)
    _printf_percent_end                      0x000001b3   Thumb Code     0  _printf_percent_end.o(.ARM.Collect$$_printf_percent$$00000017)
    __rt_lib_init                            0x000001b7   Thumb Code     0  libinit.o(.ARM.Collect$$libinit$$00000000)
    __rt_lib_init_fp_1                       0x000001b9   Thumb Code     0  libinit2.o(.ARM.Collect$$libinit$$00000002)
    __rt_lib_init_heap_1                     0x000001b9   Thumb Code     0  libinit2.o(.ARM.Collect$$libinit$$0000000C)
    __rt_lib_init_preinit_1                  0x000001b9   Thumb Code     0  libinit2.o(.ARM.Collect$$libinit$$00000006)
    __rt_lib_init_rand_2                     0x000001b9   Thumb Code     0  libinit2.o(.ARM.Collect$$libinit$$0000000F)
    __rt_lib_init_relocate_pie_1             0x000001b9   Thumb Code     0  libinit2.o(.ARM.Collect$$libinit$$00000004)
    __rt_lib_init_user_alloc_1               0x000001b9   Thumb Code     0  libinit2.o(.ARM.Collect$$libinit$$0000000E)
    __rt_lib_init_alloca_1                   0x000001bd   Thumb Code     0  libinit2.o(.ARM.Collect$$libinit$$00000030)
    __rt_lib_init_argv_1                     0x000001bd   Thumb Code     0  libinit2.o(.ARM.Collect$$libinit$$0000002E)
    __rt_lib_init_atexit_1                   0x000001bd   Thumb Code     0  libinit2.o(.ARM.Collect$$libinit$$0000001D)
    __rt_lib_init_clock_1                    0x000001bd   Thumb Code     0  libinit2.o(.ARM.Collect$$libinit$$00000023)
    __rt_lib_init_cpp_1                      0x000001bd   Thumb Code     0  libinit2.o(.ARM.Collect$$libinit$$00000034)
    __rt_lib_init_exceptions_1               0x000001bd   Thumb Code     0  libinit2.o(.ARM.Collect$$libinit$$00000032)
    __rt_lib_init_fp_trap_1                  0x000001bd   Thumb Code     0  libinit2.o(.ARM.Collect$$libinit$$00000021)
    __rt_lib_init_getenv_1                   0x000001bd   Thumb Code     0  libinit2.o(.ARM.Collect$$libinit$$00000025)
    __rt_lib_init_lc_collate_1               0x000001bd   Thumb Code     0  libinit2.o(.ARM.Collect$$libinit$$00000013)
    __rt_lib_init_lc_ctype_1                 0x000001bd   Thumb Code     0  libinit2.o(.ARM.Collect$$libinit$$00000015)
    __rt_lib_init_lc_monetary_1              0x000001bd   Thumb Code     0  libinit2.o(.ARM.Collect$$libinit$$00000017)
    __rt_lib_init_lc_numeric_1               0x000001bd   Thumb Code     0  libinit2.o(.ARM.Collect$$libinit$$00000019)
    __rt_lib_init_lc_time_1                  0x000001bd   Thumb Code     0  libinit2.o(.ARM.Collect$$libinit$$0000001B)
    __rt_lib_init_rand_1                     0x000001bd   Thumb Code     0  libinit2.o(.ARM.Collect$$libinit$$00000010)
    __rt_lib_init_return                     0x000001bd   Thumb Code     0  libinit2.o(.ARM.Collect$$libinit$$00000035)
    __rt_lib_init_signal_1                   0x000001bd   Thumb Code     0  libinit2.o(.ARM.Collect$$libinit$$0000001F)
    __rt_lib_init_stdio_1                    0x000001bd   Thumb Code     0  libinit2.o(.ARM.Collect$$libinit$$00000027)
    __rt_lib_shutdown                        0x000001bf   Thumb Code     0  libshutdown.o(.ARM.Collect$$libshutdown$$00000000)
    __rt_lib_shutdown_cpp_1                  0x000001c1   Thumb Code     0  libshutdown2.o(.ARM.Collect$$libshutdown$$00000002)
    __rt_lib_shutdown_fp_trap_1              0x000001c1   Thumb Code     0  libshutdown2.o(.ARM.Collect$$libshutdown$$00000007)
    __rt_lib_shutdown_heap_1                 0x000001c1   Thumb Code     0  libshutdown2.o(.ARM.Collect$$libshutdown$$0000000F)
    __rt_lib_shutdown_return                 0x000001c1   Thumb Code     0  libshutdown2.o(.ARM.Collect$$libshutdown$$00000010)
    __rt_lib_shutdown_signal_1               0x000001c1   Thumb Code     0  libshutdown2.o(.ARM.Collect$$libshutdown$$0000000A)
    __rt_lib_shutdown_stdio_1                0x000001c1   Thumb Code     0  libshutdown2.o(.ARM.Collect$$libshutdown$$00000004)
    __rt_lib_shutdown_user_alloc_1           0x000001c1   Thumb Code     0  libshutdown2.o(.ARM.Collect$$libshutdown$$0000000C)
    __rt_entry                               0x000001c3   Thumb Code     0  __rtentry.o(.ARM.Collect$$rtentry$$00000000)
    __rt_entry_presh_1                       0x000001c3   Thumb Code     0  __rtentry2.o(.ARM.Collect$$rtentry$$00000002)
    __rt_entry_sh                            0x000001c3   Thumb Code     0  __rtentry4.o(.ARM.Collect$$rtentry$$00000004)
    __rt_entry_li                            0x000001c9   Thumb Code     0  __rtentry2.o(.ARM.Collect$$rtentry$$0000000A)
    __rt_entry_postsh_1                      0x000001c9   Thumb Code     0  __rtentry2.o(.ARM.Collect$$rtentry$$00000009)
    __rt_entry_main                          0x000001cd   Thumb Code     0  __rtentry2.o(.ARM.Collect$$rtentry$$0000000D)
    __rt_entry_postli_1                      0x000001cd   Thumb Code     0  __rtentry2.o(.ARM.Collect$$rtentry$$0000000C)
    __rt_exit                                0x000001d5   Thumb Code     0  rtexit.o(.ARM.Collect$$rtexit$$00000000)
    __rt_exit_ls                             0x000001d7   Thumb Code     0  rtexit2.o(.ARM.Collect$$rtexit$$00000003)
    __rt_exit_prels_1                        0x000001d7   Thumb Code     0  rtexit2.o(.ARM.Collect$$rtexit$$00000002)
    __rt_exit_exit                           0x000001db   Thumb Code     0  rtexit2.o(.ARM.Collect$$rtexit$$00000004)
    rand                                     0x000001e1   Thumb Code    48  rand.o(.emb_text)
    Reset_Handler                            0x00000215   Thumb Code     4  startup_lpc17xx.o(.text)
    NMI_Handler                              0x00000219   Thumb Code     2  startup_lpc17xx.o(.text)
    HardFault_Handler                        0x0000021b   Thumb Code     2  startup_lpc17xx.o(.text)
    MemManage_Handler                        0x0000021d   Thumb Code     2  startup_lpc17xx.o(.text)
    BusFault_Handler                         0x0000021f   Thumb Code     2  startup_lpc17xx.o(.text)
    UsageFault_Handler                       0x00000221   Thumb Code     2  startup_lpc17xx.o(.text)
    SVC_Handler                              0x00000223   Thumb Code     2  startup_lpc17xx.o(.text)
    DebugMon_Handler                         0x00000225   Thumb Code     2  startup_lpc17xx.o(.text)
    PendSV_Handler                           0x00000227   Thumb Code     2  startup_lpc17xx.o(.text)
    SysTick_Handler                          0x00000229   Thumb Code     2  startup_lpc17xx.o(.text)
    BOD_IRQHandler                           0x0000022b   Thumb Code     0  startup_lpc17xx.o(.text)
    CANActivity_IRQHandler                   0x0000022b   Thumb Code     0  startup_lpc17xx.o(.text)
    DMA_IRQHandler                           0x0000022b   Thumb Code     0  startup_lpc17xx.o(.text)
    EINT3_IRQHandler                         0x0000022b   Thumb Code     0  startup_lpc17xx.o(.text)
    ENET_IRQHandler                          0x0000022b   Thumb Code     0  startup_lpc17xx.o(.text)
    I2C0_IRQHandler                          0x0000022b   Thumb Code     0  startup_lpc17xx.o(.text)
    I2C1_IRQHandler                          0x0000022b   Thumb Code     0  startup_lpc17xx.o(.text)
    I2C2_IRQHandler                          0x0000022b   Thumb Code     0  startup_lpc17xx.o(.text)
    I2S_IRQHandler                           0x0000022b   Thumb Code     0  startup_lpc17xx.o(.text)
    MCPWM_IRQHandler                         0x0000022b   Thumb Code     0  startup_lpc17xx.o(.text)
    PLL0_IRQHandler                          0x0000022b   Thumb Code     0  startup_lpc17xx.o(.text)
    PLL1_IRQHandler                          0x0000022b   Thumb Code     0  startup_lpc17xx.o(.text)
    PWM1_IRQHandler                          0x0000022b   Thumb Code     0  startup_lpc17xx.o(.text)
    QEI_IRQHandler                           0x0000022b   Thumb Code     0  startup_lpc17xx.o(.text)
    RTC_IRQHandler                           0x0000022b   Thumb Code     0  startup_lpc17xx.o(.text)
    SPI_IRQHandler                           0x0000022b   Thumb Code     0  startup_lpc17xx.o(.text)
    SSP0_IRQHandler                          0x0000022b   Thumb Code     0  startup_lpc17xx.o(.text)
    SSP1_IRQHandler                          0x0000022b   Thumb Code     0  startup_lpc17xx.o(.text)
    UART0_IRQHandler                         0x0000022b   Thumb Code     0  startup_lpc17xx.o(.text)
    UART1_IRQHandler                         0x0000022b   Thumb Code     0  startup_lpc17xx.o(.text)
    UART2_IRQHandler                         0x0000022b   Thumb Code     0  startup_lpc17xx.o(.text)
    UART3_IRQHandler                         0x0000022b   Thumb Code     0  startup_lpc17xx.o(.text)
    USBActivity_IRQHandler                   0x0000022b   Thumb Code     0  startup_lpc17xx.o(.text)
    USB_IRQHandler                           0x0000022b   Thumb Code     0  startup_lpc17xx.o(.text)
    WDT_IRQHandler                           0x0000022b   Thumb Code     0  startup_lpc17xx.o(.text)
    __user_initial_stackheap                 0x0000022d   Thumb Code     0  startup_lpc17xx.o(.text)
    GetASCIICode                             0x00000249   Thumb Code    42  asciilib.o(.text)
    enable_RIT                               0x00000275   Thumb Code    16  lib_rit.o(.text)
    disable_RIT                              0x00000285   Thumb Code    16  lib_rit.o(.text)
    reset_RIT                                0x00000295   Thumb Code    12  lib_rit.o(.text)
    init_RIT                                 0x000002a1   Thumb Code    82  lib_rit.o(.text)
    __use_two_region_memory                  0x000002f3   Thumb Code     2  heapauxi.o(.text)
    __rt_heap_escrow$2region                 0x000002f5   Thumb Code     2  heapauxi.o(.text)
    __rt_heap_expand$2region                 0x000002f7   Thumb Code     2  heapauxi.o(.text)
    __I$use$semihosting                      0x000002f9   Thumb Code     0  use_no_semi.o(.text)
    __use_no_semihosting_swi                 0x000002f9   Thumb Code     2  use_no_semi.o(.text)
    __I$use$fp                               0x000002fa   Number         0  usenofp.o(x$fpl$usenofp)
    __semihosting_library_function           0x000002fb   Thumb Code     0  indicate_semi.o(.text)
    replace_zero                             0x00000301   Thumb Code    22  sample.o(.text)
    drawUI                                   0x00000319   Thumb Code   188  sample.o(.text)
    fillCell                                 0x000003f9   Thumb Code    82  sample.o(.text)
    drawPill                                 0x0000044d   Thumb Code   118  sample.o(.text)
    initMazeGrid                             0x000004c5   Thumb Code   156  sample.o(.text)
    drawPowerPills                           0x00000561   Thumb Code   382  sample.o(.text)
    drawMazeFromGrid                         0x000006e1   Thumb Code   466  sample.o(.text)
    drawPacMan                               0x000008b5   Thumb Code   260  sample.o(.text)
    movePacMan                               0x000009b9   Thumb Code   884  sample.o(.text)
    main                                     0x00000d39   Thumb Code   208  sample.o(.text)
    SystemInit                               0x00000e11   Thumb Code   320  system_lpc17xx.o(.text)
    TIMER0_IRQHandler                        0x00000f61   Thumb Code    58  irq_timer.o(.text)
    TIMER1_IRQHandler                        0x00000f9d   Thumb Code    22  irq_timer.o(.text)
    TIMER2_IRQHandler                        0x00000fb5   Thumb Code   140  irq_timer.o(.text)
    TIMER3_IRQHandler                        0x0000104d   Thumb Code    14  irq_timer.o(.text)
    enable_timer                             0x0000105d   Thumb Code    44  lib_timer.o(.text)
    disable_timer                            0x00001089   Thumb Code    44  lib_timer.o(.text)
    reset_timer                              0x000010b5   Thumb Code    48  lib_timer.o(.text)
    init_timer                               0x000010e5   Thumb Code   134  lib_timer.o(.text)
    LCD_Initialization                       0x0000116d   Thumb Code  4466  glcd.o(.text)
    LCD_Clear                                0x000022e1   Thumb Code   292  glcd.o(.text)
    LCD_GetPoint                             0x00002405   Thumb Code   356  glcd.o(.text)
    LCD_SetPoint                             0x00002569   Thumb Code   322  glcd.o(.text)
    LCD_DrawLine                             0x000026ad   Thumb Code   224  glcd.o(.text)
    PutChar                                  0x0000278d   Thumb Code   102  glcd.o(.text)
    GUI_Text                                 0x000027f5   Thumb Code   158  glcd.o(.text)
    LPC17xx_SPI_SetSpeed                     0x00002895   Thumb Code    52  touchpanel.o(.text)
    TP_Init                                  0x000028c9   Thumb Code    48  touchpanel.o(.text)
    Read_X                                   0x0000298d   Thumb Code    64  touchpanel.o(.text)
    Read_Y                                   0x00002ac5   Thumb Code    64  touchpanel.o(.text)
    TP_DrawPoint_Magnifier                   0x00002b05   Thumb Code   174  touchpanel.o(.text)
    TP_DrawPoint                             0x00002bb5   Thumb Code    32  touchpanel.o(.text)
    TP_GetAdXY                               0x00002bd5   Thumb Code    42  touchpanel.o(.text)
    DrawCross                                0x00002c01   Thumb Code   434  touchpanel.o(.text)
    DeleteCross                              0x00002db5   Thumb Code   428  touchpanel.o(.text)
    Read_Ads7846                             0x00002f61   Thumb Code   808  touchpanel.o(.text)
    setCalibrationMatrix                     0x00003289   Thumb Code   464  touchpanel.o(.text)
    getDisplayPoint                          0x00003459   Thumb Code   314  touchpanel.o(.text)
    TouchPanel_Calibrate                     0x00003595   Thumb Code   214  touchpanel.o(.text)
    RIT_IRQHandler                           0x0000366d   Thumb Code   388  irq_rit.o(.text)
    joystick_init                            0x000037f9   Thumb Code    82  lib_joystick.o(.text)
    LED_On                                   0x0000384d   Thumb Code    40  funct_led.o(.text)
    LED_Off                                  0x00003875   Thumb Code    42  funct_led.o(.text)
    LED_Out                                  0x000038a1   Thumb Code    68  funct_led.o(.text)
    EINT0_IRQHandler                         0x000038e5   Thumb Code    68  irq_button.o(.text)
    EINT1_IRQHandler                         0x00003929   Thumb Code    56  irq_button.o(.text)
    EINT2_IRQHandler                         0x00003961   Thumb Code    18  irq_button.o(.text)
    BUTTON_init                              0x00003975   Thumb Code   124  lib_button.o(.text)
    findNextMoveBFS                          0x000039f1   Thumb Code   154  ghost.o(.text)
    initGhost                                0x00003a8d   Thumb Code    32  ghost.o(.text)
    ghostFrightenedMode                      0x00003aad   Thumb Code    18  ghost.o(.text)
    updateGhost                              0x00003ac1   Thumb Code   428  ghost.o(.text)
    drawGhost                                0x00003c79   Thumb Code   420  ghost.o(.text)
    handleGhostTimer                         0x00003e1d   Thumb Code    54  ghost.o(.text)
    ADC_IRQHandler                           0x00003e55   Thumb Code   152  irq_adc.o(.text)
    ADC_init                                 0x00003eed   Thumb Code    84  lib_adc.o(.text)
    ADC_start_conversion                     0x00003f41   Thumb Code    18  lib_adc.o(.text)
    playNote                                 0x00003f55   Thumb Code    52  music.o(.text)
    isNotePlaying                            0x00003f89   Thumb Code    36  music.o(.text)
    CAN_IRQHandler                           0x00003fad   Thumb Code   258  irq_can.o(.text)
    CAN_setup                                0x000040b1   Thumb Code   162  lib_can.o(.text)
    CAN_start                                0x00004155   Thumb Code    32  lib_can.o(.text)
    CAN_waitReady                            0x00004175   Thumb Code    32  lib_can.o(.text)
    CAN_wrMsg                                0x00004195   Thumb Code   146  lib_can.o(.text)
    CAN_rdMsg                                0x00004229   Thumb Code   106  lib_can.o(.text)
    CAN_wrFilter                             0x00004295   Thumb Code   566  lib_can.o(.text)
    CAN_Init                                 0x000044cd   Thumb Code   218  lib_can.o(.text)
    time                                     0x000045a7   Thumb Code    18  sys_time.o(.text)
    __2sprintf                               0x000045b9   Thumb Code    34  noretval__2sprintf.o(.text)
    _printf_pre_padding                      0x000045e1   Thumb Code    44  _printf_pad.o(.text)
    _printf_post_padding                     0x0000460d   Thumb Code    34  _printf_pad.o(.text)
    _printf_int_dec                          0x00004631   Thumb Code   104  _printf_dec.o(.text)
    __printf                                 0x000046a9   Thumb Code   270  __printf_wp.o(.text)
    srand                                    0x000047b9   Thumb Code    42  rand.o(.text)
    _rand_init                               0x000047e3   Thumb Code     4  rand.o(.text)
    __aeabi_memclr4                          0x000047f5   Thumb Code     0  rt_memclr_w.o(.text)
    __aeabi_memclr8                          0x000047f5   Thumb Code     0  rt_memclr_w.o(.text)
    __rt_memclr_w                            0x000047f5   Thumb Code     0  rt_memclr_w.o(.text)
    _memset_w                                0x000047f9   Thumb Code    74  rt_memclr_w.o(.text)
    __read_errno                             0x00004843   Thumb Code    10  _rserrno.o(.text)
    __set_errno                              0x0000484d   Thumb Code    12  _rserrno.o(.text)
    _printf_int_common                       0x00004859   Thumb Code   178  _printf_intcommon.o(.text)
    _printf_char_common                      0x00004917   Thumb Code    32  _printf_char_common.o(.text)
    _sputc                                   0x0000493d   Thumb Code    10  _sputc.o(.text)
    __aeabi_errno_addr                       0x00004949   Thumb Code     8  rt_errno_addr_intlibspace.o(.text)
    __errno$intlibspace                      0x00004949   Thumb Code     0  rt_errno_addr_intlibspace.o(.text)
    __rt_errno_addr$intlibspace              0x00004949   Thumb Code     0  rt_errno_addr_intlibspace.o(.text)
    __user_libspace                          0x00004951   Thumb Code     8  libspace.o(.text)
    __user_perproc_libspace                  0x00004951   Thumb Code     0  libspace.o(.text)
    __user_perthread_libspace                0x00004951   Thumb Code     0  libspace.o(.text)
    __user_setup_stackheap                   0x00004959   Thumb Code    74  sys_stackheap_outer.o(.text)
    exit                                     0x000049a3   Thumb Code    18  exit.o(.text)
    _sys_exit                                0x000049b5   Thumb Code     8  sys_exit.o(.text)
    __ARM_fpclassifyf                        0x000049c1   Thumb Code    38  fpclassifyf.o(i.__ARM_fpclassifyf)
    __mathlib_flt_infnan2                    0x000049e7   Thumb Code     4  funder.o(i.__mathlib_flt_infnan2)
    __mathlib_flt_underflow                  0x000049eb   Thumb Code    10  funder.o(i.__mathlib_flt_underflow)
    _is_digit                                0x000049f5   Thumb Code    14  __printf_wp.o(i._is_digit)
    atan2f                                   0x00004a05   Thumb Code   598  atan2f.o(i.atan2f)
    __aeabi_dadd                             0x00004ca9   Thumb Code     0  daddsub_clz.o(x$fpl$dadd)
    _dadd                                    0x00004ca9   Thumb Code   332  daddsub_clz.o(x$fpl$dadd)
    __fpl_dcmp_Inf                           0x00004df9   Thumb Code    24  dcmpi.o(x$fpl$dcmpinf)
    __aeabi_ddiv                             0x00004e11   Thumb Code     0  ddiv.o(x$fpl$ddiv)
    _ddiv                                    0x00004e11   Thumb Code   560  ddiv.o(x$fpl$ddiv)
    __aeabi_cdcmpeq                          0x000050c9   Thumb Code     0  deqf.o(x$fpl$deqf)
    _dcmpeq                                  0x000050c9   Thumb Code   120  deqf.o(x$fpl$deqf)
    __aeabi_d2iz                             0x00005141   Thumb Code     0  dfix.o(x$fpl$dfix)
    _dfix                                    0x00005141   Thumb Code    94  dfix.o(x$fpl$dfix)
    __aeabi_i2d                              0x0000519f   Thumb Code     0  dflt_clz.o(x$fpl$dflt)
    _dflt                                    0x0000519f   Thumb Code    46  dflt_clz.o(x$fpl$dflt)
    __aeabi_cdcmpge                          0x000051cd   Thumb Code     0  dgeqf.o(x$fpl$dgeqf)
    _dcmpge                                  0x000051cd   Thumb Code   120  dgeqf.o(x$fpl$dgeqf)
    __aeabi_cdcmple                          0x00005245   Thumb Code     0  dleqf.o(x$fpl$dleqf)
    _dcmple                                  0x00005245   Thumb Code   120  dleqf.o(x$fpl$dleqf)
    __fpl_dcmple_InfNaN                      0x000052a7   Thumb Code     0  dleqf.o(x$fpl$dleqf)
    __aeabi_dmul                             0x000052bd   Thumb Code     0  dmul.o(x$fpl$dmul)
    _dmul                                    0x000052bd   Thumb Code   332  dmul.o(x$fpl$dmul)
    __fpl_dnaninf                            0x00005411   Thumb Code   156  dnaninf.o(x$fpl$dnaninf)
    __fpl_dretinf                            0x000054ad   Thumb Code    12  dretinf.o(x$fpl$dretinf)
    __aeabi_dsub                             0x000054b9   Thumb Code     0  daddsub_clz.o(x$fpl$dsub)
    _dsub                                    0x000054b9   Thumb Code   472  daddsub_clz.o(x$fpl$dsub)
    __aeabi_fadd                             0x00005695   Thumb Code     0  faddsub_clz.o(x$fpl$fadd)
    _fadd                                    0x00005695   Thumb Code   196  faddsub_clz.o(x$fpl$fadd)
    __fpl_fcheck_NaN1                        0x00005759   Thumb Code     6  fcheck1.o(x$fpl$fcheck1)
    __aeabi_dcmpeq                           0x00005765   Thumb Code     0  dcmp.o(x$fpl$fcmp)
    _deq                                     0x00005765   Thumb Code    14  dcmp.o(x$fpl$fcmp)
    _dneq                                    0x00005773   Thumb Code    14  dcmp.o(x$fpl$fcmp)
    __aeabi_dcmpgt                           0x00005781   Thumb Code     0  dcmp.o(x$fpl$fcmp)
    _dgr                                     0x00005781   Thumb Code    14  dcmp.o(x$fpl$fcmp)
    __aeabi_dcmpge                           0x0000578f   Thumb Code     0  dcmp.o(x$fpl$fcmp)
    _dgeq                                    0x0000578f   Thumb Code    14  dcmp.o(x$fpl$fcmp)
    __aeabi_dcmple                           0x0000579d   Thumb Code     0  dcmp.o(x$fpl$fcmp)
    _dleq                                    0x0000579d   Thumb Code    14  dcmp.o(x$fpl$fcmp)
    __aeabi_dcmplt                           0x000057ab   Thumb Code     0  dcmp.o(x$fpl$fcmp)
    _dls                                     0x000057ab   Thumb Code    14  dcmp.o(x$fpl$fcmp)
    __aeabi_fcmpeq                           0x000057b9   Thumb Code     0  fcmp.o(x$fpl$fcmp)
    _feq                                     0x000057b9   Thumb Code    14  fcmp.o(x$fpl$fcmp)
    _fneq                                    0x000057c7   Thumb Code    14  fcmp.o(x$fpl$fcmp)
    __aeabi_fcmpgt                           0x000057d5   Thumb Code     0  fcmp.o(x$fpl$fcmp)
    _fgr                                     0x000057d5   Thumb Code    14  fcmp.o(x$fpl$fcmp)
    __aeabi_fcmpge                           0x000057e3   Thumb Code     0  fcmp.o(x$fpl$fcmp)
    _fgeq                                    0x000057e3   Thumb Code    14  fcmp.o(x$fpl$fcmp)
    __aeabi_fcmple                           0x000057f1   Thumb Code     0  fcmp.o(x$fpl$fcmp)
    _fleq                                    0x000057f1   Thumb Code    14  fcmp.o(x$fpl$fcmp)
    __aeabi_fcmplt                           0x000057ff   Thumb Code     0  fcmp.o(x$fpl$fcmp)
    _fls                                     0x000057ff   Thumb Code    14  fcmp.o(x$fpl$fcmp)
    __fpl_fcmp_Inf                           0x0000580d   Thumb Code    24  fcmpi.o(x$fpl$fcmpinf)
    __aeabi_fdiv                             0x00005825   Thumb Code     0  fdiv.o(x$fpl$fdiv)
    _fdiv                                    0x00005825   Thumb Code   384  fdiv.o(x$fpl$fdiv)
    __aeabi_cfcmpeq                          0x000059a9   Thumb Code     0  feqf.o(x$fpl$feqf)
    _fcmpeq                                  0x000059a9   Thumb Code   104  feqf.o(x$fpl$feqf)
    __aeabi_i2f                              0x00005a11   Thumb Code     0  fflt_clz.o(x$fpl$fflt)
    _fflt                                    0x00005a11   Thumb Code    48  fflt_clz.o(x$fpl$fflt)
    _fcmpge                                  0x00005a41   Thumb Code   104  fgeqf.o(x$fpl$fgeqf)
    __aeabi_cfcmple                          0x00005aa9   Thumb Code     0  fleqf.o(x$fpl$fleqf)
    _fcmple                                  0x00005aa9   Thumb Code   104  fleqf.o(x$fpl$fleqf)
    __fpl_fcmple_InfNaN                      0x00005afb   Thumb Code     0  fleqf.o(x$fpl$fleqf)
    __aeabi_fmul                             0x00005b11   Thumb Code     0  fmul.o(x$fpl$fmul)
    _fmul                                    0x00005b11   Thumb Code   258  fmul.o(x$fpl$fmul)
    __fpl_fnaninf                            0x00005c13   Thumb Code   140  fnaninf.o(x$fpl$fnaninf)
    __fpl_fretinf                            0x00005c9f   Thumb Code    10  fretinf.o(x$fpl$fretinf)
    __aeabi_frsub                            0x00005ca9   Thumb Code     0  faddsub_clz.o(x$fpl$frsb)
    _frsb                                    0x00005ca9   Thumb Code    20  faddsub_clz.o(x$fpl$frsb)
    __aeabi_fsub                             0x00005cbd   Thumb Code     0  faddsub_clz.o(x$fpl$fsub)
    _fsub                                    0x00005cbd   Thumb Code   234  faddsub_clz.o(x$fpl$fsub)
    __fpl_return_NaN                         0x00005da7   Thumb Code   100  retnan.o(x$fpl$retnan)
    __ARM_scalbnf                            0x00005e0b   Thumb Code    76  scalbnf.o(x$fpl$scalbnf)
    __fpl_cmpreturn                          0x00005e57   Thumb Code    48  trapv.o(x$fpl$trapveneer)
    freqs                                    0x000064a8   Data          32  irq_adc.o(.rodata.freqs)
    led_mask                                 0x000064c8   Data          32  funct_led.o(.rodata.led_mask)
    Region$$Table$$Base                      0x00006850   Number         0  anon$$obj.o(Region$$Table)
    Region$$Table$$Limit                     0x00006880   Number         0  anon$$obj.o(Region$$Table)
    mazeGrid                                 0x10000000   Data        3248  sample.o(.bss.mazeGrid)
    AD_last                                  0x2007c000   Data           2  irq_adc.o(.data.AD_last)
    DisplaySample                            0x2007c002   Data          12  touchpanel.o(.data.DisplaySample)
    SinTable                                 0x2007c00e   Data          90  irq_timer.o(.data.SinTable)
    SystemFrequency                          0x2007c068   Data           4  system_lpc17xx.o(.data.SystemFrequency)
    countdown                                0x2007c06c   Data           4  sample.o(.data.countdown)
    gamePaused                               0x2007c070   Data           1  sample.o(.data.gamePaused)
    lives                                    0x2007c074   Data           4  sample.o(.data.lives)
    pacmanCol                                0x2007c078   Data           4  sample.o(.data.pacmanCol)
    pacmanRow                                0x2007c07c   Data           4  sample.o(.data.pacmanRow)
    song                                     0x2007c080   Data         384  irq_rit.o(.data.song)
    _random_number_data                      0x2007c200   Data         228  rand.o(.bss)
    __libspace_start                         0x2007c2e4   Data          96  libspace.o(.bss)
    AD_current                               0x2007c344   Data           2  irq_adc.o(.bss.AD_current)
    __temporary_stack_top$libspace           0x2007c344   Data           0  libspace.o(.bss)
    CAN_RxMsg                                0x2007c348   Data          16  lib_can.o(.bss.CAN_RxMsg)
    ScaleFlag                                0x2007c374   Data           1  system_lpc17xx.o(.bss.ScaleFlag)
    ScreenSample                             0x2007c376   Data          12  touchpanel.o(.bss.ScreenSample)
    blinky                                   0x2007c388   Data          24  ghost.o(.bss.blinky)
    debouncing                               0x2007c3a0   Data           1  irq_rit.o(.bss.debouncing)
    display                                  0x2007c3a2   Data           4  touchpanel.o(.bss.display)
    gameOver                                 0x2007c3ac   Data           1  sample.o(.bss.gameOver)
    icr                                      0x2007c3ad   Data           1  lib_can.o(.bss.icr)
    led_value                                0x2007c3ae   Data           1  lib_led.o(.bss.led_value)
    matrix                                   0x2007c3b0   Data          56  touchpanel.o(.bss.matrix)
    offsetX                                  0x2007c3e8   Data           4  sample.o(.bss.offsetX)
    offsetY                                  0x2007c3ec   Data           4  sample.o(.bss.offsetY)
    pacmanDirCol                             0x2007c3f0   Data           4  sample.o(.bss.pacmanDirCol)
    pacmanDirRow                             0x2007c3f4   Data           4  sample.o(.bss.pacmanDirRow)
    pillCount                                0x2007c3f8   Data           4  sample.o(.bss.pillCount)
    pillsEaten                               0x2007c3fc   Data           4  sample.o(.bss.pillsEaten)
    powerPillsSpawned                        0x2007c400   Data           4  sample.o(.bss.powerPillsSpawned)
    result                                   0x2007c414   Data           4  lib_can.o(.bss.result)
    score                                    0x2007c418   Data           4  sample.o(.bss.score)
    val_RxCoordX                             0x2007c41c   Data           2  irq_can.o(.bss.val_RxCoordX)
    val_RxCoordY                             0x2007c41e   Data           2  irq_can.o(.bss.val_RxCoordY)



==============================================================================

Memory Map of the image

  Image Entry point : 0x000000cd

  Load Region LR_IROM1 (Base: 0x00000000, Size: 0x00006a80, Max: 0x00080000, ABSOLUTE, COMPRESSED[0x00006930])

    Execution Region ER_IROM1 (Exec base: 0x00000000, Load base: 0x00000000, Size: 0x00006880, Max: 0x00080000, ABSOLUTE)

    Exec Addr    Load Addr    Size         Type   Attr      Idx    E Section Name        Object

    0x00000000   0x00000000   0x000000cc   Data   RO            3    RESET               startup_lpc17xx.o
    0x000000cc   0x000000cc   0x00000008   Code   RO          290  * !!!main             c_w.l(__main.o)
    0x000000d4   0x000000d4   0x0000005c   Code   RO          572    !!!scatter          c_w.l(__scatter.o)
    0x00000130   0x00000130   0x0000005a   Code   RO          570    !!dczerorl2         c_w.l(__dczerorl2.o)
    0x0000018a   0x0000018a   0x00000002   PAD
    0x0000018c   0x0000018c   0x00000002   Code   RO          573    !!handler_null      c_w.l(__scatter.o)
    0x0000018e   0x0000018e   0x00000002   PAD
    0x00000190   0x00000190   0x0000001c   Code   RO          576    !!handler_zi        c_w.l(__scatter_zi.o)
    0x000001ac   0x000001ac   0x00000000   Code   RO          278    .ARM.Collect$$_printf_percent$$00000000  c_w.l(_printf_percent.o)
    0x000001ac   0x000001ac   0x00000006   Code   RO          277    .ARM.Collect$$_printf_percent$$00000009  c_w.l(_printf_d.o)
    0x000001b2   0x000001b2   0x00000004   Code   RO          352    .ARM.Collect$$_printf_percent$$00000017  c_w.l(_printf_percent_end.o)
    0x000001b6   0x000001b6   0x00000002   Code   RO          487    .ARM.Collect$$libinit$$00000000  c_w.l(libinit.o)
    0x000001b8   0x000001b8   0x00000000   Code   RO          356    .ARM.Collect$$libinit$$00000002  c_w.l(libinit2.o)
    0x000001b8   0x000001b8   0x00000000   Code   RO          358    .ARM.Collect$$libinit$$00000004  c_w.l(libinit2.o)
    0x000001b8   0x000001b8   0x00000000   Code   RO          360    .ARM.Collect$$libinit$$00000006  c_w.l(libinit2.o)
    0x000001b8   0x000001b8   0x00000000   Code   RO          363    .ARM.Collect$$libinit$$0000000C  c_w.l(libinit2.o)
    0x000001b8   0x000001b8   0x00000000   Code   RO          365    .ARM.Collect$$libinit$$0000000E  c_w.l(libinit2.o)
    0x000001b8   0x000001b8   0x00000004   Code   RO          366    .ARM.Collect$$libinit$$0000000F  c_w.l(libinit2.o)
    0x000001bc   0x000001bc   0x00000000   Code   RO          367    .ARM.Collect$$libinit$$00000010  c_w.l(libinit2.o)
    0x000001bc   0x000001bc   0x00000000   Code   RO          370    .ARM.Collect$$libinit$$00000013  c_w.l(libinit2.o)
    0x000001bc   0x000001bc   0x00000000   Code   RO          372    .ARM.Collect$$libinit$$00000015  c_w.l(libinit2.o)
    0x000001bc   0x000001bc   0x00000000   Code   RO          374    .ARM.Collect$$libinit$$00000017  c_w.l(libinit2.o)
    0x000001bc   0x000001bc   0x00000000   Code   RO          376    .ARM.Collect$$libinit$$00000019  c_w.l(libinit2.o)
    0x000001bc   0x000001bc   0x00000000   Code   RO          378    .ARM.Collect$$libinit$$0000001B  c_w.l(libinit2.o)
    0x000001bc   0x000001bc   0x00000000   Code   RO          380    .ARM.Collect$$libinit$$0000001D  c_w.l(libinit2.o)
    0x000001bc   0x000001bc   0x00000000   Code   RO          382    .ARM.Collect$$libinit$$0000001F  c_w.l(libinit2.o)
    0x000001bc   0x000001bc   0x00000000   Code   RO          384    .ARM.Collect$$libinit$$00000021  c_w.l(libinit2.o)
    0x000001bc   0x000001bc   0x00000000   Code   RO          386    .ARM.Collect$$libinit$$00000023  c_w.l(libinit2.o)
    0x000001bc   0x000001bc   0x00000000   Code   RO          388    .ARM.Collect$$libinit$$00000025  c_w.l(libinit2.o)
    0x000001bc   0x000001bc   0x00000000   Code   RO          390    .ARM.Collect$$libinit$$00000027  c_w.l(libinit2.o)
    0x000001bc   0x000001bc   0x00000000   Code   RO          394    .ARM.Collect$$libinit$$0000002E  c_w.l(libinit2.o)
    0x000001bc   0x000001bc   0x00000000   Code   RO          396    .ARM.Collect$$libinit$$00000030  c_w.l(libinit2.o)
    0x000001bc   0x000001bc   0x00000000   Code   RO          398    .ARM.Collect$$libinit$$00000032  c_w.l(libinit2.o)
    0x000001bc   0x000001bc   0x00000000   Code   RO          400    .ARM.Collect$$libinit$$00000034  c_w.l(libinit2.o)
    0x000001bc   0x000001bc   0x00000002   Code   RO          401    .ARM.Collect$$libinit$$00000035  c_w.l(libinit2.o)
    0x000001be   0x000001be   0x00000002   Code   RO          529    .ARM.Collect$$libshutdown$$00000000  c_w.l(libshutdown.o)
    0x000001c0   0x000001c0   0x00000000   Code   RO          537    .ARM.Collect$$libshutdown$$00000002  c_w.l(libshutdown2.o)
    0x000001c0   0x000001c0   0x00000000   Code   RO          539    .ARM.Collect$$libshutdown$$00000004  c_w.l(libshutdown2.o)
    0x000001c0   0x000001c0   0x00000000   Code   RO          542    .ARM.Collect$$libshutdown$$00000007  c_w.l(libshutdown2.o)
    0x000001c0   0x000001c0   0x00000000   Code   RO          545    .ARM.Collect$$libshutdown$$0000000A  c_w.l(libshutdown2.o)
    0x000001c0   0x000001c0   0x00000000   Code   RO          547    .ARM.Collect$$libshutdown$$0000000C  c_w.l(libshutdown2.o)
    0x000001c0   0x000001c0   0x00000000   Code   RO          550    .ARM.Collect$$libshutdown$$0000000F  c_w.l(libshutdown2.o)
    0x000001c0   0x000001c0   0x00000002   Code   RO          551    .ARM.Collect$$libshutdown$$00000010  c_w.l(libshutdown2.o)
    0x000001c2   0x000001c2   0x00000000   Code   RO          343    .ARM.Collect$$rtentry$$00000000  c_w.l(__rtentry.o)
    0x000001c2   0x000001c2   0x00000000   Code   RO          440    .ARM.Collect$$rtentry$$00000002  c_w.l(__rtentry2.o)
    0x000001c2   0x000001c2   0x00000006   Code   RO          452    .ARM.Collect$$rtentry$$00000004  c_w.l(__rtentry4.o)
    0x000001c8   0x000001c8   0x00000000   Code   RO          442    .ARM.Collect$$rtentry$$00000009  c_w.l(__rtentry2.o)
    0x000001c8   0x000001c8   0x00000004   Code   RO          443    .ARM.Collect$$rtentry$$0000000A  c_w.l(__rtentry2.o)
    0x000001cc   0x000001cc   0x00000000   Code   RO          445    .ARM.Collect$$rtentry$$0000000C  c_w.l(__rtentry2.o)
    0x000001cc   0x000001cc   0x00000008   Code   RO          446    .ARM.Collect$$rtentry$$0000000D  c_w.l(__rtentry2.o)
    0x000001d4   0x000001d4   0x00000002   Code   RO          494    .ARM.Collect$$rtexit$$00000000  c_w.l(rtexit.o)
    0x000001d6   0x000001d6   0x00000000   Code   RO          505    .ARM.Collect$$rtexit$$00000002  c_w.l(rtexit2.o)
    0x000001d6   0x000001d6   0x00000004   Code   RO          506    .ARM.Collect$$rtexit$$00000003  c_w.l(rtexit2.o)
    0x000001da   0x000001da   0x00000006   Code   RO          507    .ARM.Collect$$rtexit$$00000004  c_w.l(rtexit2.o)
    0x000001e0   0x000001e0   0x00000034   Code   RO          279    .emb_text           c_w.l(rand.o)
    0x00000214   0x00000214   0x00000034   Code   RO            5    .text               startup_lpc17xx.o
    0x00000248   0x00000248   0x0000002a   Code   RO           68    .text               asciilib.o
    0x00000272   0x00000272   0x00000002   PAD
    0x00000274   0x00000274   0x0000007e   Code   RO          123    .text               lib_rit.o
    0x000002f2   0x000002f2   0x00000006   Code   RO          288    .text               c_w.l(heapauxi.o)
    0x000002f8   0x000002f8   0x00000002   Code   RO          340    .text               c_w.l(use_no_semi.o)
    0x000002fa   0x000002fa   0x00000000   Code   RO          342    .text               c_w.l(indicate_semi.o)
    0x000002fa   0x000002fa   0x00000000   Code   RO          422    x$fpl$usenofp       fz_ws.l(usenofp.o)
    0x000002fa   0x000002fa   0x00000002   PAD
    0x000002fc   0x000002fc   0x00000004   Code   RO            4    .ARM.__at_0x02FC    startup_lpc17xx.o
    0x00000300   0x00000300   0x00000b10   Code   RO           13    .text               sample.o
    0x00000e10   0x00000e10   0x00000150   Code   RO           41    .text               system_lpc17xx.o
    0x00000f60   0x00000f60   0x000000fa   Code   RO           51    .text               irq_timer.o
    0x0000105a   0x0000105a   0x00000002   PAD
    0x0000105c   0x0000105c   0x0000010e   Code   RO           60    .text               lib_timer.o
    0x0000116a   0x0000116a   0x00000002   PAD
    0x0000116c   0x0000116c   0x00001726   Code   RO           77    .text               glcd.o
    0x00002892   0x00002892   0x00000002   PAD
    0x00002894   0x00002894   0x00000dd6   Code   RO           95    .text               touchpanel.o
    0x0000366a   0x0000366a   0x00000002   PAD
    0x0000366c   0x0000366c   0x0000018c   Code   RO          109    .text               irq_rit.o
    0x000037f8   0x000037f8   0x00000052   Code   RO          138    .text               lib_joystick.o
    0x0000384a   0x0000384a   0x00000002   PAD
    0x0000384c   0x0000384c   0x00000098   Code   RO          145    .text               funct_led.o
    0x000038e4   0x000038e4   0x0000008e   Code   RO          162    .text               irq_button.o
    0x00003972   0x00003972   0x00000002   PAD
    0x00003974   0x00003974   0x0000007c   Code   RO          170    .text               lib_button.o
    0x000039f0   0x000039f0   0x00000462   Code   RO          177    .text               ghost.o
    0x00003e52   0x00003e52   0x00000002   PAD
    0x00003e54   0x00003e54   0x00000098   Code   RO          187    .text               irq_adc.o
    0x00003eec   0x00003eec   0x00000066   Code   RO          197    .text               lib_adc.o
    0x00003f52   0x00003f52   0x00000002   PAD
    0x00003f54   0x00003f54   0x00000058   Code   RO          204    .text               music.o
    0x00003fac   0x00003fac   0x00000102   Code   RO          212    .text               irq_can.o
    0x000040ae   0x000040ae   0x00000002   PAD
    0x000040b0   0x000040b0   0x000004f6   Code   RO          225    .text               lib_can.o
    0x000045a6   0x000045a6   0x00000012   Code   RO          243    .text               c_w.l(sys_time.o)
    0x000045b8   0x000045b8   0x00000028   Code   RO          249    .text               c_w.l(noretval__2sprintf.o)
    0x000045e0   0x000045e0   0x0000004e   Code   RO          253    .text               c_w.l(_printf_pad.o)
    0x0000462e   0x0000462e   0x00000002   PAD
    0x00004630   0x00004630   0x00000078   Code   RO          255    .text               c_w.l(_printf_dec.o)
    0x000046a8   0x000046a8   0x0000010e   Code   RO          265    .text               c_w.l(__printf_wp.o)
    0x000047b6   0x000047b6   0x00000002   PAD
    0x000047b8   0x000047b8   0x0000003c   Code   RO          280    .text               c_w.l(rand.o)
    0x000047f4   0x000047f4   0x0000004e   Code   RO          286    .text               c_w.l(rt_memclr_w.o)
    0x00004842   0x00004842   0x00000016   Code   RO          344    .text               c_w.l(_rserrno.o)
    0x00004858   0x00004858   0x000000b2   Code   RO          346    .text               c_w.l(_printf_intcommon.o)
    0x0000490a   0x0000490a   0x00000002   PAD
    0x0000490c   0x0000490c   0x00000030   Code   RO          348    .text               c_w.l(_printf_char_common.o)
    0x0000493c   0x0000493c   0x0000000a   Code   RO          350    .text               c_w.l(_sputc.o)
    0x00004946   0x00004946   0x00000002   PAD
    0x00004948   0x00004948   0x00000008   Code   RO          457    .text               c_w.l(rt_errno_addr_intlibspace.o)
    0x00004950   0x00004950   0x00000008   Code   RO          471    .text               c_w.l(libspace.o)
    0x00004958   0x00004958   0x0000004a   Code   RO          474    .text               c_w.l(sys_stackheap_outer.o)
    0x000049a2   0x000049a2   0x00000012   Code   RO          476    .text               c_w.l(exit.o)
    0x000049b4   0x000049b4   0x0000000c   Code   RO          519    .text               c_w.l(sys_exit.o)
    0x000049c0   0x000049c0   0x00000026   Code   RO          423    i.__ARM_fpclassifyf  m_ws.l(fpclassifyf.o)
    0x000049e6   0x000049e6   0x00000004   Code   RO          427    i.__mathlib_flt_infnan2  m_ws.l(funder.o)
    0x000049ea   0x000049ea   0x0000000a   Code   RO          431    i.__mathlib_flt_underflow  m_ws.l(funder.o)
    0x000049f4   0x000049f4   0x0000000e   Code   RO          267    i._is_digit         c_w.l(__printf_wp.o)
    0x00004a02   0x00004a02   0x00000002   PAD
    0x00004a04   0x00004a04   0x000002a4   Code   RO          337    i.atan2f            m_ws.l(atan2f.o)
    0x00004ca8   0x00004ca8   0x00000150   Code   RO          292    x$fpl$dadd          fz_ws.l(daddsub_clz.o)
    0x00004df8   0x00004df8   0x00000018   Code   RO          463    x$fpl$dcmpinf       fz_ws.l(dcmpi.o)
    0x00004e10   0x00004e10   0x000002b8   Code   RO          301    x$fpl$ddiv          fz_ws.l(ddiv.o)
    0x000050c8   0x000050c8   0x00000078   Code   RO          402    x$fpl$deqf          fz_ws.l(deqf.o)
    0x00005140   0x00005140   0x0000005e   Code   RO          304    x$fpl$dfix          fz_ws.l(dfix.o)
    0x0000519e   0x0000519e   0x0000002e   Code   RO          309    x$fpl$dflt          fz_ws.l(dflt_clz.o)
    0x000051cc   0x000051cc   0x00000078   Code   RO          404    x$fpl$dgeqf         fz_ws.l(dgeqf.o)
    0x00005244   0x00005244   0x00000078   Code   RO          406    x$fpl$dleqf         fz_ws.l(dleqf.o)
    0x000052bc   0x000052bc   0x00000154   Code   RO          314    x$fpl$dmul          fz_ws.l(dmul.o)
    0x00005410   0x00005410   0x0000009c   Code   RO          408    x$fpl$dnaninf       fz_ws.l(dnaninf.o)
    0x000054ac   0x000054ac   0x0000000c   Code   RO          410    x$fpl$dretinf       fz_ws.l(dretinf.o)
    0x000054b8   0x000054b8   0x000001dc   Code   RO          294    x$fpl$dsub          fz_ws.l(daddsub_clz.o)
    0x00005694   0x00005694   0x000000c4   Code   RO          316    x$fpl$fadd          fz_ws.l(faddsub_clz.o)
    0x00005758   0x00005758   0x0000000c   Code   RO          488    x$fpl$fcheck1       fz_ws.l(fcheck1.o)
    0x00005764   0x00005764   0x00000054   Code   RO          298    x$fpl$fcmp          fz_ws.l(dcmp.o)
    0x000057b8   0x000057b8   0x00000054   Code   RO          322    x$fpl$fcmp          fz_ws.l(fcmp.o)
    0x0000580c   0x0000580c   0x00000018   Code   RO          465    x$fpl$fcmpinf       fz_ws.l(fcmpi.o)
    0x00005824   0x00005824   0x00000184   Code   RO          325    x$fpl$fdiv          fz_ws.l(fdiv.o)
    0x000059a8   0x000059a8   0x00000068   Code   RO          412    x$fpl$feqf          fz_ws.l(feqf.o)
    0x00005a10   0x00005a10   0x00000030   Code   RO          329    x$fpl$fflt          fz_ws.l(fflt_clz.o)
    0x00005a40   0x00005a40   0x00000068   Code   RO          414    x$fpl$fgeqf         fz_ws.l(fgeqf.o)
    0x00005aa8   0x00005aa8   0x00000068   Code   RO          416    x$fpl$fleqf         fz_ws.l(fleqf.o)
    0x00005b10   0x00005b10   0x00000102   Code   RO          334    x$fpl$fmul          fz_ws.l(fmul.o)
    0x00005c12   0x00005c12   0x0000008c   Code   RO          418    x$fpl$fnaninf       fz_ws.l(fnaninf.o)
    0x00005c9e   0x00005c9e   0x0000000a   Code   RO          420    x$fpl$fretinf       fz_ws.l(fretinf.o)
    0x00005ca8   0x00005ca8   0x00000014   Code   RO          317    x$fpl$frsb          fz_ws.l(faddsub_clz.o)
    0x00005cbc   0x00005cbc   0x000000ea   Code   RO          318    x$fpl$fsub          fz_ws.l(faddsub_clz.o)
    0x00005da6   0x00005da6   0x00000064   Code   RO          502    x$fpl$retnan        fz_ws.l(retnan.o)
    0x00005e0a   0x00005e0a   0x0000004c   Code   RO          469    x$fpl$scalbnf       fz_ws.l(scalbnf.o)
    0x00005e56   0x00005e56   0x00000030   Code   RO          517    x$fpl$trapveneer    fz_ws.l(trapv.o)
    0x00005e86   0x00005e86   0x00000002   PAD
    0x00005e88   0x00005e88   0x00000030   Data   RO           98    .rodata..L__const.TP_DrawPoint_Magnifier.mosse  touchpanel.o
    0x00005eb8   0x00005eb8   0x000005f0   Data   RO           70    .rodata.AsciiLib    asciilib.o
    0x000064a8   0x000064a8   0x00000020   Data   RO          190    .rodata.freqs       irq_adc.o
    0x000064c8   0x000064c8   0x00000020   Data   RO          147    .rodata.led_mask    funct_led.o
    0x000064e8   0x000064e8   0x00000349   Data   RO           29    .rodata.mazeDef     sample.o
    0x00006831   0x00006831   0x0000001d   Data   RO          100    .rodata.str1.1      touchpanel.o
    0x0000684e   0x0000684e   0x00000002   PAD
    0x00006850   0x00006850   0x00000030   Data   RO          569    Region$$Table       anon$$obj.o


    Execution Region RW_IRAM1 (Exec base: 0x10000000, Load base: 0x00006880, Size: 0x00000cb0, Max: 0x00008000, ABSOLUTE)

    Exec Addr    Load Addr    Size         Type   Attr      Idx    E Section Name        Object

    0x10000000        -       0x00000cb0   Zero   RW           30    .bss.mazeGrid       sample.o


    Execution Region RW_IRAM2 (Exec base: 0x2007c000, Load base: 0x00006880, Size: 0x00000820, Max: 0x00008000, ABSOLUTE, COMPRESSED[0x000000b0])

    Exec Addr    Load Addr    Size         Type   Attr      Idx    E Section Name        Object

    0x2007c000   COMPRESSED   0x00000002   Data   RW          189    .data.AD_last       irq_adc.o
    0x2007c002   COMPRESSED   0x0000000c   Data   RW           97    .data.DisplaySample  touchpanel.o
    0x2007c00e   COMPRESSED   0x0000005a   Data   RW           53    .data.SinTable      irq_timer.o
    0x2007c068   COMPRESSED   0x00000004   Data   RW           43    .data.SystemFrequency  system_lpc17xx.o
    0x2007c06c   COMPRESSED   0x00000004   Data   RW           18    .data.countdown     sample.o
    0x2007c070   COMPRESSED   0x00000001   Data   RW           21    .data.gamePaused    sample.o
    0x2007c071   COMPRESSED   0x00000003   PAD
    0x2007c074   COMPRESSED   0x00000004   Data   RW           17    .data.lives         sample.o
    0x2007c078   COMPRESSED   0x00000004   Data   RW           26    .data.pacmanCol     sample.o
    0x2007c07c   COMPRESSED   0x00000004   Data   RW           25    .data.pacmanRow     sample.o
    0x2007c080   COMPRESSED   0x00000180   Data   RW          112    .data.song          irq_rit.o
    0x2007c200        -       0x000000e4   Zero   RW          281    .bss                c_w.l(rand.o)
    0x2007c2e4        -       0x00000060   Zero   RW          472    .bss                c_w.l(libspace.o)
    0x2007c344        -       0x00000002   Zero   RW          191    .bss.AD_current     irq_adc.o
    0x2007c346   COMPRESSED   0x00000002   PAD
    0x2007c348        -       0x00000010   Zero   RW          233    .bss.CAN_RxMsg      lib_can.o
    0x2007c358        -       0x00000004   Zero   RW          231    .bss.CAN_wrFilter.CAN_ext_cnt  lib_can.o
    0x2007c35c        -       0x00000004   Zero   RW          230    .bss.CAN_wrFilter.CAN_std_cnt  lib_can.o
    0x2007c360        -       0x00000001   Zero   RW          115    .bss.RIT_IRQHandler.buttonPressed  irq_rit.o
    0x2007c361   COMPRESSED   0x00000003   PAD
    0x2007c364        -       0x00000004   Zero   RW          113    .bss.RIT_IRQHandler.currentNote  irq_rit.o
    0x2007c368        -       0x00000004   Zero   RW          116    .bss.RIT_IRQHandler.debounceCounter  irq_rit.o
    0x2007c36c        -       0x00000004   Zero   RW          114    .bss.RIT_IRQHandler.ticks  irq_rit.o
    0x2007c370        -       0x00000004   Zero   RW           99    .bss.Read_Ads7846.screen  touchpanel.o
    0x2007c374        -       0x00000001   Zero   RW           44    .bss.ScaleFlag      system_lpc17xx.o
    0x2007c375   COMPRESSED   0x00000001   PAD
    0x2007c376        -       0x0000000c   Zero   RW          101    .bss.ScreenSample   touchpanel.o
    0x2007c382   COMPRESSED   0x00000002   PAD
    0x2007c384        -       0x00000004   Zero   RW           54    .bss.TIMER0_IRQHandler.sineticks  irq_timer.o
    0x2007c388        -       0x00000018   Zero   RW          179    .bss.blinky         ghost.o
    0x2007c3a0        -       0x00000001   Zero   RW          111    .bss.debouncing     irq_rit.o
    0x2007c3a1   COMPRESSED   0x00000001   PAD
    0x2007c3a2        -       0x00000004   Zero   RW          103    .bss.display        touchpanel.o
    0x2007c3a6   COMPRESSED   0x00000002   PAD
    0x2007c3a8        -       0x00000004   Zero   RW           33    .bss.drawPacMan.frame  sample.o
    0x2007c3ac        -       0x00000001   Zero   RW           22    .bss.gameOver       sample.o
    0x2007c3ad        -       0x00000001   Zero   RW          227    .bss.icr            lib_can.o
    0x2007c3ae        -       0x00000001   Zero   RW          156    .bss.led_value      lib_led.o
    0x2007c3af   COMPRESSED   0x00000001   PAD
    0x2007c3b0        -       0x00000038   Zero   RW          102    .bss.matrix         touchpanel.o
    0x2007c3e8        -       0x00000004   Zero   RW           31    .bss.offsetX        sample.o
    0x2007c3ec        -       0x00000004   Zero   RW           32    .bss.offsetY        sample.o
    0x2007c3f0        -       0x00000004   Zero   RW           28    .bss.pacmanDirCol   sample.o
    0x2007c3f4        -       0x00000004   Zero   RW           27    .bss.pacmanDirRow   sample.o
    0x2007c3f8        -       0x00000004   Zero   RW           15    .bss.pillCount      sample.o
    0x2007c3fc        -       0x00000004   Zero   RW           24    .bss.pillsEaten     sample.o
    0x2007c400        -       0x00000004   Zero   RW           19    .bss.powerPillsSpawned  sample.o
    0x2007c404        -       0x00000004   Zero   RW          217    .bss.puntiInviati1  irq_can.o
    0x2007c408        -       0x00000004   Zero   RW          219    .bss.puntiInviati2  irq_can.o
    0x2007c40c        -       0x00000004   Zero   RW          216    .bss.puntiRicevuti1  irq_can.o
    0x2007c410        -       0x00000004   Zero   RW          218    .bss.puntiRicevuti2  irq_can.o
    0x2007c414        -       0x00000004   Zero   RW          228    .bss.result         lib_can.o
    0x2007c418        -       0x00000004   Zero   RW           16    .bss.score          sample.o
    0x2007c41c        -       0x00000002   Zero   RW          214    .bss.val_RxCoordX   irq_can.o
    0x2007c41e        -       0x00000002   Zero   RW          215    .bss.val_RxCoordY   irq_can.o
    0x2007c420        -       0x00000000   Zero   RW            2    HEAP                startup_lpc17xx.o
    0x2007c420        -       0x00000400   Zero   RW            1    STACK               startup_lpc17xx.o


==============================================================================

Image component sizes


      Code (inc. data)   RO Data    RW Data    ZI Data      Debug   Object Name

        42          0       1520          0          0        663   asciilib.o
       152          0         32          0          0       2491   funct_led.o
      1122         12          0          0         24       4229   ghost.o
      5926          0          0          0          0      18120   glcd.o
       152          0         32          2          2       1260   irq_adc.o
       142          0          0          0          0       4023   irq_button.o
       258          0          0          0         20       1569   irq_can.o
       396          8          0        384         14       5656   irq_rit.o
       250         12          0         90          4       1845   irq_timer.o
       102          0          0          0          0       4703   lib_adc.o
       124          0          0          0          0       5546   lib_button.o
      1270          0          0          0         29       8569   lib_can.o
        82          0          0          0          0       2504   lib_joystick.o
         0          0          0          0          1       2526   lib_led.o
       126          0          0          0          0       4116   lib_rit.o
       270         16          0          0          0       3563   lib_timer.o
        88          0          0          0          0       2027   music.o
      2832         56        841         17       3285      11387   sample.o
        56         22        204          0       1024       1000   startup_lpc17xx.o
       336         20          0          4          1       2119   system_lpc17xx.o
      3542          0         77         12         76       8783   touchpanel.o

    ----------------------------------------------------------------------
     17288        146       2756        512       4492      96699   Object Totals
         0          0         48          0          0          0   (incl. Generated)
        20          0          2          3         12          0   (incl. Padding)

    ----------------------------------------------------------------------

      Code (inc. data)   RO Data    RW Data    ZI Data      Debug   Library Member Name

        90          0          0          0          0          0   __dczerorl2.o
         8          0          0          0          0         68   __main.o
       284          0          0          0          0        156   __printf_wp.o
         0          0          0          0          0          0   __rtentry.o
        12          0          0          0          0          0   __rtentry2.o
         6          0          0          0          0          0   __rtentry4.o
        94          8          0          0          0          0   __scatter.o
        28          0          0          0          0          0   __scatter_zi.o
        48          6          0          0          0         96   _printf_char_common.o
         6          0          0          0          0          0   _printf_d.o
       120         16          0          0          0         92   _printf_dec.o
       178          0          0          0          0         88   _printf_intcommon.o
        78          0          0          0          0        108   _printf_pad.o
         0          0          0          0          0          0   _printf_percent.o
         4          0          0          0          0          0   _printf_percent_end.o
        22          0          0          0          0        100   _rserrno.o
        10          0          0          0          0         68   _sputc.o
        18          0          0          0          0         80   exit.o
         6          0          0          0          0        152   heapauxi.o
         0          0          0          0          0          0   indicate_semi.o
         2          0          0          0          0          0   libinit.o
         6          0          0          0          0          0   libinit2.o
         2          0          0          0          0          0   libshutdown.o
         2          0          0          0          0          0   libshutdown2.o
         8          4          0          0         96         68   libspace.o
        40          6          0          0          0         84   noretval__2sprintf.o
       112         18          0          0        228        160   rand.o
         8          4          0          0          0         68   rt_errno_addr_intlibspace.o
        78          0          0          0          0         80   rt_memclr_w.o
         2          0          0          0          0          0   rtexit.o
        10          0          0          0          0          0   rtexit2.o
        12          4          0          0          0         68   sys_exit.o
        74          0          0          0          0         80   sys_stackheap_outer.o
        18          0          0          0          0         76   sys_time.o
         2          0          0          0          0         68   use_no_semi.o
       812         16          0          0          0        296   daddsub_clz.o
        84          0          0          0          0        196   dcmp.o
        24          0          0          0          0         68   dcmpi.o
       696        140          0          0          0        216   ddiv.o
       120          4          0          0          0         92   deqf.o
        94          4          0          0          0         92   dfix.o
        46          0          0          0          0         68   dflt_clz.o
       120          4          0          0          0         92   dgeqf.o
       120          4          0          0          0         92   dleqf.o
       340         12          0          0          0        104   dmul.o
       156          4          0          0          0         92   dnaninf.o
        12          0          0          0          0         68   dretinf.o
       450          8          0          0          0        236   faddsub_clz.o
        12          4          0          0          0         68   fcheck1.o
        84          0          0          0          0        196   fcmp.o
        24          0          0          0          0         68   fcmpi.o
       388         76          0          0          0         96   fdiv.o
       104          4          0          0          0         84   feqf.o
        48          0          0          0          0         68   fflt_clz.o
       104          4          0          0          0         84   fgeqf.o
       104          4          0          0          0         84   fleqf.o
       258          4          0          0          0         84   fmul.o
       140          4          0          0          0         84   fnaninf.o
        10          0          0          0          0         68   fretinf.o
       100          0          0          0          0         68   retnan.o
        76          0          0          0          0         68   scalbnf.o
        48          0          0          0          0         68   trapv.o
         0          0          0          0          0          0   usenofp.o
       676         78          0          0          0        116   atan2f.o
        38          0          0          0          0         68   fpclassifyf.o
        14          0          0          0          0        136   funder.o

    ----------------------------------------------------------------------
      6708        440          0          0        324       4980   Library Totals
        18          0          0          0          0          0   (incl. Padding)

    ----------------------------------------------------------------------

      Code (inc. data)   RO Data    RW Data    ZI Data      Debug   Library Name

      1388         66          0          0        324       1760   c_w.l
      4574        296          0          0          0       2900   fz_ws.l
       728         78          0          0          0        320   m_ws.l

    ----------------------------------------------------------------------
      6708        440          0          0        324       4980   Library Totals

    ----------------------------------------------------------------------

==============================================================================


      Code (inc. data)   RO Data    RW Data    ZI Data      Debug   

     23996        586       2756        512       4816      98783   Grand Totals
     23996        586       2756        176       4816      98783   ELF Image Totals (compressed)
     23996        586       2756        176          0          0   ROM Totals

==============================================================================

    Total RO  Size (Code + RO Data)                26752 (  26.12kB)
    Total RW  Size (RW Data + ZI Data)              5328 (   5.20kB)
    Total ROM Size (Code + RO Data + RW Data)      26928 (  26.30kB)

==============================================================================

